npm warn Unknown env config "http-proxy". This will stop working in the next major version of npm.

> operation-ashen-road@0.2.0 test:browser
> playwright test tests/browser/m01-authority-pilot.spec.js --reporter=list,json

[WebServer] (node:36) Warning: The 'NO_COLOR' env is ignored due to the 'FORCE_COLOR' env being set.
[WebServer] (Use `node --trace-warnings ...` to show where the warning was created)
[WebServer] npm warn Unknown env config "http-proxy". This will stop working in the next major version of npm.
[WebServer] (node:49) Warning: The 'NO_COLOR' env is ignored due to the 'FORCE_COLOR' env being set.
[WebServer] (Use `node --trace-warnings ...` to show where the warning was created)

Running 2 tests using 1 worker

(node:83) Warning: The 'NO_COLOR' env is ignored due to the 'FORCE_COLOR' env being set.
(Use `node --trace-warnings ...` to show where the warning was created)
(node:83) Warning: The 'NO_COLOR' env is ignored due to the 'FORCE_COLOR' env being set.
(Use `node --trace-warnings ...` to show where the warning was created)
  ✘  1 tests/browser/m01-authority-pilot.spec.js:43:1 › real west-bank approach opens LOS, atomically leases the same four riflemen, pauses and returns (3.1m)
(node:174) Warning: The 'NO_COLOR' env is ignored due to the 'FORCE_COLOR' env being set.
(Use `node --trace-warnings ...` to show where the warning was created)
(node:174) Warning: The 'NO_COLOR' env is ignored due to the 'FORCE_COLOR' env being set.
(Use `node --trace-warnings ...` to show where the warning was created)
  ✓  2 tests/browser/m01-authority-pilot.spec.js:67:1 › active schema-2 lease restores exactly at LOW/MEDIUM/HIGH and Restart uses the previous checkpoint (13.9s)


  1) tests/browser/m01-authority-pilot.spec.js:43:1 › real west-bank approach opens LOS, atomically leases the same four riflemen, pauses and returns 

    [31mTest timeout of 180000ms exceeded.[39m

    Error: page.waitForFunction: Test timeout of 180000ms exceeded.

      29 |     document.dispatchEvent(new MouseEvent('mousemove',{movementX:x,movementY:0,bubbles:true}));
      30 |   },Math.atan2(Math.sin(angle-current),Math.cos(angle-current))/.0022);
    > 31 |   // MouseEvent movementX is an integer: permit one input quantum (0.0022 rad).
         |              ^
      32 |   await page.waitForFunction(a=>Math.abs(Math.atan2(Math.sin(window.gameDiagnostics().player.angle-a),Math.cos(window.gameDiagnostics().player.angle-a)))<.003,angle);
      33 | }
      34 | async function frozenContinue(page,button='#continue'){
        at face (/workspace/scratch/179e239c7f9f/COD-guerra/tests/browser/m01-authority-pilot.spec.js:31:14)
        at /workspace/scratch/179e239c7f9f/COD-guerra/tests/browser/m01-authority-pilot.spec.js:54:41

    Error Context: test-results/m01-authority-pilot-real-w-e000e-riflemen-pauses-and-returns/error-context.md

    attachment #3: trace (application/zip) ─────────────────────────────────────────────────────────
    test-results/m01-authority-pilot-real-w-e000e-riflemen-pauses-and-returns/trace.zip
    Usage:

        npx playwright show-trace test-results/m01-authority-pilot-real-w-e000e-riflemen-pauses-and-returns/trace.zip

    ────────────────────────────────────────────────────────────────────────────────────────────────

  1 failed
    tests/browser/m01-authority-pilot.spec.js:43:1 › real west-bank approach opens LOS, atomically leases the same four riflemen, pauses and returns 
  1 passed (3.5m)
