✔ real tick uses the fixed four anonymous actors and one active owner (31.55132ms)
✔ duplicate acquire and stale revision reject without state or actor publication (9.490831ms)
✔ member 3 preparation failure rolls back actors 1/2, RNG, clocks, generation and owner (7.796012ms)
✔ staging snapshot is unsafe; asynchronous materialization is rejected atomically (8.14637ms)
✖ return is complete and exact; malformed member 3 or missing members publish nothing (18.137055ms)
✔ stale fencing token and double release reject, including after reacquisition (15.07337ms)
✖ player rifle produces two actual deaths, 5→7 dead on exact return, with persistent IDs (67.004162ms)
✔ reserve 100→73 through individual reload/fire; loaded is not double-counted and return never refills (28.530107ms)
✔ whole sector resolver and shared aggregate RNG are frozen under individual ownership (100.710289ms)
✔ failed command after a staged RNG draw rolls back; duplicate event consumes no RNG (11.825172ms)
✔ return resets local motion/cadence boundary and never catches up a long lease (160.931151ms)
✔ hysteresis 149/151/148/152 acquires exactly once and only leaves above 170 (3.526138ms)
✔ pause advances no clock/RNG/band and performs no hidden transfer (9.230586ms)
✔ camera and render quality inputs do not change the authority future (293.482011ms)
✔ active-lease save/new simulation/restore/double restore keeps one owner and exact streams (31.248383ms)
✔ continuation retains old checkpoint; restart removes current lease and reacquires once (24.650368ms)
✔ legacy schema 2 without pilot field loads additively and preserves existing deaths/RNG (7.880767ms)
✔ corrupt pilot state rejects atomically and destination future remains unchanged (327.149577ms)
✔ PR37 methodology compares future ticks after active lease, reload/fire, release and reacquire (3754.121551ms)
ℹ tests 19
ℹ suites 0
ℹ pass 17
ℹ fail 2
ℹ cancelled 0
ℹ skipped 0
ℹ todo 0
ℹ duration_ms 5029.726367

✖ failing tests:

test at tests/m01-authority-runtime.test.js:41:1
✖ return is complete and exact; malformed member 3 or missing members publish nothing (18.137055ms)
  AssertionError [ERR_ASSERTION]: The input did not match the regular expression /complete roster|ammo conservation|altered return/. Input:
  
  'Error: M01 authority pilot: combat scalar'
  
      at unchanged (file:///workspace/scratch/179e239c7f9f/COD-guerra/tests/m01-authority-runtime.test.js:21:89)
      at TestContext.<anonymous> (file:///workspace/scratch/179e239c7f9f/COD-guerra/tests/m01-authority-runtime.test.js:43:54)
      at Test.runInAsyncScope (node:async_hooks:227:14)
      at Test.run (node:internal/test_runner/test:1382:25)
      at Test.processPendingSubtests (node:internal/test_runner/test:960:18)
      at Test.postRun (node:internal/test_runner/test:1522:19)
      at Test.run (node:internal/test_runner/test:1447:12)
      at async Test.processPendingSubtests (node:internal/test_runner/test:960:7) {
    generatedMessage: true,
    code: 'ERR_ASSERTION',
    actual: Error: M01 authority pilot: combat scalar
        at requirePilot (file:///workspace/scratch/179e239c7f9f/COD-guerra/src/game/m01-authority-coordinator.js:6:55)
        at validateCombat (file:///workspace/scratch/179e239c7f9f/COD-guerra/src/game/m01-authority-coordinator.js:25:3)
        at #release (file:///workspace/scratch/179e239c7f9f/COD-guerra/src/game/m01-authority-coordinator.js:116:108)
        at M01AuthorityCoordinator.release (file:///workspace/scratch/179e239c7f9f/COD-guerra/src/game/m01-authority-coordinator.js:122:131)
        at file:///workspace/scratch/179e239c7f9f/COD-guerra/tests/m01-authority-runtime.test.js:43:87
        at getActual (node:assert:611:5)
        at strict.throws (node:assert:759:24)
        at unchanged (file:///workspace/scratch/179e239c7f9f/COD-guerra/tests/m01-authority-runtime.test.js:21:89)
        at TestContext.<anonymous> (file:///workspace/scratch/179e239c7f9f/COD-guerra/tests/m01-authority-runtime.test.js:43:54)
        at Test.runInAsyncScope (node:async_hooks:227:14),
    expected: /complete roster|ammo conservation|altered return/,
    operator: 'throws',
    diff: 'simple'
  }

test at tests/m01-authority-runtime.test.js:52:1
✖ player rifle produces two actual deaths, 5→7 dead on exact return, with persistent IDs (67.004162ms)
  Error: M01 authority pilot: damage
      at requirePilot (file:///workspace/scratch/179e239c7f9f/COD-guerra/src/game/m01-authority-coordinator.js:6:55)
      at file:///workspace/scratch/179e239c7f9f/COD-guerra/src/game/m01-sector-runtime-adapter.js:104:9
      at M01AuthorityCoordinator.operate (file:///workspace/scratch/179e239c7f9f/COD-guerra/src/game/m01-authority-coordinator.js:140:126)
      at pilotOperation (file:///workspace/scratch/179e239c7f9f/COD-guerra/src/game/m01-sector-runtime-adapter.js:100:35)
      at M01Simulation.fire (file:///workspace/scratch/179e239c7f9f/COD-guerra/src/game/m01-simulation.js:605:24)
      at TestContext.<anonymous> (file:///workspace/scratch/179e239c7f9f/COD-guerra/tests/m01-authority-runtime.test.js:59:9)
      at Test.runInAsyncScope (node:async_hooks:227:14)
      at Test.run (node:internal/test_runner/test:1382:25)
      at Test.processPendingSubtests (node:internal/test_runner/test:960:18)
      at Test.postRun (node:internal/test_runner/test:1522:19)
