npm warn Unknown env config "http-proxy". This will stop working in the next major version of npm.

> operation-ashen-road@0.2.0 test
> node --test tests/*.test.js

✔ planar y becomes scene z; height is independent (10.649788ms)
✔ horizontal head shot hits, aiming above the head misses (1.176755ms)
✔ nearest wall shields an enemy; lowering the aim hits terrain (0.381432ms)
✔ wall around muzzle blocks a clear camera sightline (0.288115ms)
✔ enemy in cover cannot cause damage through a wall (1.229793ms)
✔ unreachable destination reports failure and does not move through walls (2.103902ms)
✔ wall shields blast damage but visible nearby actor takes damage (0.496993ms)
✔ JSON checkpoint restores actors, reload, grenade, phase, clock and RNG exactly (7.338007ms)
✔ corrupt and incompatible saves are rejected atomically (9.83722ms)
✔ death restores the last living checkpoint without reviving defeated enemies (5.845547ms)
✔ restored simulation reproduces future seeded decisions and events (283.549107ms)
✔ two independent sectors evolve for 90 seconds with stable losses and unique events (0.902441ms)
✔ partial fourth reinforcement group activates and visible candidates remain hidden (0.366531ms)
✔ zero time never advances reload or the battle (0.833729ms)
✔ weapon enforces cadence, ammo, and reload transfer (3.501511ms)
✔ world blocks walls and permits open cells (1.058361ms)
✔ navigation chooses a walkable next tile around cover (0.572124ms)
✔ mission advances through checkpoint, combat, and radio (1.101473ms)
✔ shot geometry detects targets on aim line (0.219284ms)
✔ 3D matrix composition preserves translation and scale (1.755347ms)
✔ weapon exposes a stable reload animation timeline (0.205923ms)
✔ enemy selects cover instead of charging directly at player (2.337275ms)
✔ grenade bounces on walls, warns AI, and applies radial damage (5.399609ms)
✔ battle director activates reinforcement groups without replacing individual AI (0.703877ms)
✔ text-only OBJ assets load with meshes, normals, and MTL colors (15.102751ms)
✔ pointer lock entry and resume ignore cursor warps while later mouse movement works (1.53301ms)
✔ Ju 87 clones use native LODs, share art, sample the saved clock and preserve the existing raid path (6.776529ms)
✔ missing optional Ju 87 art keeps the silhouettes; partial failure uses available detail and disposal prevents attachment (3.497386ms)
✔ real tick uses the fixed four anonymous actors and one active owner (42.919224ms)
✔ duplicate acquire and stale revision reject without state or actor publication (17.52356ms)
✔ member 3 preparation failure rolls back actors 1/2, RNG, clocks, generation and owner (8.827081ms)
✔ staging snapshot is unsafe; asynchronous materialization is rejected atomically (13.156543ms)
✔ return is complete and exact; malformed member 3 or missing members publish nothing (41.049588ms)
✔ stale fencing token and double release reject, including after reacquisition (24.512832ms)
✔ player rifle produces two actual deaths, 5→7 dead on exact return, with persistent IDs (937.289374ms)
✔ reserve 100→73 through individual reload/fire; loaded is not double-counted and return never refills (56.62726ms)
✔ whole sector resolver and shared aggregate RNG are frozen under individual ownership (218.14538ms)
✔ failed command after a staged RNG draw rolls back; duplicate event consumes no RNG (35.71142ms)
✔ return resets local motion/cadence boundary and never catches up a long lease (359.023388ms)
✔ hysteresis 149/151/148/152 acquires exactly once and only leaves above 170 (5.753ms)
✔ pause advances no clock/RNG/band and performs no hidden transfer (21.292306ms)
✔ camera and render quality inputs do not change the authority future (322.680607ms)
✔ active-lease save/new simulation/restore/double restore keeps one owner and exact streams (24.812935ms)
✔ continuation retains old checkpoint; restart removes current lease and reacquires once (22.758167ms)
✔ legacy schema 2 without pilot field loads additively and preserves existing deaths/RNG (6.869045ms)
✔ corrupt pilot state rejects atomically and destination future remains unchanged (417.930515ms)
✔ PR37 methodology compares future ticks after active lease, reload/fire, release and reacquire (4481.455433ms)
✔ nonwritable actor 3 is rejected before publishing actors 1/2 (4.092773ms)
✔ a second mutating resolver cannot spend the pilot sector RNG, while the legacy combat stream continues (124.089724ms)
✔ real individual tick reloads its NPC clip and continues identically after a mid-reload save (3433.537524ms)
✔ OUTRO freezes pilot combat/RNG/ammo while active mission playback continues (20951.566562ms)
✔ long future includes 8,000 paired ticks, variable dt/zero pause and two release/reentry windows (26868.456755ms)
✔ M01 GLBs keep nine spans, measured supports and map placement in every LOD (27.091323ms)
✔ M01 all LODs ship event-linked damage replacements with stable logical IDs (14.903248ms)
✔ M01 demolition IDs survive LOD changes and JSON restoration; colliders stay removed (61.983274ms)
✔ M01 road towers remain separate, measured and damage-linked in all LODs (15.293173ms)
✔ M01 binary exports contain finite positions and unit normals (107.412828ms)
✔ M01 manifest matches binary counts, current map hash and decreasing LOD budgets (7.270617ms)
✔ M01 historical uncertainty and modern geometry conflicts remain explicit (5.754853ms)
✔ all six GLBs have finite skin weights, valid joint indices, embedded textures and decreasing LOD budgets (212.46662ms)
✔ all twenty-five animation clips bind to real named bones, have monotonic times and finite transforms (60.055403ms)
✔ the original station drag loops on the existing rig with a locked source and finite transforms (16.620399ms)
✔ first-person geometry keeps actual GLB arm/hand surfaces and leaves the world uniform unchanged (54.197678ms)
✔ the actual reload rig keeps the open action, clip and hand in the first-person frustum on both usable LODs (144.412707ms)
✔ sampling real clock, changing LOD and restoring a copy preserves bone transforms and immutable data (14.292167ms)
✔ wounded attachment follows its carrier socket and detaches after delivery without changing simulation coordinates (8.345501ms)
✔ MakeHuman data licence is shipped exactly as locked at its source revision (3.433461ms)
✔ the station casualty remains grounded while the medic samples the backward drag and its fallback (9.885581ms)
✔ Kowal and healthy Bąk use their own meshes and muzzle sockets, preserve data and hide the casualty weapon (22.27897ms)
✔ riflemen finish the bolt after the flash; pinned engineers stop their working hands until the repair resumes (1.434274ms)
✔ schema 2 legacy 86 roster becomes 89 at the aligned post without changing old actors or RNG (32.510797ms)
✔ old 89-actor idle placement migrates once and snapshot restore is stable (25.534669ms)
✔ old 89-actor save immediately after east demolition keeps idle phase/start time while aligning the old post (16.773125ms)
✔ old 89-actor abandon placement shifts rigidly but preserves phase and startedAt exactly (16.032863ms)
✔ retreat saves are never translated, including an actor still on an old authored coordinate (7.950379ms)
✔ casualties stay casualties and post-west saves preserve their saved positions (18.944415ms)
✔ 86-actor saves after east or west demolition remain safe and do not restart abandon (19.647751ms)
✔ restore stays atomic when a legacy-position ckm save is invalid (5.351839ms)
✔ placement migration changes no non-ckm actor or unrelated saved state (5.76642ms)
✔ new ckm root puts gun_muzzle_flash on the mapped south embrasure x/z (2.29985ms)
✔ ckm crew is grounded below the deck, leaves after the real event and reaches safety before demolition (17033.945806ms)
✔ schema 2 accepts exact legacy rosters and migrates atomically without changing old actors or RNG (26654.670992ms)
✔ real ckm clips and weapon share saved time across pause, reload, casualties and optional fallback (122.656904ms)
✔ M01 ckm wz.30: metros, +Y, cano para −Z, 1,2 m ±2 %, hierarquia de pivôs e três LODs no orçamento (4.51857ms)
✔ M01 ckm wz.30: clips da arma animam os nós móveis; rajada de 8 a 600/min; alimentação puxa a ponta e arma duas vezes (9.439213ms)
✔ M01 ckm wz.30: clips ckm_wz30_* do atirador e do municiador ligam-se ao rig polaco, não repetem nomes e mostram uma só arma (43.136574ms)
✔ M01 ckm wz.30: LOD0 dentro dos 4000 triângulos sem mudar silhueta, pivôs, sockets, fita nem clips; LOD1, LOD2 e clips intactos (4.290945ms)
✔ the sappers walk to the second cut where the crate is delivered, so "leve a caixa aos sapadores" is true (16515.133757ms)
✔ Bąk takes the deck position with the 05:30 order and falls at bak_wound_point, in front of the player (6204.454631ms)
✔ a direction hint names the destination, distance and side when the player does not approach it (532.123833ms)
✔ once the repair gate is ready the rest of seg_repair runs at readyScale; before that it keeps scale (2.206874ms)
✔ the full control route still reaches the debrief with every required objective after the fixes (0.235106ms)
✔ the withdrawing east platoon runs past the firing point during the corridor phase and does not stall at x = -109 (8656.239186ms)
✔ a Bąk delivered by the player stays visible beside Dudek, who carries him west before the west demolition (2051.804507ms)
✔ when Dudek retrieves Bąk he walks to him on the deck and carries him to the station, visible all the way (2059.462307ms)
✔ the roll call positions the present section in the shelter facing Jan; the absent stay away (2149.752803ms)
✔ Kowal hands over at most six clips of section ammunition; saves keep the ammunition invariant (46.839327ms)
✔ legacy schema 2 saves receive the unused section supply and can resupply after loading (31.439853ms)
✔ the bridge trusses contain movement: no falling off a span sideways or into a blown gap; the river bank still can (14.503478ms)
✔ a Bąk delivered after the east demolition is still evacuated, so the west demolition is not held forever (2441.04978ms)
✔ real control routes compare covering and ignoring: faster repair, fewer near misses and more survivors with support (32854.595842ms)
✔ repair suppression requires a round that really arrives within 3 m; a solid wall shields the sappers (514.770835ms)
✔ inactive or suppressed Germans on the spans cause no withdrawal losses; looking away does not stop combat (2970.622329ms)
✔ casualty IDs and rounds in flight survive reload and checkpoint restore; invalid optional timers are rejected atomically (995.956223ms)
✔ legacy schema 2 saves migrate and the six reserve slots stay outside the eighteen-man platoon (141.573563ms)
✔ the air-raid cover instruction remains visible briefly even if the player was already in cover (19.99292ms)
✔ adjustment warning and HUD identify a real salvo; view direction changes the bearing without changing combat (6078.014364ms)
✔ a salvo from the dike behind the trusses identifies its actual origin, rather than the visible gate MG (6189.100887ms)
✔ an occluding wall prevents an adjustment warning and cover reservation, with a bounded retry (461.858503ms)
✔ saved origin restores as data, expires after eight active seconds, and invalid or legacy saves remain safe (132.022176ms)
✔ German fire starts on the east bank; only shooters in sight of the west bank (the Lisewo gates) aim at it (4187.931437ms)
✔ rounds that pass within 3 m pin the sappers and stop the repair; the HUD line is exactly the simulation state (3378.246614ms)
✔ keeping the gate MG down shortens the repair; ignoring it lets the sappers be pinned again and again (30325.140407ms)
✔ covering fire on the Germans on the spans saves men; without it the platoon falls to the predicted minimum (0.427841ms)
✔ historical times, checkpoints and demolition safety are unchanged in both routes (0.208167ms)
✔ rounds in flight survive save and restore and play out identically; corrupt rounds are rejected (3029.163761ms)
✔ after 120 s of continuous suppression the fire on the repair eases without warning until work resumes (4746.489821ms)
✔ the withdrawal HUD line reports the real count by ID and whether the Germans on the spans are suppressed (10034.350859ms)
✔ allies under fire are drawn hunched (pinned pose) only while suppressedUntil lasts, without touching the actor (1.072131ms)
✔ a designated withdrawal casualty needs an actual actor hit; a wall, a miss or an already dead target cannot lower the count (2.572653ms)
✔ demolition bearing follows the actual impact and player view without changing the event or camera (15494.294326ms)
✔ demolition cue restores from data, expires on active time, and distinguishes the west blast (455.454299ms)
✔ foreground trunks obstruct walking and shots; restoring destruction reconstructs the same static obstacles (5.624ms)
✔ M01 Ju 87 B-1: metres, nose to −Z, 11.10 × 13.80 m, stable nodes and three LODs within budget (4.141865ms)
✔ M01 Ju 87 B-1: propeller turns a full revolution about Z; dive brakes open 90° about their hinge (11.577746ms)
✔ M01 MG 34: metros, cano para −Z, 1,219 m ±2 %, peças móveis com pivô e três LODs no orçamento (3.893309ms)
✔ M01 MG 34: clips mg34_* ligam-se ao rig do soldado alemão e aos nós da arma; rajada de 7 a 800/min; recarga do tambor (11.06483ms)
✔ M01 MG 34 deitada: nomes novos, kit da MG 34 e soldados reutilizados sem alterações (hashes do manifesto) (28.800984ms)
✔ M01 MG 34 deitada: alvos do rig e da arma, valores finitos, quaternões unitários e durações (49.357795ms)
✔ M01 MG 34 deitada: rajada de 7 a 0,075 s, janela e cortes; bípode aberto/dobrado; recarga coordenada (2.552212ms)
✔ M01 MG 34 deitada: continuidade com mg34_aim do kit e entre clips deitados (84.469431ms)
✔ M01 MG 34 deitada: AnimationMixer do three.js — contactos, passagem do tambor e pausa/retoma no mesmo frame (100.251425ms)
✔ actual renderer samples enter, idle, burst and exit from simulation and matches its muzzle within 2 mm (425.995465ms)
✔ renderer save after 1 shots restores same frame and flash without replay or RNG draws (241.872389ms)
✔ renderer save after 4 shots restores same frame and flash without replay or RNG draws (224.75618ms)
✔ renderer save after 6 shots restores same frame and flash without replay or RNG draws (107.92161ms)
✔ missing prone GLB uses existing procedural batches without changing gameplay, hitboxes, save, RNG or real shots (268.337976ms)
✔ rendered death during enter has no residual prone frame, weapon, flash or loader (124.405124ms)
✔ rendered death during idle has no residual prone frame, weapon, flash or loader (116.159007ms)
✔ rendered death during fire_burst has no residual prone frame, weapon, flash or loader (119.742505ms)
✔ rendered death during exit has no residual prone frame, weapon, flash or loader (166.720073ms)
✔ actual muzzle effect after shot 1 has no extra flash in the .06/.075 gap or restore (26.473572ms)
✔ actual muzzle effect after shot 4 has no extra flash in the .06/.075 gap or restore (19.602085ms)
✔ actual muzzle effect after shot 6 has no extra flash in the .06/.075 gap or restore (19.112823ms)
✔ actual muzzle batches have no post-death flash during all four prone phases (9.404493ms)
✔ existing MG34 gunners enter for exactly 1.9 seconds; other actors have no new posture (17.824484ms)
✔ save and atomic restore preserve enter, idle, aim and exit and consume no RNG (181.747959ms)
✔ save after shot 1: resume without duplicate/lost rounds, events, frames or RNG (85.43258ms)
✔ save after shot 4: resume without duplicate/lost rounds, events, frames or RNG (62.187137ms)
✔ save after shot 6: resume without duplicate/lost rounds, events, frames or RNG (64.902087ms)
✔ 4, 5, 6 and 7 shots preserve the requested count and real .075 cadence (8.802285ms)
✔ pause leaves posture, progress, shot, pending burst, RNG and complete snapshot exactly stable (67.771703ms)
✔ ADVANCE exits prone, blocks firing, then remains standing (5.342466ms)
✔ RETREAT exits prone, blocks firing, then remains standing (1.501753ms)
✔ movement waits for exit; interrupted entry reverses its saved fractional progress (2.82188ms)
✔ suppression keeps the gunner low and cancels pending shots without cancelling those in flight (26.154623ms)
✔ death during enter immediately clears posture and future shots (13.054302ms)
✔ death during idle immediately clears posture and future shots (36.266929ms)
✔ death during fire_burst immediately clears posture and future shots (18.312623ms)
✔ death during exit immediately clears posture and future shots (18.448174ms)
✔ inactivity discards pending combat and never creates a loader association (3.390648ms)
✔ legacy missing prone data resumes safely with no marker; 86 roster/CKM migration stays unchanged (22.452105ms)
✔ invalid partial/impossible prone fields reject atomically without changing source or target (149.104196ms)
✔ movement and S3 station evacuation bodies remain byte-for-byte identical to the fixed base (14.290675ms)
✔ a nonlethal hit interrupts the remaining burst and stays low with a valid snapshot (4.995954ms)
✔ player fire observes the current transition progress within a real simulation tick (7.811144ms)
✔ save cannot remove or alter an emitted round still in flight (27.414681ms)
✔ OUTRO cancels pending rounds and blocks new MG bursts while preserving existing flight (0.94307ms)
✔ a target already reached never rewrites the state of a fixed prone burst (2.132995ms)
MG34 muzzle proof: 2496 comparisons, max=0.000038402 m, tolerance=0.002 m
✔ numeric muzzle proof against real attached soldier/weapon GLBs for all phases and four facings (438.35951ms)
✔ geometry table is derived reproducibly from the exact real GLBs, without a graphics or asset dependency in simulation (162.090704ms)
✔ head/torso/legs move along body axis facing=0 during prone and transitions (0.891755ms)
✔ head/torso/legs move along body axis facing=1.5707963267948966 during prone and transitions (0.338248ms)
✔ head/torso/legs move along body axis facing=3.141592653589793 during prone and transitions (0.368023ms)
✔ head/torso/legs move along body axis facing=-1.5707963267948966 during prone and transitions (0.252652ms)
✔ partial entry interruption reverses the actual enter clip continuously instead of jumping to an unrelated exit frame (0.86834ms)
✔ real rounds start at the rendered prone socket at each of seven scheduled shot instants (35.287109ms)
✔ pause keeps eye, hitboxes, muzzle and canonical clip frame exactly stable across all saved phases (4.673018ms)
✔ the real roll call seats only the present actors and keeps their positions and pose through save/reload (22797.767454ms)
✔ actual instance matrices lower seated/crouched heads, keep seated feet on the floor and render horizontal wounded/carried bodies without mutating data (24.767387ms)
✔ legacy actors without pose remain accepted and an unknown saved pose is rejected atomically (15.085486ms)
✔ distance removes face accessories while retaining the same head position, pose and immutable actor (6.855275ms)
✔ a shot shoulders the rifle, keeps both hands on it and attaches the flash to the barrel through yaw and recoil (3.108763ms)
✔ suppression lowers the upper body with feet planted and takes priority over a recent shot; seated, wounded and unarmed actors do not aim (3.267406ms)
✔ a real combat save reproduces the same animation matrices at the same clock after reload and walking lifts a foot without sinking either boot (3706.931916ms)
✔ M01 rkm wz.28: metres, barrel to −Z, 1.11 m ±2 %, movable parts and three LODs within budget (2.45605ms)
✔ M01 rkm wz.28: clips bind to the soldier skeleton; burst fires 3 rounds; rifle clip hidden (6.05749ms)
✔ the pure collision JSON remains reproducible from the checked GLB translations (158.994464ms)
✔ debug diagnostics return copies; editing a returned gate or failure cannot change live state (25.413842ms)
✔ wz.29 requires a bolt cycle; an empty magazine uses a clip of five, preserving ammunition (0.284329ms)
✔ wz.29 partial loading commits one round at a time and can be interrupted; in-progress saves resume it (0.4749ms)
✔ M01 complete control route reaches debrief, all required objectives, unique events and all four actual checkpoints (22055.433772ms)
✔ every M01 checkpoint restores exact actors, ammunition, RNG, dialogue, destruction and real clocks after death (62.022012ms)
✔ damaged bridge pieces and German casualties survive LOD changes and checkpoint restoration (13.552326ms)
✔ overdue events use >=; delayed events wait active seconds; pause freezes both clocks and weapon work (77.067439ms)
✔ a late message never rewinds battle time and every aerial impact stays at least thirty metres away (7.36792ms)
✔ west demolition waits inside the safety zone, then releases once the player and allies have left (144.520497ms)
✔ boundary warning precedes failure and its eight second timer resets when the player returns (25.173586ms)
✔ metre-space hitboxes, actual cover and bridge joints support shots and continuous travel (1.198677ms)
✔ corrupt M01 state is rejected atomically before an active scene, grenade or missing timer can crash the game (35.505105ms)
✔ outro calls Nowicki twice as distinct beats and consumes completion once, including skip after partial playback (366.314562ms)
✔ optional Bąk rescue cannot be taken away mid-carry; delivery chooses the player continuity branch (10.961608ms)
✔ all five sectors keep their schedule and stable casualties for ninety seconds while the player looks away (5593.770178ms)
✔ west hold timeout sends the sergeant to escort the player without demolition damage (4770.267907ms)
✔ grenade blast starts at its real height; solid cover shields a nearby actor and inactive actors stay unharmed (1.441675ms)
✔ first divergence diagnostic detects exact tick, field, missing key and event changes (33.646265ms)
✔ full route A/B with CP-A..D, events, RNG and long continuation: seed 19390901, support false (93858.671127ms)
✔ full route A/B with CP-A..D, events, RNG and long continuation: seed 7, support true (86877.069181ms)
✔ MG34 seven-shot burst after 1, actual tick pipeline plus grenade, rifle RNG and double load (561.964563ms)
✔ MG34 seven-shot burst after 4, actual tick pipeline plus grenade, rifle RNG and double load (556.892839ms)
✔ MG34 seven-shot burst after 6, actual tick pipeline plus grenade, rifle RNG and double load (595.437264ms)
✔ station grab: variable timestep, zero-dt pause, double save/load (3101.112894ms)
✔ station drag: variable timestep, zero-dt pause, double save/load (3674.404345ms)
✔ station release: variable timestep, zero-dt pause, double save/load (4742.441586ms)
✔ grenade bounce/fuse, rifle bolt and partial reload continue with exact RNG and events (684.702593ms)
✔ Bąk player carry/late delivery followed by Dudek evacuation and both demolitions (27348.293682ms)
✔ legacy 86/89 actors, missing optional fields and old CKM placement migrate once then have identical futures (1175.006774ms)
✔ legacy MG34 pre-created future rounds migrate without replay, then continue identically (821.156579ms)
✔ death between each real CP-A..D and the next CP preserves exact recovery and subsequent future (3529.721312ms)
✔ corrupt cross-system states reject atomically and leave the destination future unchanged (3717.088156ms)
✔ corrupt weapon method/profile, unsigned RNG and unknown phase reject before changing future gameplay (997.017142ms)
✔ OUTRO playback, skip, double load and completed no-op use the same dialogue/event future (5288.294228ms)
✔ save between checkpoints preserves the future respawn destination (51.855779ms)
✔ M01 soldiers: metres, −Z facing, 1.65–1.85 m and the full game skeleton in every LOD (29.046925ms)
✔ M01 soldiers: visible triangle budget, textures per LOD and togglable variants (6.479911ms)
✔ M01 soldiers: weapons keep documented length (wz.29 1.10, Kar98k ~1.11, wz.98a 1.25, rkm wz.28 1.11 m) with bolt and magazine bones (13.154199ms)
✔ M01 soldier animations bind by bone name and keep kb_wz29 timings (10.674605ms)
✔ the real station clips sample both roles from saved phase time, with pause, fresh renderer and LOD restore (5642.584279ms)
✔ the patient holds the actual final grab pose throughout the moving backward drag (1029.167853ms)
✔ a missing or incomplete optional transition pair falls back together and leaves evacuation success to simulation (16899.893654ms)
✔ M01 arrasto da estação: ficheiros novos, rig e clips reutilizados sem alterações (SHA-256 do manifesto) (25.249577ms)
✔ M01 arrasto da estação: alvos dos 61 ossos, valores finitos, quaternões unitários, relógio e eventos dos pares (157.552144ms)
✔ M01 arrasto da estação: extremos iguais às poses reais, percurso inverso e raiz sem deslocação (594.522617ms)
✔ M01 arrasto da estação: AnimationMixer do three.js — contactos, paciente de costas, corpos e pausa/retoma (253.233163ms)
✔ the fictional station casualty starts in the yard and the clock triggers his injury only once (3605.982606ms)
✔ the backward drag stays on the ground, completes outside the camera and returns Dudek to his post (5379.015806ms)
✔ changing the player look never changes the station evacuation or its delivery (8073.32759ms)
✔ a save during the drag restores the same actors, task and future positions with no scene objects (5364.299193ms)
✔ death or removal of a participant detaches the casualty instead of leaving an invalid or moving carrier reference (11101.151641ms)
✔ legacy schema 2 saves with an already consumed station event do not replay an injury (2803.350529ms)
✔ station care coexists with Bąk, all objectives, checkpoints and both historical demolitions on supported and ignored routes (24144.322215ms)
✔ grab and release last 1.6 mission seconds, hold both roots and deliver only after settling (3306.29788ms)
✔ schema 2 restores every station phase and its future clocks, actors and RNG exactly (9411.060701ms)
✔ all station phases interrupt on casualty/medic death, removal or reassignment without delivery (47090.237165ms)
✔ old schema 2 transit saves resume without a new grab and corrupt station phases are rejected atomically (2792.618254ms)
✔ actual MG34 rig cuts 4/5/6/7-round bursts at their saved duration, keeps one weapon and samples pause/restore without mutation (370.84433ms)
✔ two existing MG sources share art and retain independent rigs within the light budget; LOD, suppression, casualties and missing kit fall back (161.331777ms)
✔ 65 actual wagon models use LOD2 instances at 9.10 m with source pivots and shared art; partial/full failures preserve the whole consist (31.213149ms)
✔ disposing while optional wagon downloads are pending never attaches models to the old scene (1.685625ms)
✔ M01 declares the mission contract fields of Prompt §74 (1.795706ms)
✔ M01 IDs are unique across the mission and every reference resolves (5.44752ms)
✔ M01 keeps the documented chronology on the battle clock (2.058554ms)
✔ M01 equips only gear available on 1 September 1939 and never the forbidden weapons (0.352139ms)
✔ M01 keeps the mandatory lines of the master script verbatim (0.293263ms)
✔ M01 labels history and space only with the agreed vocabularies (0.723056ms)
✔ M01 checkpoints accumulate state and never save inside a demolition zone (0.533045ms)
✔ M01 runs at least two independent battle sectors on the clock (1.542493ms)
✔ M01 map geometry matches the documented bridges of 1939 and the measured piers (1.276812ms)
✔ M01 debrief keeps unconfirmed paragraphs disabled until their checks pass (1.04477ms)
✔ M01 vagões danificados: o kit intacto não foi alterado (sha256 registados no manifesto) (9.244046ms)
✔ M01 vagões danificados: metros, 9,10 m no LOD0, rodas no carril, pivôs do intacto e três LODs no orçamento (27.709415ms)
✔ M01 vagões danificados: sockets iguais aos do intacto, mais impact só no danificado (2.36077ms)
✔ M01 vagões danificados: wheels_roll igual ao intacto; doors_open só na porta esquerda do coberto danificado (2.093005ms)
✔ M01 vagões danificados: restos só visuais no nó debris, alterações registadas e sem efeitos próprios (1.634159ms)
✔ M01 vagões: metros, 9,10 m entre tampões no LOD0, rodas no carril, nós estáveis e três LODs no orçamento (6.907352ms)
✔ M01 vagões: rodados dão uma volta por segundo em X; portas do coberto correm 1,95 m em Z (2.641414ms)
ℹ tests 266
ℹ suites 0
ℹ pass 266
ℹ fail 0
ℹ cancelled 0
ℹ skipped 0
ℹ todo 0
ℹ duration_ms 275883.133884
