npm warn Unknown env config "http-proxy". This will stop working in the next major version of npm.

> operation-ashen-road@0.2.0 test
> node --test tests/*.test.js

✔ planar y becomes scene z; height is independent (2.407068ms)
✔ horizontal head shot hits, aiming above the head misses (4.563447ms)
✔ nearest wall shields an enemy; lowering the aim hits terrain (0.354532ms)
✔ wall around muzzle blocks a clear camera sightline (0.197681ms)
✔ enemy in cover cannot cause damage through a wall (2.439456ms)
✔ unreachable destination reports failure and does not move through walls (0.50198ms)
✔ wall shields blast damage but visible nearby actor takes damage (0.485155ms)
✔ JSON checkpoint restores actors, reload, grenade, phase, clock and RNG exactly (8.185547ms)
✔ corrupt and incompatible saves are rejected atomically (4.753677ms)
✔ death restores the last living checkpoint without reviving defeated enemies (6.934983ms)
✔ restored simulation reproduces future seeded decisions and events (315.896281ms)
✔ two independent sectors evolve for 90 seconds with stable losses and unique events (0.90202ms)
✔ partial fourth reinforcement group activates and visible candidates remain hidden (2.807539ms)
✔ zero time never advances reload or the battle (12.263969ms)
✔ weapon enforces cadence, ammo, and reload transfer (1.49235ms)
✔ world blocks walls and permits open cells (0.977922ms)
✔ navigation chooses a walkable next tile around cover (0.566915ms)
✔ mission advances through checkpoint, combat, and radio (1.189734ms)
✔ shot geometry detects targets on aim line (0.198913ms)
✔ 3D matrix composition preserves translation and scale (0.294014ms)
✔ weapon exposes a stable reload animation timeline (0.284199ms)
✔ enemy selects cover instead of charging directly at player (1.17346ms)
✔ grenade bounces on walls, warns AI, and applies radial damage (6.652597ms)
✔ battle director activates reinforcement groups without replacing individual AI (0.67152ms)
✔ text-only OBJ assets load with meshes, normals, and MTL colors (22.972845ms)
✔ pointer lock entry and resume ignore cursor warps while later mouse movement works (1.282931ms)
✔ Ju 87 clones use native LODs, share art, sample the saved clock and preserve the existing raid path (22.78634ms)
✔ missing optional Ju 87 art keeps the silhouettes; partial failure uses available detail and disposal prevents attachment (7.820018ms)
✔ real tick uses the fixed four anonymous actors and one active owner (58.419138ms)
✔ duplicate acquire and stale revision reject without state or actor publication (20.96108ms)
✔ member 3 preparation failure rolls back actors 1/2, RNG, clocks, generation and owner (11.96689ms)
✔ staging snapshot is unsafe; asynchronous materialization is rejected atomically (10.63002ms)
✔ return is complete and exact; malformed member 3 or missing members publish nothing (41.645701ms)
✔ stale fencing token and double release reject, including after reacquisition (27.394763ms)
✔ player rifle produces two actual deaths, 5→7 dead on exact return, with persistent IDs (882.942387ms)
✔ reserve 100→73 through individual reload/fire; loaded is not double-counted and return never refills (61.818482ms)
✔ whole sector resolver and shared aggregate RNG are frozen under individual ownership (193.886029ms)
✔ failed command after a staged RNG draw rolls back; duplicate event consumes no RNG (15.093316ms)
✔ return resets local motion/cadence boundary and never catches up a long lease (277.853558ms)
✔ hysteresis 149/151/148/152 acquires exactly once and only leaves above 170 (4.330704ms)
✔ pause advances no clock/RNG/band and performs no hidden transfer (11.26032ms)
✔ camera and render quality inputs do not change the authority future (672.81873ms)
✔ active-lease save/new simulation/restore/double restore keeps one owner and exact streams (68.063758ms)
✔ continuation retains old checkpoint; restart removes current lease and reacquires once (37.168744ms)
✔ legacy schema 2 without pilot field loads additively and preserves existing deaths/RNG (9.986512ms)
✔ corrupt pilot state rejects atomically and destination future remains unchanged (725.039648ms)
✔ PR37 methodology compares future ticks after active lease, reload/fire, release and reacquire (5463.265327ms)
✔ M01 GLBs keep nine spans, measured supports and map placement in every LOD (21.879894ms)
✔ M01 all LODs ship event-linked damage replacements with stable logical IDs (12.993554ms)
✔ M01 demolition IDs survive LOD changes and JSON restoration; colliders stay removed (67.086334ms)
✔ M01 road towers remain separate, measured and damage-linked in all LODs (7.423993ms)
✔ M01 binary exports contain finite positions and unit normals (137.747915ms)
✔ M01 manifest matches binary counts, current map hash and decreasing LOD budgets (7.50902ms)
✔ M01 historical uncertainty and modern geometry conflicts remain explicit (2.671648ms)
✔ all six GLBs have finite skin weights, valid joint indices, embedded textures and decreasing LOD budgets (167.169473ms)
✔ all twenty-five animation clips bind to real named bones, have monotonic times and finite transforms (52.38799ms)
✔ the original station drag loops on the existing rig with a locked source and finite transforms (16.859164ms)
✔ first-person geometry keeps actual GLB arm/hand surfaces and leaves the world uniform unchanged (149.375878ms)
✔ the actual reload rig keeps the open action, clip and hand in the first-person frustum on both usable LODs (117.778968ms)
✔ sampling real clock, changing LOD and restoring a copy preserves bone transforms and immutable data (7.220354ms)
✔ wounded attachment follows its carrier socket and detaches after delivery without changing simulation coordinates (4.368019ms)
✔ MakeHuman data licence is shipped exactly as locked at its source revision (0.80728ms)
✔ the station casualty remains grounded while the medic samples the backward drag and its fallback (6.971908ms)
✔ Kowal and healthy Bąk use their own meshes and muzzle sockets, preserve data and hide the casualty weapon (14.355012ms)
✔ riflemen finish the bolt after the flash; pinned engineers stop their working hands until the repair resumes (1.330892ms)
✔ schema 2 legacy 86 roster becomes 89 at the aligned post without changing old actors or RNG (20.984995ms)
✔ old 89-actor idle placement migrates once and snapshot restore is stable (15.243401ms)
✔ old 89-actor save immediately after east demolition keeps idle phase/start time while aligning the old post (22.377909ms)
✔ old 89-actor abandon placement shifts rigidly but preserves phase and startedAt exactly (12.094469ms)
✔ retreat saves are never translated, including an actor still on an old authored coordinate (8.50685ms)
✔ casualties stay casualties and post-west saves preserve their saved positions (20.134882ms)
✔ 86-actor saves after east or west demolition remain safe and do not restart abandon (20.15305ms)
✔ restore stays atomic when a legacy-position ckm save is invalid (5.040912ms)
✔ placement migration changes no non-ckm actor or unrelated saved state (5.280093ms)
✔ new ckm root puts gun_muzzle_flash on the mapped south embrasure x/z (2.457633ms)
✔ ckm crew is grounded below the deck, leaves after the real event and reaches safety before demolition (19872.645015ms)
✔ schema 2 accepts exact legacy rosters and migrates atomically without changing old actors or RNG (22469.751602ms)
✔ real ckm clips and weapon share saved time across pause, reload, casualties and optional fallback (115.727984ms)
✔ M01 ckm wz.30: metros, +Y, cano para −Z, 1,2 m ±2 %, hierarquia de pivôs e três LODs no orçamento (8.050058ms)
✔ M01 ckm wz.30: clips da arma animam os nós móveis; rajada de 8 a 600/min; alimentação puxa a ponta e arma duas vezes (4.516528ms)
✔ M01 ckm wz.30: clips ckm_wz30_* do atirador e do municiador ligam-se ao rig polaco, não repetem nomes e mostram uma só arma (57.408601ms)
✔ M01 ckm wz.30: LOD0 dentro dos 4000 triângulos sem mudar silhueta, pivôs, sockets, fita nem clips; LOD1, LOD2 e clips intactos (25.273708ms)
✔ the sappers walk to the second cut where the crate is delivered, so "leve a caixa aos sapadores" is true (27764.885151ms)
✔ Bąk takes the deck position with the 05:30 order and falls at bak_wound_point, in front of the player (5508.830695ms)
✔ a direction hint names the destination, distance and side when the player does not approach it (407.102997ms)
✔ once the repair gate is ready the rest of seg_repair runs at readyScale; before that it keeps scale (4.954001ms)
✔ the full control route still reaches the debrief with every required objective after the fixes (0.289338ms)
✔ the withdrawing east platoon runs past the firing point during the corridor phase and does not stall at x = -109 (10215.141624ms)
✔ a Bąk delivered by the player stays visible beside Dudek, who carries him west before the west demolition (2267.66257ms)
✔ when Dudek retrieves Bąk he walks to him on the deck and carries him to the station, visible all the way (2590.391544ms)
✔ the roll call positions the present section in the shelter facing Jan; the absent stay away (2687.886912ms)
✔ Kowal hands over at most six clips of section ammunition; saves keep the ammunition invariant (26.709635ms)
✔ legacy schema 2 saves receive the unused section supply and can resupply after loading (16.608473ms)
✔ the bridge trusses contain movement: no falling off a span sideways or into a blown gap; the river bank still can (6.081542ms)
✔ a Bąk delivered after the east demolition is still evacuated, so the west demolition is not held forever (2548.676849ms)
✔ real control routes compare covering and ignoring: faster repair, fewer near misses and more survivors with support (32889.26146ms)
✔ repair suppression requires a round that really arrives within 3 m; a solid wall shields the sappers (565.777482ms)
✔ inactive or suppressed Germans on the spans cause no withdrawal losses; looking away does not stop combat (3121.738524ms)
✔ casualty IDs and rounds in flight survive reload and checkpoint restore; invalid optional timers are rejected atomically (928.313935ms)
✔ legacy schema 2 saves migrate and the six reserve slots stay outside the eighteen-man platoon (167.460349ms)
✔ the air-raid cover instruction remains visible briefly even if the player was already in cover (25.094095ms)
✔ adjustment warning and HUD identify a real salvo; view direction changes the bearing without changing combat (8120.014598ms)
✔ a salvo from the dike behind the trusses identifies its actual origin, rather than the visible gate MG (8915.40605ms)
✔ an occluding wall prevents an adjustment warning and cover reservation, with a bounded retry (921.378646ms)
✔ saved origin restores as data, expires after eight active seconds, and invalid or legacy saves remain safe (164.129268ms)
✔ German fire starts on the east bank; only shooters in sight of the west bank (the Lisewo gates) aim at it (7115.231579ms)
✔ rounds that pass within 3 m pin the sappers and stop the repair; the HUD line is exactly the simulation state (6216.145849ms)
✔ keeping the gate MG down shortens the repair; ignoring it lets the sappers be pinned again and again (35015.996509ms)
✔ covering fire on the Germans on the spans saves men; without it the platoon falls to the predicted minimum (0.462012ms)
✔ historical times, checkpoints and demolition safety are unchanged in both routes (0.22318ms)
✖ rounds in flight survive save and restore and play out identically; corrupt rounds are rejected (3119.271147ms)
✔ after 120 s of continuous suppression the fire on the repair eases without warning until work resumes (4569.137076ms)
✔ the withdrawal HUD line reports the real count by ID and whether the Germans on the spans are suppressed (13002.916195ms)
✔ allies under fire are drawn hunched (pinned pose) only while suppressedUntil lasts, without touching the actor (1.21386ms)
✔ a designated withdrawal casualty needs an actual actor hit; a wall, a miss or an already dead target cannot lower the count (1.420104ms)
✔ demolition bearing follows the actual impact and player view without changing the event or camera (17539.36023ms)
✔ demolition cue restores from data, expires on active time, and distinguishes the west blast (499.829279ms)
✔ foreground trunks obstruct walking and shots; restoring destruction reconstructs the same static obstacles (6.894845ms)
✔ M01 Ju 87 B-1: metres, nose to −Z, 11.10 × 13.80 m, stable nodes and three LODs within budget (1.990605ms)
✔ M01 Ju 87 B-1: propeller turns a full revolution about Z; dive brakes open 90° about their hinge (4.915897ms)
✔ M01 MG 34: metros, cano para −Z, 1,219 m ±2 %, peças móveis com pivô e três LODs no orçamento (3.243381ms)
✔ M01 MG 34: clips mg34_* ligam-se ao rig do soldado alemão e aos nós da arma; rajada de 7 a 800/min; recarga do tambor (9.380528ms)
✔ M01 MG 34 deitada: nomes novos, kit da MG 34 e soldados reutilizados sem alterações (hashes do manifesto) (11.575195ms)
✔ M01 MG 34 deitada: alvos do rig e da arma, valores finitos, quaternões unitários e durações (36.349357ms)
✔ M01 MG 34 deitada: rajada de 7 a 0,075 s, janela e cortes; bípode aberto/dobrado; recarga coordenada (2.110581ms)
✔ M01 MG 34 deitada: continuidade com mg34_aim do kit e entre clips deitados (69.228348ms)
✔ M01 MG 34 deitada: AnimationMixer do three.js — contactos, passagem do tambor e pausa/retoma no mesmo frame (73.716865ms)
✔ actual renderer samples enter, idle, burst and exit from simulation and matches its muzzle within 2 mm (190.77849ms)
✔ renderer save after 1 shots restores same frame and flash without replay or RNG draws (177.051444ms)
✔ renderer save after 4 shots restores same frame and flash without replay or RNG draws (113.392986ms)
✔ renderer save after 6 shots restores same frame and flash without replay or RNG draws (106.926984ms)
✔ missing prone GLB uses existing procedural batches without changing gameplay, hitboxes, save, RNG or real shots (171.094752ms)
✔ rendered death during enter has no residual prone frame, weapon, flash or loader (61.953243ms)
✔ rendered death during idle has no residual prone frame, weapon, flash or loader (105.712104ms)
✔ rendered death during fire_burst has no residual prone frame, weapon, flash or loader (69.064917ms)
✔ rendered death during exit has no residual prone frame, weapon, flash or loader (140.585945ms)
✔ actual muzzle effect after shot 1 has no extra flash in the .06/.075 gap or restore (25.35571ms)
✔ actual muzzle effect after shot 4 has no extra flash in the .06/.075 gap or restore (18.033055ms)
✔ actual muzzle effect after shot 6 has no extra flash in the .06/.075 gap or restore (16.907686ms)
✔ actual muzzle batches have no post-death flash during all four prone phases (18.452303ms)
✔ existing MG34 gunners enter for exactly 1.9 seconds; other actors have no new posture (14.227324ms)
✔ save and atomic restore preserve enter, idle, aim and exit and consume no RNG (111.280472ms)
✔ save after shot 1: resume without duplicate/lost rounds, events, frames or RNG (41.529383ms)
✔ save after shot 4: resume without duplicate/lost rounds, events, frames or RNG (20.508925ms)
✔ save after shot 6: resume without duplicate/lost rounds, events, frames or RNG (18.062068ms)
✔ 4, 5, 6 and 7 shots preserve the requested count and real .075 cadence (8.420914ms)
✔ pause leaves posture, progress, shot, pending burst, RNG and complete snapshot exactly stable (32.794216ms)
✔ ADVANCE exits prone, blocks firing, then remains standing (1.073924ms)
✔ RETREAT exits prone, blocks firing, then remains standing (11.913038ms)
✔ movement waits for exit; interrupted entry reverses its saved fractional progress (9.734691ms)
✔ suppression keeps the gunner low and cancels pending shots without cancelling those in flight (12.322936ms)
✔ death during enter immediately clears posture and future shots (10.809075ms)
✔ death during idle immediately clears posture and future shots (14.408752ms)
✔ death during fire_burst immediately clears posture and future shots (10.252595ms)
✔ death during exit immediately clears posture and future shots (20.851189ms)
✔ inactivity discards pending combat and never creates a loader association (1.631035ms)
✔ legacy missing prone data resumes safely with no marker; 86 roster/CKM migration stays unchanged (33.587155ms)
✔ invalid partial/impossible prone fields reject atomically without changing source or target (118.592942ms)
✔ movement and S3 station evacuation bodies remain byte-for-byte identical to the fixed base (7.876913ms)
✔ a nonlethal hit interrupts the remaining burst and stays low with a valid snapshot (3.431028ms)
✔ player fire observes the current transition progress within a real simulation tick (18.311435ms)
✔ save cannot remove or alter an emitted round still in flight (16.306199ms)
✔ OUTRO cancels pending rounds and blocks new MG bursts while preserving existing flight (1.781016ms)
✔ a target already reached never rewrites the state of a fixed prone burst (4.528807ms)
MG34 muzzle proof: 2496 comparisons, max=0.000038402 m, tolerance=0.002 m
✔ numeric muzzle proof against real attached soldier/weapon GLBs for all phases and four facings (298.966543ms)
✔ geometry table is derived reproducibly from the exact real GLBs, without a graphics or asset dependency in simulation (247.599271ms)
✔ head/torso/legs move along body axis facing=0 during prone and transitions (10.804078ms)
✔ head/torso/legs move along body axis facing=1.5707963267948966 during prone and transitions (0.394532ms)
✔ head/torso/legs move along body axis facing=3.141592653589793 during prone and transitions (0.330747ms)
✔ head/torso/legs move along body axis facing=-1.5707963267948966 during prone and transitions (0.204822ms)
✔ partial entry interruption reverses the actual enter clip continuously instead of jumping to an unrelated exit frame (1.117948ms)
✔ real rounds start at the rendered prone socket at each of seven scheduled shot instants (82.90162ms)
✔ pause keeps eye, hitboxes, muzzle and canonical clip frame exactly stable across all saved phases (8.463037ms)
✔ the real roll call seats only the present actors and keeps their positions and pose through save/reload (17562.41417ms)
✔ actual instance matrices lower seated/crouched heads, keep seated feet on the floor and render horizontal wounded/carried bodies without mutating data (32.172179ms)
✔ legacy actors without pose remain accepted and an unknown saved pose is rejected atomically (25.252719ms)
✔ distance removes face accessories while retaining the same head position, pose and immutable actor (6.299718ms)
✔ a shot shoulders the rifle, keeps both hands on it and attaches the flash to the barrel through yaw and recoil (8.291023ms)
✔ suppression lowers the upper body with feet planted and takes priority over a recent shot; seated, wounded and unarmed actors do not aim (3.579377ms)
✔ a real combat save reproduces the same animation matrices at the same clock after reload and walking lifts a foot without sinking either boot (2590.992751ms)
✔ M01 rkm wz.28: metres, barrel to −Z, 1.11 m ±2 %, movable parts and three LODs within budget (1.708239ms)
✔ M01 rkm wz.28: clips bind to the soldier skeleton; burst fires 3 rounds; rifle clip hidden (2.823674ms)
✔ the pure collision JSON remains reproducible from the checked GLB translations (162.411645ms)
✔ debug diagnostics return copies; editing a returned gate or failure cannot change live state (40.652276ms)
✔ wz.29 requires a bolt cycle; an empty magazine uses a clip of five, preserving ammunition (0.297859ms)
✔ wz.29 partial loading commits one round at a time and can be interrupted; in-progress saves resume it (0.222728ms)
✔ M01 complete control route reaches debrief, all required objectives, unique events and all four actual checkpoints (23418.442077ms)
✔ every M01 checkpoint restores exact actors, ammunition, RNG, dialogue, destruction and real clocks after death (57.3452ms)
✔ damaged bridge pieces and German casualties survive LOD changes and checkpoint restoration (18.510533ms)
✔ overdue events use >=; delayed events wait active seconds; pause freezes both clocks and weapon work (81.043089ms)
✔ a late message never rewinds battle time and every aerial impact stays at least thirty metres away (14.536131ms)
✔ west demolition waits inside the safety zone, then releases once the player and allies have left (101.655098ms)
✔ boundary warning precedes failure and its eight second timer resets when the player returns (2.47678ms)
✔ metre-space hitboxes, actual cover and bridge joints support shots and continuous travel (3.076095ms)
✔ corrupt M01 state is rejected atomically before an active scene, grenade or missing timer can crash the game (27.466567ms)
✔ outro calls Nowicki twice as distinct beats and consumes completion once, including skip after partial playback (280.102874ms)
✔ optional Bąk rescue cannot be taken away mid-carry; delivery chooses the player continuity branch (2.992492ms)
✔ all five sectors keep their schedule and stable casualties for ninety seconds while the player looks away (4490.463966ms)
✔ west hold timeout sends the sergeant to escort the player without demolition damage (5102.454515ms)
✔ grenade blast starts at its real height; solid cover shields a nearby actor and inactive actors stay unharmed (1.509698ms)
✔ first divergence diagnostic detects exact tick, field, missing key and event changes (69.91483ms)
✔ full route A/B with CP-A..D, events, RNG and long continuation: seed 19390901, support false (98387.815075ms)
✔ full route A/B with CP-A..D, events, RNG and long continuation: seed 7, support true (82172.488344ms)
✔ MG34 seven-shot burst after 1, actual tick pipeline plus grenade, rifle RNG and double load (731.761856ms)
✔ MG34 seven-shot burst after 4, actual tick pipeline plus grenade, rifle RNG and double load (735.442786ms)
✔ MG34 seven-shot burst after 6, actual tick pipeline plus grenade, rifle RNG and double load (887.256352ms)
✔ station grab: variable timestep, zero-dt pause, double save/load (3996.863264ms)
✔ station drag: variable timestep, zero-dt pause, double save/load (3477.448732ms)
✔ station release: variable timestep, zero-dt pause, double save/load (4512.768818ms)
✔ grenade bounce/fuse, rifle bolt and partial reload continue with exact RNG and events (603.76104ms)
✔ Bąk player carry/late delivery followed by Dudek evacuation and both demolitions (26477.565058ms)
✔ legacy 86/89 actors, missing optional fields and old CKM placement migrate once then have identical futures (1099.510875ms)
✔ legacy MG34 pre-created future rounds migrate without replay, then continue identically (631.303232ms)
✔ death between each real CP-A..D and the next CP preserves exact recovery and subsequent future (3516.549028ms)
✔ corrupt cross-system states reject atomically and leave the destination future unchanged (3699.822897ms)
✔ corrupt weapon method/profile, unsigned RNG and unknown phase reject before changing future gameplay (830.26221ms)
✔ OUTRO playback, skip, double load and completed no-op use the same dialogue/event future (4081.653754ms)
✔ save between checkpoints preserves the future respawn destination (43.153712ms)
✔ M01 soldiers: metres, −Z facing, 1.65–1.85 m and the full game skeleton in every LOD (6.39474ms)
✔ M01 soldiers: visible triangle budget, textures per LOD and togglable variants (4.60113ms)
✔ M01 soldiers: weapons keep documented length (wz.29 1.10, Kar98k ~1.11, wz.98a 1.25, rkm wz.28 1.11 m) with bolt and magazine bones (11.458934ms)
✔ M01 soldier animations bind by bone name and keep kb_wz29 timings (13.922335ms)
✔ the real station clips sample both roles from saved phase time, with pause, fresh renderer and LOD restore (4431.076424ms)
✔ the patient holds the actual final grab pose throughout the moving backward drag (1260.297864ms)
✔ a missing or incomplete optional transition pair falls back together and leaves evacuation success to simulation (21786.648933ms)
✔ M01 arrasto da estação: ficheiros novos, rig e clips reutilizados sem alterações (SHA-256 do manifesto) (13.318495ms)
✔ M01 arrasto da estação: alvos dos 61 ossos, valores finitos, quaternões unitários, relógio e eventos dos pares (101.385017ms)
✔ M01 arrasto da estação: extremos iguais às poses reais, percurso inverso e raiz sem deslocação (494.378962ms)
✔ M01 arrasto da estação: AnimationMixer do three.js — contactos, paciente de costas, corpos e pausa/retoma (247.899988ms)
✔ the fictional station casualty starts in the yard and the clock triggers his injury only once (5118.489194ms)
✔ the backward drag stays on the ground, completes outside the camera and returns Dudek to his post (6902.973699ms)
✔ changing the player look never changes the station evacuation or its delivery (9541.274614ms)
✔ a save during the drag restores the same actors, task and future positions with no scene objects (5789.132084ms)
✔ death or removal of a participant detaches the casualty instead of leaving an invalid or moving carrier reference (11293.096404ms)
✔ legacy schema 2 saves with an already consumed station event do not replay an injury (2554.185891ms)
✔ station care coexists with Bąk, all objectives, checkpoints and both historical demolitions on supported and ignored routes (22704.015181ms)
✔ grab and release last 1.6 mission seconds, hold both roots and deliver only after settling (3315.929947ms)
✔ schema 2 restores every station phase and its future clocks, actors and RNG exactly (8929.62196ms)
✔ all station phases interrupt on casualty/medic death, removal or reassignment without delivery (46875.091376ms)
✔ old schema 2 transit saves resume without a new grab and corrupt station phases are rejected atomically (3452.863066ms)
✔ actual MG34 rig cuts 4/5/6/7-round bursts at their saved duration, keeps one weapon and samples pause/restore without mutation (586.511123ms)
✔ two existing MG sources share art and retain independent rigs within the light budget; LOD, suppression, casualties and missing kit fall back (293.488333ms)
✔ 65 actual wagon models use LOD2 instances at 9.10 m with source pivots and shared art; partial/full failures preserve the whole consist (33.266087ms)
✔ disposing while optional wagon downloads are pending never attaches models to the old scene (0.72445ms)
✔ M01 declares the mission contract fields of Prompt §74 (1.078374ms)
✔ M01 IDs are unique across the mission and every reference resolves (6.834289ms)
✔ M01 keeps the documented chronology on the battle clock (3.24841ms)
✔ M01 equips only gear available on 1 September 1939 and never the forbidden weapons (0.278221ms)
✔ M01 keeps the mandatory lines of the master script verbatim (0.168148ms)
✔ M01 labels history and space only with the agreed vocabularies (3.42392ms)
✔ M01 checkpoints accumulate state and never save inside a demolition zone (0.390947ms)
✔ M01 runs at least two independent battle sectors on the clock (0.309308ms)
✔ M01 map geometry matches the documented bridges of 1939 and the measured piers (1.660213ms)
✔ M01 debrief keeps unconfirmed paragraphs disabled until their checks pass (0.834303ms)
✔ M01 vagões danificados: o kit intacto não foi alterado (sha256 registados no manifesto) (26.954557ms)
✔ M01 vagões danificados: metros, 9,10 m no LOD0, rodas no carril, pivôs do intacto e três LODs no orçamento (91.667569ms)
✔ M01 vagões danificados: sockets iguais aos do intacto, mais impact só no danificado (2.013115ms)
✔ M01 vagões danificados: wheels_roll igual ao intacto; doors_open só na porta esquerda do coberto danificado (4.701978ms)
✔ M01 vagões danificados: restos só visuais no nó debris, alterações registadas e sem efeitos próprios (1.007199ms)
✔ M01 vagões: metros, 9,10 m entre tampões no LOD0, rodas no carril, nós estáveis e três LODs no orçamento (3.775998ms)
✔ M01 vagões: rodados dão uma volta por segundo em X; portas do coberto correm 1,95 m em Z (10.502846ms)
ℹ tests 261
ℹ suites 0
ℹ pass 260
ℹ fail 1
ℹ cancelled 0
ℹ skipped 0
ℹ todo 0
ℹ duration_ms 255206.634363

✖ failing tests:

test at tests/m01-cover-threat.test.js:89:1
✖ rounds in flight survive save and restore and play out identically; corrupt rounds are rejected (3119.271147ms)
  AssertionError [ERR_ASSERTION]: Expected values to be strictly equal:
  
  false !== true
  
      at TestContext.<anonymous> (file:///workspace/scratch/179e239c7f9f/COD-guerra/tests/m01-cover-threat.test.js:99:64)
      at Test.runInAsyncScope (node:async_hooks:227:14)
      at Test.run (node:internal/test_runner/test:1382:25)
      at Test.processPendingSubtests (node:internal/test_runner/test:960:18)
      at Test.postRun (node:internal/test_runner/test:1522:19)
      at Test.run (node:internal/test_runner/test:1447:12)
      at async Test.processPendingSubtests (node:internal/test_runner/test:960:7) {
    generatedMessage: true,
    code: 'ERR_ASSERTION',
    actual: false,
    expected: true,
    operator: 'strictEqual',
    diff: 'simple'
  }
