npm warn Unknown env config "http-proxy". This will stop working in the next major version of npm.

> operation-ashen-road@0.2.0 test
> node --test tests/*.test.js

✔ planar y becomes scene z; height is independent (2.248613ms)
✔ horizontal head shot hits, aiming above the head misses (1.057789ms)
✔ nearest wall shields an enemy; lowering the aim hits terrain (0.382864ms)
✔ wall around muzzle blocks a clear camera sightline (0.180235ms)
✔ enemy in cover cannot cause damage through a wall (1.331142ms)
✔ unreachable destination reports failure and does not move through walls (0.299081ms)
✔ wall shields blast damage but visible nearby actor takes damage (1.256732ms)
✔ JSON checkpoint restores actors, reload, grenade, phase, clock and RNG exactly (6.512766ms)
✔ corrupt and incompatible saves are rejected atomically (2.22652ms)
✔ death restores the last living checkpoint without reviving defeated enemies (6.021783ms)
✔ restored simulation reproduces future seeded decisions and events (269.190366ms)
✔ two independent sectors evolve for 90 seconds with stable losses and unique events (0.846588ms)
✔ partial fourth reinforcement group activates and visible candidates remain hidden (0.369154ms)
✔ zero time never advances reload or the battle (0.854389ms)
✔ weapon enforces cadence, ammo, and reload transfer (1.414284ms)
✔ world blocks walls and permits open cells (1.144947ms)
✔ navigation chooses a walkable next tile around cover (0.665901ms)
✔ mission advances through checkpoint, combat, and radio (0.362795ms)
✔ shot geometry detects targets on aim line (0.269907ms)
✔ 3D matrix composition preserves translation and scale (0.513927ms)
✔ weapon exposes a stable reload animation timeline (0.419688ms)
✔ enemy selects cover instead of charging directly at player (2.822599ms)
✔ grenade bounces on walls, warns AI, and applies radial damage (4.660527ms)
✔ battle director activates reinforcement groups without replacing individual AI (0.501078ms)
✔ text-only OBJ assets load with meshes, normals, and MTL colors (17.699239ms)
✔ pointer lock entry and resume ignore cursor warps while later mouse movement works (2.235394ms)
✔ Ju 87 clones use native LODs, share art, sample the saved clock and preserve the existing raid path (20.113486ms)
✔ missing optional Ju 87 art keeps the silhouettes; partial failure uses available detail and disposal prevents attachment (2.883729ms)
✔ real tick uses the fixed four anonymous actors and one active owner (63.135115ms)
✔ duplicate acquire and stale revision reject without state or actor publication (32.172544ms)
✔ member 3 preparation failure rolls back actors 1/2, RNG, clocks, generation and owner (24.291833ms)
✔ staging snapshot is unsafe; asynchronous materialization is rejected atomically (27.464818ms)
✔ return is complete and exact; malformed member 3 or missing members publish nothing (56.564964ms)
✔ stale fencing token and double release reject, including after reacquisition (81.094198ms)
✔ player rifle produces two actual deaths, 5→7 dead on exact return, with persistent IDs (1128.732209ms)
✔ reserve 100→73 through individual reload/fire; loaded is not double-counted and return never refills (47.838908ms)
✔ whole sector resolver and shared aggregate RNG are frozen under individual ownership (161.52604ms)
✔ failed command after a staged RNG draw rolls back; duplicate event consumes no RNG (22.147313ms)
✔ return resets local motion/cadence boundary and never catches up a long lease (185.241727ms)
✔ hysteresis 149/151/148/152 acquires exactly once and only leaves above 170 (17.724586ms)
✔ pause advances no clock/RNG/band and performs no hidden transfer (12.153718ms)
✔ camera and render quality inputs do not change the authority future (438.937183ms)
✔ active-lease save/new simulation/restore/double restore keeps one owner and exact streams (64.765428ms)
✔ continuation retains old checkpoint; restart removes current lease and reacquires once (19.965288ms)
✔ legacy schema 2 without pilot field loads additively and preserves existing deaths/RNG (6.156451ms)
✔ corrupt pilot state rejects atomically and destination future remains unchanged (354.675803ms)
✔ PR37 methodology compares future ticks after active lease, reload/fire, release and reacquire (4501.888962ms)
✔ nonwritable actor 3 is rejected before publishing actors 1/2 (4.042167ms)
✔ a second mutating resolver cannot spend the pilot sector RNG, while the legacy combat stream continues (143.291035ms)
✔ real individual tick reloads its NPC clip and continues identically after a mid-reload save (4214.808845ms)
✔ OUTRO freezes pilot combat/RNG/ammo while active mission playback continues (17681.167398ms)
✔ long future includes 8,000 paired ticks, variable dt/zero pause and two release/reentry windows (27407.268818ms)
✔ M01 GLBs keep nine spans, measured supports and map placement in every LOD (14.102078ms)
✔ M01 all LODs ship event-linked damage replacements with stable logical IDs (10.389468ms)
✔ M01 demolition IDs survive LOD changes and JSON restoration; colliders stay removed (74.149665ms)
✔ M01 road towers remain separate, measured and damage-linked in all LODs (14.891532ms)
✔ M01 binary exports contain finite positions and unit normals (116.904271ms)
✔ M01 manifest matches binary counts, current map hash and decreasing LOD budgets (10.305495ms)
✔ M01 historical uncertainty and modern geometry conflicts remain explicit (3.044936ms)
✔ all six GLBs have finite skin weights, valid joint indices, embedded textures and decreasing LOD budgets (132.775456ms)
✔ all twenty-five animation clips bind to real named bones, have monotonic times and finite transforms (22.737232ms)
✔ the original station drag loops on the existing rig with a locked source and finite transforms (7.970094ms)
✔ first-person geometry keeps actual GLB arm/hand surfaces and leaves the world uniform unchanged (46.729499ms)
✔ the actual reload rig keeps the open action, clip and hand in the first-person frustum on both usable LODs (130.740047ms)
✔ sampling real clock, changing LOD and restoring a copy preserves bone transforms and immutable data (9.887108ms)
✔ wounded attachment follows its carrier socket and detaches after delivery without changing simulation coordinates (5.328732ms)
✔ MakeHuman data licence is shipped exactly as locked at its source revision (0.919925ms)
✔ the station casualty remains grounded while the medic samples the backward drag and its fallback (3.109141ms)
✔ Kowal and healthy Bąk use their own meshes and muzzle sockets, preserve data and hide the casualty weapon (9.028623ms)
✔ riflemen finish the bolt after the flash; pinned engineers stop their working hands until the repair resumes (1.666906ms)
✔ schema 2 legacy 86 roster becomes 89 at the aligned post without changing old actors or RNG (18.213346ms)
✔ old 89-actor idle placement migrates once and snapshot restore is stable (21.85318ms)
✔ old 89-actor save immediately after east demolition keeps idle phase/start time while aligning the old post (28.163006ms)
✔ old 89-actor abandon placement shifts rigidly but preserves phase and startedAt exactly (38.221787ms)
✔ retreat saves are never translated, including an actor still on an old authored coordinate (14.066266ms)
✔ casualties stay casualties and post-west saves preserve their saved positions (36.131367ms)
✔ 86-actor saves after east or west demolition remain safe and do not restart abandon (32.191021ms)
✔ restore stays atomic when a legacy-position ckm save is invalid (5.630756ms)
✔ placement migration changes no non-ckm actor or unrelated saved state (7.915252ms)
✔ new ckm root puts gun_muzzle_flash on the mapped south embrasure x/z (1.061394ms)
✔ ckm crew is grounded below the deck, leaves after the real event and reaches safety before demolition (17456.801523ms)
✔ schema 2 accepts exact legacy rosters and migrates atomically without changing old actors or RNG (22930.612106ms)
✔ real ckm clips and weapon share saved time across pause, reload, casualties and optional fallback (126.714277ms)
✔ M01 ckm wz.30: metros, +Y, cano para −Z, 1,2 m ±2 %, hierarquia de pivôs e três LODs no orçamento (6.202799ms)
✔ M01 ckm wz.30: clips da arma animam os nós móveis; rajada de 8 a 600/min; alimentação puxa a ponta e arma duas vezes (12.862081ms)
✔ M01 ckm wz.30: clips ckm_wz30_* do atirador e do municiador ligam-se ao rig polaco, não repetem nomes e mostram uma só arma (42.875735ms)
✔ M01 ckm wz.30: LOD0 dentro dos 4000 triângulos sem mudar silhueta, pivôs, sockets, fita nem clips; LOD1, LOD2 e clips intactos (10.754717ms)
✔ the sappers walk to the second cut where the crate is delivered, so "leve a caixa aos sapadores" is true (17314.977012ms)
✔ Bąk takes the deck position with the 05:30 order and falls at bak_wound_point, in front of the player (6003.867684ms)
✔ a direction hint names the destination, distance and side when the player does not approach it (502.327541ms)
✔ once the repair gate is ready the rest of seg_repair runs at readyScale; before that it keeps scale (2.552882ms)
✔ the full control route still reaches the debrief with every required objective after the fixes (0.201317ms)
✔ the withdrawing east platoon runs past the firing point during the corridor phase and does not stall at x = -109 (8978.83592ms)
✔ a Bąk delivered by the player stays visible beside Dudek, who carries him west before the west demolition (2165.62625ms)
✔ when Dudek retrieves Bąk he walks to him on the deck and carries him to the station, visible all the way (2596.469368ms)
✔ the roll call positions the present section in the shelter facing Jan; the absent stay away (2681.532311ms)
✔ Kowal hands over at most six clips of section ammunition; saves keep the ammunition invariant (33.858632ms)
✔ legacy schema 2 saves receive the unused section supply and can resupply after loading (27.955904ms)
✔ the bridge trusses contain movement: no falling off a span sideways or into a blown gap; the river bank still can (14.884307ms)
✔ a Bąk delivered after the east demolition is still evacuated, so the west demolition is not held forever (2964.047105ms)
✔ real control routes compare covering and ignoring: faster repair, fewer near misses and more survivors with support (33357.604574ms)
✔ repair suppression requires a round that really arrives within 3 m; a solid wall shields the sappers (622.488172ms)
✔ inactive or suppressed Germans on the spans cause no withdrawal losses; looking away does not stop combat (2882.922494ms)
✔ casualty IDs and rounds in flight survive reload and checkpoint restore; invalid optional timers are rejected atomically (911.539233ms)
✔ legacy schema 2 saves migrate and the six reserve slots stay outside the eighteen-man platoon (166.774ms)
✔ the air-raid cover instruction remains visible briefly even if the player was already in cover (21.551083ms)
✔ adjustment warning and HUD identify a real salvo; view direction changes the bearing without changing combat (6971.295773ms)
✔ a salvo from the dike behind the trusses identifies its actual origin, rather than the visible gate MG (7158.691098ms)
✔ an occluding wall prevents an adjustment warning and cover reservation, with a bounded retry (598.426417ms)
✔ saved origin restores as data, expires after eight active seconds, and invalid or legacy saves remain safe (145.570664ms)
✔ German fire starts on the east bank; only shooters in sight of the west bank (the Lisewo gates) aim at it (3981.436244ms)
✔ rounds that pass within 3 m pin the sappers and stop the repair; the HUD line is exactly the simulation state (3202.561563ms)
✔ keeping the gate MG down shortens the repair; ignoring it lets the sappers be pinned again and again (43716.102478ms)
✔ covering fire on the Germans on the spans saves men; without it the platoon falls to the predicted minimum (0.415853ms)
✔ historical times, checkpoints and demolition safety are unchanged in both routes (0.235968ms)
✔ rounds in flight survive save and restore and play out identically; corrupt rounds are rejected (2697.485341ms)
✔ after 120 s of continuous suppression the fire on the repair eases without warning until work resumes (3592.495825ms)
✔ the withdrawal HUD line reports the real count by ID and whether the Germans on the spans are suppressed (10089.885161ms)
✔ allies under fire are drawn hunched (pinned pose) only while suppressedUntil lasts, without touching the actor (1.489015ms)
✔ a designated withdrawal casualty needs an actual actor hit; a wall, a miss or an already dead target cannot lower the count (3.149212ms)
✔ demolition bearing follows the actual impact and player view without changing the event or camera (20412.532848ms)
✔ demolition cue restores from data, expires on active time, and distinguishes the west blast (511.73783ms)
✔ foreground trunks obstruct walking and shots; restoring destruction reconstructs the same static obstacles (5.99891ms)
✔ M01 Ju 87 B-1: metres, nose to −Z, 11.10 × 13.80 m, stable nodes and three LODs within budget (1.962673ms)
✔ M01 Ju 87 B-1: propeller turns a full revolution about Z; dive brakes open 90° about their hinge (1.745122ms)
✔ M01 MG 34: metros, cano para −Z, 1,219 m ±2 %, peças móveis com pivô e três LODs no orçamento (2.859614ms)
✔ M01 MG 34: clips mg34_* ligam-se ao rig do soldado alemão e aos nós da arma; rajada de 7 a 800/min; recarga do tambor (9.205436ms)
✔ M01 MG 34 deitada: nomes novos, kit da MG 34 e soldados reutilizados sem alterações (hashes do manifesto) (12.538909ms)
✔ M01 MG 34 deitada: alvos do rig e da arma, valores finitos, quaternões unitários e durações (40.160666ms)
✔ M01 MG 34 deitada: rajada de 7 a 0,075 s, janela e cortes; bípode aberto/dobrado; recarga coordenada (1.887903ms)
✔ M01 MG 34 deitada: continuidade com mg34_aim do kit e entre clips deitados (94.955789ms)
✔ M01 MG 34 deitada: AnimationMixer do three.js — contactos, passagem do tambor e pausa/retoma no mesmo frame (68.583464ms)
✔ actual renderer samples enter, idle, burst and exit from simulation and matches its muzzle within 2 mm (183.053682ms)
✔ renderer save after 1 shots restores same frame and flash without replay or RNG draws (79.393745ms)
✔ renderer save after 4 shots restores same frame and flash without replay or RNG draws (79.501173ms)
✔ renderer save after 6 shots restores same frame and flash without replay or RNG draws (70.544804ms)
✔ missing prone GLB uses existing procedural batches without changing gameplay, hitboxes, save, RNG or real shots (140.248638ms)
✔ rendered death during enter has no residual prone frame, weapon, flash or loader (81.296429ms)
✔ rendered death during idle has no residual prone frame, weapon, flash or loader (57.715446ms)
✔ rendered death during fire_burst has no residual prone frame, weapon, flash or loader (56.863732ms)
✔ rendered death during exit has no residual prone frame, weapon, flash or loader (48.05487ms)
✔ actual muzzle effect after shot 1 has no extra flash in the .06/.075 gap or restore (17.968291ms)
✔ actual muzzle effect after shot 4 has no extra flash in the .06/.075 gap or restore (21.109629ms)
✔ actual muzzle effect after shot 6 has no extra flash in the .06/.075 gap or restore (22.490445ms)
✔ actual muzzle batches have no post-death flash during all four prone phases (5.243597ms)
✔ existing MG34 gunners enter for exactly 1.9 seconds; other actors have no new posture (39.699165ms)
✔ save and atomic restore preserve enter, idle, aim and exit and consume no RNG (171.769041ms)
✔ save after shot 1: resume without duplicate/lost rounds, events, frames or RNG (84.956273ms)
✔ save after shot 4: resume without duplicate/lost rounds, events, frames or RNG (101.344495ms)
✔ save after shot 6: resume without duplicate/lost rounds, events, frames or RNG (41.597674ms)
✔ 4, 5, 6 and 7 shots preserve the requested count and real .075 cadence (14.967729ms)
✔ pause leaves posture, progress, shot, pending burst, RNG and complete snapshot exactly stable (116.504556ms)
✔ ADVANCE exits prone, blocks firing, then remains standing (6.259835ms)
✔ RETREAT exits prone, blocks firing, then remains standing (1.346895ms)
✔ movement waits for exit; interrupted entry reverses its saved fractional progress (14.720118ms)
✔ suppression keeps the gunner low and cancels pending shots without cancelling those in flight (16.626243ms)
✔ death during enter immediately clears posture and future shots (46.714765ms)
✔ death during idle immediately clears posture and future shots (22.189311ms)
✔ death during fire_burst immediately clears posture and future shots (24.57009ms)
✔ death during exit immediately clears posture and future shots (37.731656ms)
✔ inactivity discards pending combat and never creates a loader association (1.725253ms)
✔ legacy missing prone data resumes safely with no marker; 86 roster/CKM migration stays unchanged (34.411333ms)
✔ invalid partial/impossible prone fields reject atomically without changing source or target (175.962962ms)
✔ movement and S3 station evacuation bodies remain byte-for-byte identical to the fixed base (8.903001ms)
✔ a nonlethal hit interrupts the remaining burst and stays low with a valid snapshot (3.982709ms)
✔ player fire observes the current transition progress within a real simulation tick (16.91597ms)
✔ save cannot remove or alter an emitted round still in flight (24.891073ms)
✔ OUTRO cancels pending rounds and blocks new MG bursts while preserving existing flight (8.986774ms)
✔ a target already reached never rewrites the state of a fixed prone burst (2.157459ms)
MG34 muzzle proof: 2496 comparisons, max=0.000038402 m, tolerance=0.002 m
✔ numeric muzzle proof against real attached soldier/weapon GLBs for all phases and four facings (268.475436ms)
✔ geometry table is derived reproducibly from the exact real GLBs, without a graphics or asset dependency in simulation (139.604151ms)
✔ head/torso/legs move along body axis facing=0 during prone and transitions (0.957481ms)
✔ head/torso/legs move along body axis facing=1.5707963267948966 during prone and transitions (13.017451ms)
✔ head/torso/legs move along body axis facing=3.141592653589793 during prone and transitions (0.304779ms)
✔ head/torso/legs move along body axis facing=-1.5707963267948966 during prone and transitions (0.22374ms)
✔ partial entry interruption reverses the actual enter clip continuously instead of jumping to an unrelated exit frame (1.595201ms)
✔ real rounds start at the rendered prone socket at each of seven scheduled shot instants (26.347192ms)
✔ pause keeps eye, hitboxes, muzzle and canonical clip frame exactly stable across all saved phases (18.747493ms)
✔ the real roll call seats only the present actors and keeps their positions and pose through save/reload (18219.808302ms)
✔ actual instance matrices lower seated/crouched heads, keep seated feet on the floor and render horizontal wounded/carried bodies without mutating data (47.526324ms)
✔ legacy actors without pose remain accepted and an unknown saved pose is rejected atomically (26.294586ms)
✔ distance removes face accessories while retaining the same head position, pose and immutable actor (3.23007ms)
✔ a shot shoulders the rifle, keeps both hands on it and attaches the flash to the barrel through yaw and recoil (7.026063ms)
✔ suppression lowers the upper body with feet planted and takes priority over a recent shot; seated, wounded and unarmed actors do not aim (4.504658ms)
✔ a real combat save reproduces the same animation matrices at the same clock after reload and walking lifts a foot without sinking either boot (2869.117968ms)
✔ M01 rkm wz.28: metres, barrel to −Z, 1.11 m ±2 %, movable parts and three LODs within budget (5.76926ms)
✔ M01 rkm wz.28: clips bind to the soldier skeleton; burst fires 3 rounds; rifle clip hidden (6.518605ms)
✔ the pure collision JSON remains reproducible from the checked GLB translations (223.332746ms)
✔ debug diagnostics return copies; editing a returned gate or failure cannot change live state (45.967481ms)
✔ wz.29 requires a bolt cycle; an empty magazine uses a clip of five, preserving ammunition (0.285861ms)
✔ wz.29 partial loading commits one round at a time and can be interrupted; in-progress saves resume it (0.227005ms)
✔ M01 complete control route reaches debrief, all required objectives, unique events and all four actual checkpoints (22504.950787ms)
✔ every M01 checkpoint restores exact actors, ammunition, RNG, dialogue, destruction and real clocks after death (33.416173ms)
✔ damaged bridge pieces and German casualties survive LOD changes and checkpoint restoration (6.429214ms)
✔ overdue events use >=; delayed events wait active seconds; pause freezes both clocks and weapon work (61.315676ms)
✔ a late message never rewinds battle time and every aerial impact stays at least thirty metres away (2.365206ms)
✔ west demolition waits inside the safety zone, then releases once the player and allies have left (113.669877ms)
✔ boundary warning precedes failure and its eight second timer resets when the player returns (2.087045ms)
✔ metre-space hitboxes, actual cover and bridge joints support shots and continuous travel (0.960355ms)
✔ corrupt M01 state is rejected atomically before an active scene, grenade or missing timer can crash the game (19.730165ms)
✔ outro calls Nowicki twice as distinct beats and consumes completion once, including skip after partial playback (196.443263ms)
✔ optional Bąk rescue cannot be taken away mid-carry; delivery chooses the player continuity branch (3.297049ms)
✔ all five sectors keep their schedule and stable casualties for ninety seconds while the player looks away (3954.565535ms)
✔ west hold timeout sends the sergeant to escort the player without demolition damage (5399.228187ms)
✔ grenade blast starts at its real height; solid cover shields a nearby actor and inactive actors stay unharmed (2.260274ms)
✔ first divergence diagnostic detects exact tick, field, missing key and event changes (85.429209ms)
✔ full route A/B with CP-A..D, events, RNG and long continuation: seed 19390901, support false (116270.910422ms)
✔ full route A/B with CP-A..D, events, RNG and long continuation: seed 7, support true (90470.123226ms)
✔ MG34 seven-shot burst after 1, actual tick pipeline plus grenade, rifle RNG and double load (820.590041ms)
✔ MG34 seven-shot burst after 4, actual tick pipeline plus grenade, rifle RNG and double load (735.97669ms)
✔ MG34 seven-shot burst after 6, actual tick pipeline plus grenade, rifle RNG and double load (661.358142ms)
✔ station grab: variable timestep, zero-dt pause, double save/load (3502.095559ms)
✔ station drag: variable timestep, zero-dt pause, double save/load (4096.63736ms)
✔ station release: variable timestep, zero-dt pause, double save/load (4950.608ms)
✔ grenade bounce/fuse, rifle bolt and partial reload continue with exact RNG and events (753.655736ms)
✔ Bąk player carry/late delivery followed by Dudek evacuation and both demolitions (25503.246071ms)
✔ legacy 86/89 actors, missing optional fields and old CKM placement migrate once then have identical futures (1018.640586ms)
✔ legacy MG34 pre-created future rounds migrate without replay, then continue identically (624.618132ms)
✔ death between each real CP-A..D and the next CP preserves exact recovery and subsequent future (3369.208103ms)
✔ corrupt cross-system states reject atomically and leave the destination future unchanged (3402.925156ms)
✔ corrupt weapon method/profile, unsigned RNG and unknown phase reject before changing future gameplay (978.929706ms)
✔ OUTRO playback, skip, double load and completed no-op use the same dialogue/event future (4052.127981ms)
✔ save between checkpoints preserves the future respawn destination (27.131376ms)
✔ M01 soldiers: metres, −Z facing, 1.65–1.85 m and the full game skeleton in every LOD (7.407807ms)
✔ M01 soldiers: visible triangle budget, textures per LOD and togglable variants (5.602116ms)
✔ M01 soldiers: weapons keep documented length (wz.29 1.10, Kar98k ~1.11, wz.98a 1.25, rkm wz.28 1.11 m) with bolt and magazine bones (7.582416ms)
✔ M01 soldier animations bind by bone name and keep kb_wz29 timings (4.608232ms)
✔ the real station clips sample both roles from saved phase time, with pause, fresh renderer and LOD restore (11196.729048ms)
✔ the patient holds the actual final grab pose throughout the moving backward drag (3032.697315ms)
✔ a missing or incomplete optional transition pair falls back together and leaves evacuation success to simulation (28529.53125ms)
✔ M01 arrasto da estação: ficheiros novos, rig e clips reutilizados sem alterações (SHA-256 do manifesto) (17.911528ms)
✔ M01 arrasto da estação: alvos dos 61 ossos, valores finitos, quaternões unitários, relógio e eventos dos pares (165.620534ms)
✔ M01 arrasto da estação: extremos iguais às poses reais, percurso inverso e raiz sem deslocação (817.008374ms)
✔ M01 arrasto da estação: AnimationMixer do three.js — contactos, paciente de costas, corpos e pausa/retoma (437.083821ms)
✔ the fictional station casualty starts in the yard and the clock triggers his injury only once (8925.543172ms)
✔ the backward drag stays on the ground, completes outside the camera and returns Dudek to his post (8064.779727ms)
✔ changing the player look never changes the station evacuation or its delivery (9367.032299ms)
✔ a save during the drag restores the same actors, task and future positions with no scene objects (6198.418711ms)
✔ death or removal of a participant detaches the casualty instead of leaving an invalid or moving carrier reference (12865.774505ms)
✔ legacy schema 2 saves with an already consumed station event do not replay an injury (3404.690948ms)
✔ station care coexists with Bąk, all objectives, checkpoints and both historical demolitions on supported and ignored routes (28251.450862ms)
✔ grab and release last 1.6 mission seconds, hold both roots and deliver only after settling (3966.989014ms)
✔ schema 2 restores every station phase and its future clocks, actors and RNG exactly (11195.044868ms)
✔ all station phases interrupt on casualty/medic death, removal or reassignment without delivery (48969.436552ms)
✔ old schema 2 transit saves resume without a new grab and corrupt station phases are rejected atomically (2867.122138ms)
✔ actual MG34 rig cuts 4/5/6/7-round bursts at their saved duration, keeps one weapon and samples pause/restore without mutation (322.828066ms)
✔ two existing MG sources share art and retain independent rigs within the light budget; LOD, suppression, casualties and missing kit fall back (255.582181ms)
✔ 65 actual wagon models use LOD2 instances at 9.10 m with source pivots and shared art; partial/full failures preserve the whole consist (26.891097ms)
✔ disposing while optional wagon downloads are pending never attaches models to the old scene (1.043598ms)
✔ M01 declares the mission contract fields of Prompt §74 (6.442094ms)
✔ M01 IDs are unique across the mission and every reference resolves (5.855669ms)
✔ M01 keeps the documented chronology on the battle clock (1.287528ms)
✔ M01 equips only gear available on 1 September 1939 and never the forbidden weapons (0.295976ms)
✔ M01 keeps the mandatory lines of the master script verbatim (1.912508ms)
✔ M01 labels history and space only with the agreed vocabularies (0.568908ms)
✔ M01 checkpoints accumulate state and never save inside a demolition zone (0.37346ms)
✔ M01 runs at least two independent battle sectors on the clock (1.589512ms)
✔ M01 map geometry matches the documented bridges of 1939 and the measured piers (0.635356ms)
✔ M01 debrief keeps unconfirmed paragraphs disabled until their checks pass (1.951326ms)
✔ M01 vagões danificados: o kit intacto não foi alterado (sha256 registados no manifesto) (6.625013ms)
✔ M01 vagões danificados: metros, 9,10 m no LOD0, rodas no carril, pivôs do intacto e três LODs no orçamento (57.330043ms)
✔ M01 vagões danificados: sockets iguais aos do intacto, mais impact só no danificado (5.357204ms)
✔ M01 vagões danificados: wheels_roll igual ao intacto; doors_open só na porta esquerda do coberto danificado (1.79152ms)
✔ M01 vagões danificados: restos só visuais no nó debris, alterações registadas e sem efeitos próprios (6.235599ms)
✔ M01 vagões: metros, 9,10 m entre tampões no LOD0, rodas no carril, nós estáveis e três LODs no orçamento (2.36797ms)
✔ M01 vagões: rodados dão uma volta por segundo em X; portas do coberto correm 1,95 m em Z (1.70291ms)
ℹ tests 266
ℹ suites 0
ℹ pass 266
ℹ fail 0
ℹ cancelled 0
ℹ skipped 0
ℹ todo 0
ℹ duration_ms 300081.888536
