
Running 1 test using 1 worker

[1/1] tests/browser/m01-audio-production.spec.js:36:1 › M01 battlefield audio follows real rifle/MG/impact/blast events and survives pause checkpoint reload without duplicate loops
  1) tests/browser/m01-audio-production.spec.js:36:1 › M01 battlefield audio follows real rifle/MG/impact/blast events and survives pause checkpoint reload without duplicate loops 

    TimeoutError: page.waitForFunction: Timeout 20000ms exceeded.

      44 |
      45 |   // Real MG34 event: the fixture is the immediately preceding authoritative simulation snapshot.
    > 46 |   await page.waitForFunction(()=>((window.gameDiagnostics().audio.eventCounts.mg34??0)>0),null,{timeout:20000});
         |              ^
      47 |   const afterMG=await page.evaluate(()=>window.gameDiagnostics());
      48 |   expect(count(afterMG,'mg34')).toBeGreaterThan(0);
      49 |
        at /home/user/COD-guerra/tests/browser/m01-audio-production.spec.js:46:14

    Error Context: test-results/m01-audio-production-M01-b-55855-oad-without-duplicate-loops/error-context.md

    attachment #2: trace (application/zip) ─────────────────────────────────────────────────────────
    test-results/m01-audio-production-M01-b-55855-oad-without-duplicate-loops/trace.zip
    Usage:

        npx playwright show-trace test-results/m01-audio-production-M01-b-55855-oad-without-duplicate-loops/trace.zip

    ────────────────────────────────────────────────────────────────────────────────────────────────


  1 failed
    tests/browser/m01-audio-production.spec.js:36:1 › M01 battlefield audio follows real rifle/MG/impact/blast events and survives pause checkpoint reload without duplicate loops 
