# Suite completa de navegador no runtime final d90f8de (dist de 0e493d6, só documentação depois de d90f8de)
# CI=1 CHROME_EXECUTABLE=/opt/pw-browsers/chromium npx playwright test --reporter=line (Chromium/SwiftShader, 1 worker, retries 0)

Running 61 tests using 1 worker

[1/61] tests/browser/game.spec.js:28:1 › production prefix loads assets; real click captures mouse; shooting, reload and pause work
[2/61] tests/browser/game.spec.js:68:1 › real keyboard movement reaches and stores checkpoint; restart and page reload restore it
[3/61] tests/browser/game.spec.js:98:1 › corrupt checkpoint is explained and a new mission remains available
[4/61] tests/browser/game.spec.js:106:1 › missing models are reported and procedural fallback keeps the area playable
[5/61] tests/browser/m01-audio-production.spec.js:36:1 › M01 battlefield audio follows real rifle/MG/impact/blast events and survives pause checkpoint reload without duplicate loops
  1) tests/browser/m01-audio-production.spec.js:36:1 › M01 battlefield audio follows real rifle/MG/impact/blast events and survives pause checkpoint reload without duplicate loops 

    Test timeout of 300000ms exceeded.

    Error: page.waitForFunction: Test timeout of 300000ms exceeded.

      51 |   // avoid native pointer repositioning, which can change the locked look vector before the click is consumed.
      52 |   await page.evaluate(()=>window.dispatchEvent(new MouseEvent('mousemove',{movementX:0,movementY:430,bubbles:true})));
    > 53 |   await page.waitForFunction(()=>window.gameDiagnostics().player.pitch<-.75);
         |              ^
      54 |   const beforeShot=await page.evaluate(()=>window.gameDiagnostics());
      55 |   await page.evaluate(()=>{window.dispatchEvent(new MouseEvent('mousedown',{button:0,bubbles:true}));window.dispatchEvent(new MouseEvent('mouseup',{button:0,bubbles:true}));});
      56 |   await page.waitForFunction(({mag,shot,impact})=>{
        at /home/user/COD-guerra/tests/browser/m01-audio-production.spec.js:53:14

    Error Context: test-results/m01-audio-production-M01-b-55855-oad-without-duplicate-loops/error-context.md

    attachment #2: trace (application/zip) ─────────────────────────────────────────────────────────
    test-results/m01-audio-production-M01-b-55855-oad-without-duplicate-loops/trace.zip
    Usage:

        npx playwright show-trace test-results/m01-audio-production-M01-b-55855-oad-without-duplicate-loops/trace.zip

    ────────────────────────────────────────────────────────────────────────────────────────────────


[6/61] tests/browser/m01-battlefield-fx.spec.js:23:1 › east demolition runs layered blast -> dust -> smoke, freezes on pause and cleans transient pools
[7/61] tests/browser/m01-battlefield-fx.spec.js:72:1 › real in-flight round produces bounded material impact FX without altering the saved simulation path
[8/61] tests/browser/m01-bridge-portal-polish.spec.js:38:1 › captures rail, road, oblique, bridge-context and post-demolition portal views
[9/61] tests/browser/m01-bridge-portal-polish.spec.js:64:1 › Low keeps weathered portal material while High adds bounded microdetail
tests/browser/m01-bridge-portal-polish.spec.js:64:1 › Low keeps weathered portal material while High adds bounded microdetail
M01_PORTAL_POLISH_COUNTERS {"low":{"drawCalls":155,"triangles":368091,"textures":27,"geometries":277,"quality":"low","attachments":["rail_portal_west","rail_portal_west","rail_portal_west","road_portal_west","road_portal_west","portal_lisewo_1912","portal_lisewo_1912","portal_lisewo_1912","road_portal_west"],"activeAttachments":["rail_portal_west","road_portal_west","portal_lisewo_1912"],"mediumDetails":42,"highDetails":48,"visibleDetails":0,"activeBatches":0,"totalBatches":27,"collidersAdded":0},"high":{"drawCalls":168,"triangles":387751,"textures":27,"geometries":284,"quality":"high","attachments":["rail_portal_west","rail_portal_west","rail_portal_west","road_portal_west","road_portal_west","portal_lisewo_1912","portal_lisewo_1912","portal_lisewo_1912","road_portal_west"],"activeAttachments":["rail_portal_west","road_portal_west","portal_lisewo_1912"],"mediumDetails":42,"highDetails":48,"visibleDetails":30,"activeBatches":9,"totalBatches":27,"collidersAdded":0}}

[10/61] tests/browser/m01-combat-feedback.spec.js:51:1 › real enemy hit drives bounded directional M01 presentation and reset semantics
[11/61] tests/browser/m01-combat-feedback.spec.js:87:1 › real crack and nearby impact register danger, accumulation caps and Low tier
[12/61] tests/browser/m01-combat-feedback.spec.js:117:1 › real grenade detonation produces bounded nearby explosion feedback without moving the player
[13/61] tests/browser/m01-environment-prop-density.spec.js:39:1 › captures contextual Station yard, railway, bridge and combat-area dressing
[14/61] tests/browser/m01-environment-prop-density.spec.js:59:1 › Low Medium High retain composition with bounded deterministic density
tests/browser/m01-environment-prop-density.spec.js:59:1 › Low Medium High retain composition with bounded deterministic density
M01_ENV_PROP_COUNTERS {"low":{"quality":"low","clusters":30,"totalAll":432,"visible":174,"byArea":{"station-yard":53,"railway-approach":48,"bridge-approach":40,"combat-area":33},"byCluster":{"station_south_01":6,"station_south_02":5,"station_south_03":5,"station_south_04":5,"station_south_05":6,"station_south_06":5,"station_south_07":5,"station_south_08":5,"station_north_01":6,"station_north_02":5,"rail_approach_01":6,"rail_approach_02":6,"rail_approach_03":6,"rail_approach_04":6,"rail_approach_05":6,"rail_approach_06":6,"rail_approach_07":6,"rail_approach_08":6,"bridge_rail_01":6,"bridge_rail_02":5,"bridge_mid_01":5,"bridge_mid_02":5,"bridge_mid_03":7,"bridge_road_01":5,"bridge_road_02":7,"combat_repair_01":7,"combat_road_01":7,"combat_road_02":7,"combat_road_03":5,"combat_portal_01":7},"batches":4,"totalBatches":11,"collidersAdded":0,"deterministicSeedDomain":"m01-environment-props","drawCalls":171,"triangles":370967,"textures":31,"geometries":288},"medium":{"quality":"medium","clusters":30,"totalAll":432,"visible":277,"byArea":{"station-yard":91,"railway-approach":80,"bridge-approach":61,"combat-area":45},"byCluster":{"station_south_01":10,"station_south_02":9,"station_south_03":8,"station_south_04":9,"station_south_05":10,"station_south_06":9,"station_south_07":8,"station_south_08":9,"station_north_01":10,"station_north_02":9,"rail_approach_01":10,"rail_approach_02":10,"rail_approach_03":10,"rail_approach_04":10,"rail_approach_05":10,"rail_approach_06":10,"rail_approach_07":10,"rail_approach_08":10,"bridge_rail_01":10,"bridge_rail_02":8,"bridge_mid_01":8,"bridge_mid_02":9,"bridge_mid_03":9,"bridge_road_01":8,"bridge_road_02":9,"combat_repair_01":9,"combat_road_01":9,"combat_road_02":9,"combat_road_03":9,"combat_portal_01":9},"batches":8,"totalBatches":11,"collidersAdded":0,"deterministicSeedDomain":"m01-environment-props","drawCalls":188,"triangles":390105,"textures":37,"geometries":298},"high":{"quality":"high","clusters":30,"totalAll":432,"visible":432,"byArea":{"station-yard":139,"railway-approach":128,"bridge-approach":96,"combat-area":69},"byCluster":{"station_south_01":16,"station_south_02":13,"station_south_03":13,"station_south_04":13,"station_south_05":16,"station_south_06":13,"station_south_07":13,"station_south_08":13,"station_north_01":16,"station_north_02":13,"rail_approach_01":16,"rail_approach_02":16,"rail_approach_03":16,"rail_approach_04":16,"rail_approach_05":16,"rail_approach_06":16,"rail_approach_07":16,"rail_approach_08":16,"bridge_rail_01":16,"bridge_rail_02":13,"bridge_mid_01":13,"bridge_mid_02":13,"bridge_mid_03":14,"bridge_road_01":13,"bridge_road_02":14,"combat_repair_01":14,"combat_road_01":14,"combat_road_02":14,"combat_road_03":13,"combat_portal_01":14},"batches":11,"totalBatches":11,"collidersAdded":0,"deterministicSeedDomain":"m01-environment-props","drawCalls":194,"triangles":403759,"textures":37,"geometries":299}}

[15/61] tests/browser/m01-environment-prop-density.spec.js:78:1 › checkpoint restart and page reload do not duplicate environment props
[16/61] tests/browser/m01-environment-quality.spec.js:2:1 › explicit visual quality survives reload and the menu agrees with the renderer
[17/61] tests/browser/m01-locomotive.spec.js:6:36 › locomotive 963 production GLBs load, far LOD, pause and restore
[18/61] tests/browser/m01-locomotive.spec.js:6:36 › locomotive 963 production optional failure fallback
[19/61] tests/browser/m01-mg34-prone.spec.js:24:28 › real MG34 prone save after shot 1: production continuation, real muzzle, pause and reload
[20/61] tests/browser/m01-mg34-prone.spec.js:24:28 › real MG34 prone save after shot 4: production continuation, real muzzle, pause and reload
[21/61] tests/browser/m01-mg34-prone.spec.js:24:28 › real MG34 prone save after shot 6: production continuation, real muzzle, pause and reload
[22/61] tests/browser/m01-mg34-prone.spec.js:42:1 › missing optional prone GLB keeps real MG34 gameplay and procedural low posture
[23/61] tests/browser/m01-panzerzug.spec.js:6:36 › Panzerzug production GLBs load, far LOD, pause and restore
[24/61] tests/browser/m01-panzerzug.spec.js:6:36 › Panzerzug production optional failure fallback
[25/61] tests/browser/m01-soldier-visual-variation.spec.js:9:1 › real character renderer: German/Polish faces, gear, roles, all LODs, pause and save/reload; matched BEFORE/AFTER
[26/61] tests/browser/m01-soldier-visual-variation.spec.js:23:1 › production UI continuation and reload keep visual IDs stable with no gameplay fields added to schema 2
[27/61] tests/browser/m01-vegetation-lod.spec.js:43:1 › fixed rail camera shows volumetric grove in High and a cheaper intact silhouette in Low
tests/browser/m01-vegetation-lod.spec.js:43:1 › fixed rail camera shows volumetric grove in High and a cheaper intact silhouette in Low
M01_VEGETATION_COUNTERS {"high":{"total":{"drawCalls":138,"triangles":403049,"textures":89,"geometries":255},"vegetation":{"treeCount":85,"solidTreeCount":17,"visualTreeCount":68,"lod":{"near":9,"mid":42,"far":34},"treeInstances":518,"treeDrawCalls":7,"treeTriangles":17812,"leafCards":18,"legacyLeafCardEstimate":1513,"alphaCardReductionApprox":0.9881031064111038,"grassInstances":5951,"materials":4,"textures":2,"tracked":{"m01_tree_0":"near","m01_tree_1":"mid","m01_tree_2":"near","m01_tree_3":"near","m01_tree_4":"near","m01_tree_5":"near","m01_tree_6":"near","m01_tree_7":"mid","m01_tree_8":"mid","m01_tree_9":"mid","m01_tree_10":"far","m01_tree_11":"near","m01_tree_12":"near","m01_tree_13":"near","m01_tree_14":"mid","m01_tree_15":"mid","m01_tree_16":"far"}}},"low":{"total":{"drawCalls":130,"triangles":354084,"textures":92,"geometries":277},"vegetation":{"treeCount":85,"solidTreeCount":17,"visualTreeCount":68,"lod":{"near":3,"mid":23,"far":59},"treeInstances":287,"treeDrawCalls":6,"treeTriangles":7564,"leafCards":0,"legacyLeafCardEstimate":1513,"alphaCardReductionApprox":1,"grassInstances":2975,"materials":4,"textures":2,"tracked":{"m01_tree_0":"mid","m01_tree_1":"mid","m01_tree_2":"mid","m01_tree_3":"near","m01_tree_4":"near","m01_tree_5":"near","m01_tree_6":"mid","m01_tree_7":"mid","m01_tree_8":"far","m01_tree_9":"far","m01_tree_10":"far","m01_tree_11":"mid","m01_tree_12":"mid","m01_tree_13":"mid","m01_tree_14":"mid","m01_tree_15":"far","m01_tree_16":"far"}}}}

[28/61] tests/browser/m01-vegetation-lod.spec.js:68:1 › Medium keeps volumetric near and distant battlefield vegetation without changing gameplay state
[29/61] tests/browser/m01-wagon-runtime-integration.spec.js:41:1 › yard wagon uses real LOD0/1/2 and authoritative burned state survives reload then obeys prior checkpoint
tests/browser/m01-wagon-runtime-integration.spec.js:41:1 › yard wagon uses real LOD0/1/2 and authoritative burned state survives reload then obeys prior checkpoint
M01_WAGON_COUNTERS {"near":{"yard":{"loaded":["covered:burned:0","covered:burned:1","covered:burned:2","covered:intact:0","covered:intact:1","covered:intact:2","open:intact:0","open:intact:1","open:intact:2"],"pending":[],"wagons":[{"id":"yard_wagon_1","type":"covered","state":"intact","lod":0,"position":[-320,-0.13091553254588018,-6],"key":"covered:intact:0","cover":"cv_wagon_1","fire":false},{"id":"yard_wagon_2","type":"open","state":"intact","lod":0,"position":[-340,-3,8],"key":"open:intact:0","cover":"cv_wagon_2","fire":false},{"id":"yard_wagon_3","type":"covered","state":"intact","lod":0,"position":[-352,-3,8],"key":"covered:intact:0","cover":null,"fire":false}]},"train":{"wagons":65,"step":9.1,"lodDistribution":{"0":0,"1":0,"2":65},"loaded":["covered:0","covered:1","covered:2","open:0","open:1","open:2"],"proxies":0,"batches":8,"activeInstancesByLod":{"0":0,"1":0,"2":293},"visible":false,"first":[1090,0,-2.5],"last":[1672.4,0,-2.5]},"total":{"drawCalls":70,"triangles":380128,"textures":37,"geometries":227}},"mid":{"yard":{"loaded":["covered:burned:0","covered:burned:1","covered:burned:2","covered:intact:0","covered:intact:1","covered:intact:2","open:intact:0","open:intact:1","open:intact:2"],"pending":[],"wagons":[{"id":"yard_wagon_1","type":"covered","state":"intact","lod":1,"position":[-320,-0.13091553254588018,-6],"key":"covered:intact:1","cover":"cv_wagon_1","fire":false},{"id":"yard_wagon_2","type":"open","state":"intact","lod":1,"position":[-340,-3,8],"key":"open:intact:1","cover":"cv_wagon_2","fire":false},{"id":"yard_wagon_3","type":"covered","state":"intact","lod":1,"position":[-352,-3,8],"key":"covered:intact:1","cover":null,"fire":false}]}},"far":{"yard":{"loaded":["covered:burned:0","covered:burned:1","covered:burned:2","covered:intact:0","covered:intact:1","covered:intact:2","open:intact:0","open:intact:1","open:intact:2"],"pending":[],"wagons":[{"id":"yard_wagon_1","type":"covered","state":"intact","lod":2,"position":[-320,-0.13091553254588018,-6],"key":"covered:intact:2","cover":"cv_wagon_1","fire":false},{"id":"yard_wagon_2","type":"open","state":"intact","lod":2,"position":[-340,-3,8],"key":"open:intact:2","cover":"cv_wagon_2","fire":false},{"id":"yard_wagon_3","type":"covered","state":"intact","lod":2,"position":[-352,-3,8],"key":"covered:intact:2","cover":null,"fire":false}]}}}

[30/61] tests/browser/m01-wagon-runtime-integration.spec.js:66:1 › total wagon GLB failure keeps train and yard procedural fallbacks visible and semantic state burned
[31/61] tests/browser/m01-wz29-viewmodel.spec.js:4:46 › Wz.29 production ADS, paused save reconstruction and actual sights on low
[32/61] tests/browser/m01-wz29-viewmodel.spec.js:4:46 › Wz.29 production ADS, paused save reconstruction and actual sights on medium
[33/61] tests/browser/m01-wz29-viewmodel.spec.js:4:46 › Wz.29 production ADS, paused save reconstruction and actual sights on high
[34/61] tests/browser/m01.spec.js:38:1 › M01 loads the nine bridge LODs; real controls operate bolt, clip, sight, aiming, pause and CP-A
[35/61] tests/browser/m01.spec.js:66:1 › the genuine first raid displays three Ju 87 GLBs with light LODs and freezes the propellers on pause
[36/61] tests/browser/m01.spec.js:91:1 › unavailable optional Ju 87 models retain all three raid silhouettes and the playable mission
[37/61] tests/browser/m01.spec.js:101:1 › licensed character rigs and first-person hands follow real weapon state, preserve pause and use the light preset
  2) tests/browser/m01.spec.js:101:1 › licensed character rigs and first-person hands follow real weapon state, preserve pause and use the light preset 

    TimeoutError: page.waitForFunction: Timeout 30000ms exceeded.

      131 |     // consumed by Input without repositioning the locked cursor, then wait on authoritative weapon state.
      132 |     await page.evaluate(()=>{window.dispatchEvent(new MouseEvent('mousedown',{button:0,bubbles:true}));window.dispatchEvent(new MouseEvent('mouseup',{button:0,bubbles:true}));});
    > 133 |     await page.waitForFunction(expected=>window.gameDiagnostics().m01.weapon.mag===expected,expectedMag,{timeout:process.env.CI?30000:10000});
          |                ^
      134 |     await expect(page.locator('#mag')).toHaveText(String(expectedMag));
      135 |   };
      136 |   for(let i=0;i<5;i++){
        at fireRound (/home/user/COD-guerra/tests/browser/m01.spec.js:133:16)
        at /home/user/COD-guerra/tests/browser/m01.spec.js:138:5

    attachment #1: screenshot (image/png) ──────────────────────────────────────────────────────────
    test-results/m01-licensed-character-rig-737ea-se-and-use-the-light-preset/test-failed-1.png
    ────────────────────────────────────────────────────────────────────────────────────────────────

    Error Context: test-results/m01-licensed-character-rig-737ea-se-and-use-the-light-preset/error-context.md

    attachment #4: trace (application/zip) ─────────────────────────────────────────────────────────
    test-results/m01-licensed-character-rig-737ea-se-and-use-the-light-preset/trace.zip
    Usage:

        npx playwright show-trace test-results/m01-licensed-character-rig-737ea-se-and-use-the-light-preset/trace.zip

    ────────────────────────────────────────────────────────────────────────────────────────────────


[38/61] tests/browser/m01.spec.js:157:1 › an optional character download failure preserves playable procedural actors without blocking bridge validation
[39/61] tests/browser/m01.spec.js:165:1 › Kowal fires and changes the rkm magazine from actual combat state, preserving both poses in pause
[40/61] tests/browser/m01.spec.js:194:1 › missing close-up LOD0 falls back to intact LOD1 hands while the light world actors remain available
[41/61] tests/browser/m01.spec.js:202:1 › the station clip alone cannot enable a viewmodel when the required weapon animations fail to download
[42/61] tests/browser/m01.spec.js:210:1 › the station evacuation restores its grounded drag, pauses with the mission and delivers the casualty
[43/61] tests/browser/m01.spec.js:241:39 › the real station grab restores synchronized clips, pauses and keeps both roots fixed
[44/61] tests/browser/m01.spec.js:241:39 › the real station release restores synchronized clips, pauses and keeps both roots fixed
[45/61] tests/browser/m01.spec.js:280:1 › a missing optional station transition GLB keeps the grounded fallback and completes evacuation
[46/61] tests/browser/m01.spec.js:294:1 › real keyboard movement traverses the approaches and E delivers the message at the rail bridge
[47/61] tests/browser/m01.spec.js:320:33 › adjustment salvo at the gates restores its actual origin and follows mouse look
  3) tests/browser/m01.spec.js:320:33 › adjustment salvo at the gates restores its actual origin and follows mouse look 

    Error: expect(locator).toContainText(expected) failed

    Locator: locator('#objective-status')
    Expected substring: "atrás de si"
    Received string:    "Metralhadora nos portões de Lisewo · 1081 m, em frente · mude de cobertura"
    Timeout: 5000ms

    Call log:
      - Expect "toContainText" with timeout 5000ms
      - waiting for locator('#objective-status')
        6 × locator resolved to <span id="objective-status">Metralhadora nos portões de Lisewo · 1081 m, em f…</span>
          - unexpected value "Metralhadora nos portões de Lisewo · 1081 m, em frente · mude de cobertura"


      332 |     document.dispatchEvent(new MouseEvent('mousemove',{movementX:delta,movementY:0,bubbles:true}));
      333 |   },Math.atan2(Math.sin(aim+Math.PI-before.player.angle),Math.cos(aim+Math.PI-before.player.angle))/.0022);
    > 334 |   await expect(page.locator('#objective-status')).toContainText('atrás de si');
          |                                                   ^
      335 |   await page.evaluate(()=>document.exitPointerLock());await expect(page.locator('#pause')).toBeVisible();
      336 |   await page.screenshot({path:info.outputPath('m01-cover-origin-paused.png'),timeout:120000});
      337 |   expect(errors).toEqual([]);expect(failed).toEqual([]);
        at /home/user/COD-guerra/tests/browser/m01.spec.js:334:51

    attachment #1: screenshot (image/png) ──────────────────────────────────────────────────────────
    test-results/m01-adjustment-salvo-at-th-0b383-igin-and-follows-mouse-look/test-failed-1.png
    ────────────────────────────────────────────────────────────────────────────────────────────────

    Error Context: test-results/m01-adjustment-salvo-at-th-0b383-igin-and-follows-mouse-look/error-context.md

    attachment #4: trace (application/zip) ─────────────────────────────────────────────────────────
    test-results/m01-adjustment-salvo-at-th-0b383-igin-and-follows-mouse-look/trace.zip
    Usage:

        npx playwright show-trace test-results/m01-adjustment-salvo-at-th-0b383-igin-and-follows-mouse-look/trace.zip

    ────────────────────────────────────────────────────────────────────────────────────────────────


[48/61] tests/browser/m01.spec.js:320:33 › adjustment salvo behind the truss restores its actual origin and follows mouse look
  4) tests/browser/m01.spec.js:320:33 › adjustment salvo behind the truss restores its actual origin and follows mouse look 

    Error: expect(locator).toContainText(expected) failed

    Locator: locator('#objective-status')
    Expected substring: "atrás de si"
    Received string:    "Salva do dique norte · 1064 m, em frente · mude de cobertura"
    Timeout: 5000ms

    Call log:
      - Expect "toContainText" with timeout 5000ms
      - waiting for locator('#objective-status')
        6 × locator resolved to <span id="objective-status">Salva do dique norte · 1064 m, em frente · mude d…</span>
          - unexpected value "Salva do dique norte · 1064 m, em frente · mude de cobertura"


      332 |     document.dispatchEvent(new MouseEvent('mousemove',{movementX:delta,movementY:0,bubbles:true}));
      333 |   },Math.atan2(Math.sin(aim+Math.PI-before.player.angle),Math.cos(aim+Math.PI-before.player.angle))/.0022);
    > 334 |   await expect(page.locator('#objective-status')).toContainText('atrás de si');
          |                                                   ^
      335 |   await page.evaluate(()=>document.exitPointerLock());await expect(page.locator('#pause')).toBeVisible();
      336 |   await page.screenshot({path:info.outputPath('m01-cover-origin-paused.png'),timeout:120000});
      337 |   expect(errors).toEqual([]);expect(failed).toEqual([]);
        at /home/user/COD-guerra/tests/browser/m01.spec.js:334:51

    attachment #1: screenshot (image/png) ──────────────────────────────────────────────────────────
    test-results/m01-adjustment-salvo-behin-454be-igin-and-follows-mouse-look/test-failed-1.png
    ────────────────────────────────────────────────────────────────────────────────────────────────

    Error Context: test-results/m01-adjustment-salvo-behin-454be-igin-and-follows-mouse-look/error-context.md

    attachment #4: trace (application/zip) ─────────────────────────────────────────────────────────
    test-results/m01-adjustment-salvo-behin-454be-igin-and-follows-mouse-look/trace.zip
    Usage:

        npx playwright show-trace test-results/m01-adjustment-salvo-behin-454be-igin-and-follows-mouse-look/trace.zip

    ────────────────────────────────────────────────────────────────────────────────────────────────


[49/61] tests/browser/m01.spec.js:339:1 › demolition inside the road truss shows the actual bearing while mouse look remains free
  5) tests/browser/m01.spec.js:339:1 › demolition inside the road truss shows the actual bearing while mouse look remains free 

    Error: expect(locator).toContainText(expected) failed

    Locator: locator('#objective-status')
    Expected substring: "atrás de si"
    Received string:    "Demolição leste · 771 m, em frente · recue para o posto de disparo"
    Timeout: 5000ms

    Call log:
      - Expect "toContainText" with timeout 5000ms
      - waiting for locator('#objective-status')
        6 × locator resolved to <span id="objective-status">Demolição leste · 771 m, em frente · recue para o…</span>
          - unexpected value "Demolição leste · 771 m, em frente · recue para o posto de disparo"


      351 |   },Math.atan2(Math.sin(angle),Math.cos(angle))/.0022);
      352 |   await turn(aim+Math.PI-initial.player.angle);
    > 353 |   await expect(page.locator('#objective-status')).toContainText('atrás de si');
          |                                                   ^
      354 |   const away=await page.evaluate(()=>window.gameDiagnostics());
      355 |   await turn(aim-away.player.angle);
      356 |   await expect(page.locator('#objective-status')).toContainText('em frente');
        at /home/user/COD-guerra/tests/browser/m01.spec.js:353:51

    Error Context: test-results/m01-demolition-inside-the--ecd5c-ile-mouse-look-remains-free/error-context.md

    attachment #3: trace (application/zip) ─────────────────────────────────────────────────────────
    test-results/m01-demolition-inside-the--ecd5c-ile-mouse-look-remains-free/trace.zip
    Usage:

        npx playwright show-trace test-results/m01-demolition-inside-the--ecd5c-ile-mouse-look-remains-free/trace.zip

    ────────────────────────────────────────────────────────────────────────────────────────────────


[50/61] tests/browser/m01.spec.js:365:1 › a genuine CP-D reload keeps east destruction and casualties, including restart and page reload
[51/61] tests/browser/m01.spec.js:378:1 › the actual outro state can be skipped through the UI into the enabled historical debrief
[52/61] tests/browser/m01.spec.js:388:1 › German fire on the repair is drawn from the Lisewo gates and the HUD status line is the simulation state
  6) tests/browser/m01.spec.js:388:1 › German fire on the repair is drawn from the Lisewo gates and the HUD status line is the simulation state 

    Error: expect(received).toBe(expected) // Object.is equality

    Expected: true
    Received: false

      399 |   }
      400 |   expect(samples.some(s=>s.fx.muzzle>0)).toBe(true);expect(samples.some(s=>s.fx.puff>0)).toBe(true);
    > 401 |   expect(samples.some(s=>s.pinned)&&samples.some(s=>!s.pinned)).toBe(true);
          |                                                                 ^
      402 |   // Os sapadores deitados aparecem na pose de quem está sob fogo, e o trabalho retoma depois.
      403 |   expect(samples.some(s=>s.pinned&&s.poses>0)).toBe(true);expect(samples.at(-1).progress).toBeGreaterThan(samples[0].progress);
      404 |   expect(samples.some(s=>s.animations.aiming>0)).toBe(true);
        at /home/user/COD-guerra/tests/browser/m01.spec.js:401:65

    attachment #1: screenshot (image/png) ──────────────────────────────────────────────────────────
    test-results/m01-German-fire-on-the-rep-7588e-ine-is-the-simulation-state/test-failed-1.png
    ────────────────────────────────────────────────────────────────────────────────────────────────

    Error Context: test-results/m01-German-fire-on-the-rep-7588e-ine-is-the-simulation-state/error-context.md

    attachment #4: trace (application/zip) ─────────────────────────────────────────────────────────
    test-results/m01-German-fire-on-the-rep-7588e-ine-is-the-simulation-state/trace.zip
    Usage:

        npx playwright show-trace test-results/m01-German-fire-on-the-rep-7588e-ine-is-the-simulation-state/trace.zip

    ────────────────────────────────────────────────────────────────────────────────────────────────


[53/61] tests/browser/m01.spec.js:410:1 › the genuine train 963 and both MG34 fire sources use optional GLBs, light instances and reproducible pause/restart
[54/61] tests/browser/m01.spec.js:442:1 › schema-2 continuation keeps the older CP-A on the real Restart checkpoint button
[55/61] tests/browser/m01.spec.js:460:1 › missing optional wagon models and MG34 clips preserve 65 proxies, both procedural supports and playable M01
[56/61] tests/browser/m01.spec.js:475:1 › the real roll-call snapshot renders seated actors and keeps their pose after page reload
[57/61] tests/browser/m01.spec.js:487:1 › a real withdrawal continuation loses men only to rounds from the spans, keeps the twelve-survivor floor and shows the count in the HUD
[58/61] tests/browser/m01.spec.js:509:1 › a failed M01 bridge load prevents an invisible bridge; the French sandbox remains selectable
[59/61] tests/browser/m01.spec.js:518:1 › textured atmosphere survives checkpoint restart without duplicating resources; low quality reduces vegetation
[60/61] tests/browser/m01.spec.js:544:1 › ckm west crew and weapon use actual saved abandon time, pause and fresh reload
[61/61] tests/browser/m01.spec.js:563:1 › optional ckm kit failure retains the crew fallback and checkpoint restoration
  Slow test file: tests/browser/m01-audio-production.spec.js (5.1m)
  Consider running tests from slow files in parallel. See: https://playwright.dev/docs/test-parallel
  6 failed
    tests/browser/m01-audio-production.spec.js:36:1 › M01 battlefield audio follows real rifle/MG/impact/blast events and survives pause checkpoint reload without duplicate loops 
    tests/browser/m01.spec.js:101:1 › licensed character rigs and first-person hands follow real weapon state, preserve pause and use the light preset 
    tests/browser/m01.spec.js:320:33 › adjustment salvo at the gates restores its actual origin and follows mouse look 
    tests/browser/m01.spec.js:320:33 › adjustment salvo behind the truss restores its actual origin and follows mouse look 
    tests/browser/m01.spec.js:339:1 › demolition inside the road truss shows the actual bearing while mouse look remains free 
    tests/browser/m01.spec.js:388:1 › German fire on the repair is drawn from the Lisewo gates and the HUD status line is the simulation state 
  55 passed (33.9m)

real	33m54.975s
user	4m46.292s
sys	0m52.471s
exit 1
