npm warn Unknown env config "http-proxy". This will stop working in the next major version of npm.

> operation-ashen-road@0.2.0 test
> node --test tests/*.test.js

✔ planar y becomes scene z; height is independent (2.582668ms)
✔ horizontal head shot hits, aiming above the head misses (1.825392ms)
✔ nearest wall shields an enemy; lowering the aim hits terrain (1.66872ms)
✔ wall around muzzle blocks a clear camera sightline (0.809032ms)
✔ enemy in cover cannot cause damage through a wall (1.349345ms)
✔ unreachable destination reports failure and does not move through walls (0.871415ms)
✔ wall shields blast damage but visible nearby actor takes damage (0.610287ms)
✔ JSON checkpoint restores actors, reload, grenade, phase, clock and RNG exactly (12.279321ms)
✔ corrupt and incompatible saves are rejected atomically (3.168529ms)
✔ death restores the last living checkpoint without reviving defeated enemies (6.166203ms)
✔ restored simulation reproduces future seeded decisions and events (314.159686ms)
✔ two independent sectors evolve for 90 seconds with stable losses and unique events (0.82808ms)
✔ partial fourth reinforcement group activates and visible candidates remain hidden (0.356309ms)
✔ zero time never advances reload or the battle (4.445135ms)
✔ weapon enforces cadence, ammo, and reload transfer (2.104897ms)
✔ world blocks walls and permits open cells (0.90908ms)
✔ navigation chooses a walkable next tile around cover (0.544098ms)
✔ mission advances through checkpoint, combat, and radio (0.252986ms)
✔ shot geometry detects targets on aim line (0.651959ms)
✔ 3D matrix composition preserves translation and scale (0.45099ms)
✔ weapon exposes a stable reload animation timeline (0.221469ms)
✔ enemy selects cover instead of charging directly at player (4.379397ms)
✔ grenade bounces on walls, warns AI, and applies radial damage (6.091181ms)
✔ battle director activates reinforcement groups without replacing individual AI (0.784626ms)
✔ text-only OBJ assets load with meshes, normals, and MTL colors (14.846542ms)
✔ pointer lock entry and resume ignore cursor warps while later mouse movement works (3.230611ms)
✔ Ju 87 clones use native LODs, share art, sample the saved clock and preserve the existing raid path (9.748456ms)
✔ missing optional Ju 87 art keeps the silhouettes; partial failure uses available detail and disposal prevents attachment (11.836778ms)
✔ M01 GLBs keep nine spans, measured supports and map placement in every LOD (15.307806ms)
✔ M01 all LODs ship event-linked damage replacements with stable logical IDs (8.421734ms)
✔ M01 demolition IDs survive LOD changes and JSON restoration; colliders stay removed (40.523195ms)
✔ M01 road towers remain separate, measured and damage-linked in all LODs (5.320476ms)
✔ M01 binary exports contain finite positions and unit normals (113.678861ms)
✔ M01 manifest matches binary counts, current map hash and decreasing LOD budgets (11.511666ms)
✔ M01 historical uncertainty and modern geometry conflicts remain explicit (5.750385ms)
✔ all six GLBs have finite skin weights, valid joint indices, embedded textures and decreasing LOD budgets (115.193221ms)
✔ all twenty-five animation clips bind to real named bones, have monotonic times and finite transforms (21.267312ms)
✔ the original station drag loops on the existing rig with a locked source and finite transforms (9.637627ms)
✔ first-person geometry keeps actual GLB arm/hand surfaces and leaves the world uniform unchanged (54.161536ms)
✔ the actual reload rig keeps the open action, clip and hand in the first-person frustum on both usable LODs (100.409333ms)
✔ sampling real clock, changing LOD and restoring a copy preserves bone transforms and immutable data (4.950977ms)
✔ wounded attachment follows its carrier socket and detaches after delivery without changing simulation coordinates (2.820881ms)
✔ MakeHuman data licence is shipped exactly as locked at its source revision (1.277568ms)
✔ the station casualty remains grounded while the medic samples the backward drag and its fallback (2.972408ms)
✔ Kowal and healthy Bąk use their own meshes and muzzle sockets, preserve data and hide the casualty weapon (11.744712ms)
✔ riflemen finish the bolt after the flash; pinned engineers stop their working hands until the repair resumes (1.817661ms)
✔ M01 ckm wz.30: metros, +Y, cano para −Z, 1,2 m ±2 %, hierarquia de pivôs e três LODs no orçamento (4.883797ms)
✔ M01 ckm wz.30: clips da arma animam os nós móveis; rajada de 8 a 600/min; alimentação puxa a ponta e arma duas vezes (8.451689ms)
✔ M01 ckm wz.30: clips ckm_wz30_* do atirador e do municiador ligam-se ao rig polaco, não repetem nomes e mostram uma só arma (28.566528ms)
✔ the sappers walk to the second cut where the crate is delivered, so "leve a caixa aos sapadores" is true (4305.753707ms)
✔ Bąk takes the deck position with the 05:30 order and falls at bak_wound_point, in front of the player (976.46179ms)
✔ a direction hint names the destination, distance and side when the player does not approach it (103.702147ms)
✔ once the repair gate is ready the rest of seg_repair runs at readyScale; before that it keeps scale (4.152792ms)
✔ the full control route still reaches the debrief with every required objective after the fixes (0.331603ms)
✔ the withdrawing east platoon runs past the firing point during the corridor phase and does not stall at x = -109 (2010.785035ms)
✔ a Bąk delivered by the player stays visible beside Dudek, who carries him west before the west demolition (788.52179ms)
✔ when Dudek retrieves Bąk he walks to him on the deck and carries him to the station, visible all the way (775.736731ms)
✔ the roll call positions the present section in the shelter facing Jan; the absent stay away (773.150129ms)
✔ Kowal hands over at most six clips of section ammunition; saves keep the ammunition invariant (9.641127ms)
✔ legacy schema 2 saves receive the unused section supply and can resupply after loading (6.184ms)
✔ the bridge trusses contain movement: no falling off a span sideways or into a blown gap; the river bank still can (2.455439ms)
✔ a Bąk delivered after the east demolition is still evacuated, so the west demolition is not held forever (859.180635ms)
✔ real control routes compare covering and ignoring: faster repair, fewer near misses and more survivors with support (7193.606124ms)
✔ repair suppression requires a round that really arrives within 3 m; a solid wall shields the sappers (157.694091ms)
✔ inactive or suppressed Germans on the spans cause no withdrawal losses; looking away does not stop combat (1023.794063ms)
✔ casualty IDs and rounds in flight survive reload and checkpoint restore; invalid optional timers are rejected atomically (395.841827ms)
✔ legacy schema 2 saves migrate and the six reserve slots stay outside the eighteen-man platoon (66.19377ms)
✔ the air-raid cover instruction remains visible briefly even if the player was already in cover (13.092335ms)
✔ adjustment warning and HUD identify a real salvo; view direction changes the bearing without changing combat (1642.377238ms)
✔ a salvo from the dike behind the trusses identifies its actual origin, rather than the visible gate MG (1562.252657ms)
✔ an occluding wall prevents an adjustment warning and cover reservation, with a bounded retry (215.241619ms)
✔ saved origin restores as data, expires after eight active seconds, and invalid or legacy saves remain safe (69.434326ms)
✔ German fire starts on the east bank; only shooters in sight of the west bank (the Lisewo gates) aim at it (1072.086608ms)
✔ rounds that pass within 3 m pin the sappers and stop the repair; the HUD line is exactly the simulation state (777.463489ms)
✔ keeping the gate MG down shortens the repair; ignoring it lets the sappers be pinned again and again (7643.489129ms)
✔ covering fire on the Germans on the spans saves men; without it the platoon falls to the predicted minimum (0.510689ms)
✔ historical times, checkpoints and demolition safety are unchanged in both routes (0.219195ms)
✔ rounds in flight survive save and restore and play out identically; corrupt rounds are rejected (475.415811ms)
✔ after 120 s of continuous suppression the fire on the repair eases without warning until work resumes (790.545087ms)
✔ the withdrawal HUD line reports the real count by ID and whether the Germans on the spans are suppressed (2149.051197ms)
✔ allies under fire are drawn hunched (pinned pose) only while suppressedUntil lasts, without touching the actor (1.58857ms)
✔ a designated withdrawal casualty needs an actual actor hit; a wall, a miss or an already dead target cannot lower the count (1.384468ms)
✔ demolition bearing follows the actual impact and player view without changing the event or camera (4207.89549ms)
✔ demolition cue restores from data, expires on active time, and distinguishes the west blast (143.880089ms)
✔ foreground trunks obstruct walking and shots; restoring destruction reconstructs the same static obstacles (15.587873ms)
✔ M01 Ju 87 B-1: metres, nose to −Z, 11.10 × 13.80 m, stable nodes and three LODs within budget (2.716296ms)
✔ M01 Ju 87 B-1: propeller turns a full revolution about Z; dive brakes open 90° about their hinge (1.797311ms)
✔ M01 MG 34: metros, cano para −Z, 1,219 m ±2 %, peças móveis com pivô e três LODs no orçamento (5.634783ms)
✔ M01 MG 34: clips mg34_* ligam-se ao rig do soldado alemão e aos nós da arma; rajada de 7 a 800/min; recarga do tambor (8.698531ms)
✔ M01 MG 34 deitada: nomes novos, kit da MG 34 e soldados reutilizados sem alterações (hashes do manifesto) (17.287268ms)
✔ M01 MG 34 deitada: alvos do rig e da arma, valores finitos, quaternões unitários e durações (54.620163ms)
✔ M01 MG 34 deitada: rajada de 7 a 0,075 s, janela e cortes; bípode aberto/dobrado; recarga coordenada (3.857752ms)
✔ M01 MG 34 deitada: continuidade com mg34_aim do kit e entre clips deitados (78.320991ms)
✔ M01 MG 34 deitada: AnimationMixer do three.js — contactos, passagem do tambor e pausa/retoma no mesmo frame (89.616731ms)
✔ the real roll call seats only the present actors and keeps their positions and pose through save/reload (4093.394957ms)
✔ actual instance matrices lower seated/crouched heads, keep seated feet on the floor and render horizontal wounded/carried bodies without mutating data (31.056868ms)
✔ legacy actors without pose remain accepted and an unknown saved pose is rejected atomically (4.967121ms)
✔ distance removes face accessories while retaining the same head position, pose and immutable actor (2.948862ms)
✔ a shot shoulders the rifle, keeps both hands on it and attaches the flash to the barrel through yaw and recoil (1.814726ms)
✔ suppression lowers the upper body with feet planted and takes priority over a recent shot; seated, wounded and unarmed actors do not aim (3.443648ms)
✔ a real combat save reproduces the same animation matrices at the same clock after reload and walking lifts a foot without sinking either boot (534.288107ms)
✔ M01 rkm wz.28: metres, barrel to −Z, 1.11 m ±2 %, movable parts and three LODs within budget (3.623444ms)
✔ M01 rkm wz.28: clips bind to the soldier skeleton; burst fires 3 rounds; rifle clip hidden (4.66368ms)
✔ the pure collision JSON remains reproducible from the checked GLB translations (94.981448ms)
✔ debug diagnostics return copies; editing a returned gate or failure cannot change live state (17.405975ms)
✔ wz.29 requires a bolt cycle; an empty magazine uses a clip of five, preserving ammunition (0.406153ms)
✔ wz.29 partial loading commits one round at a time and can be interrupted; in-progress saves resume it (0.399484ms)
✔ M01 complete control route reaches debrief, all required objectives, unique events and all four actual checkpoints (4438.021862ms)
✔ every M01 checkpoint restores exact actors, ammunition, RNG, dialogue, destruction and real clocks after death (30.31747ms)
✔ damaged bridge pieces and German casualties survive LOD changes and checkpoint restoration (7.545152ms)
✔ overdue events use >=; delayed events wait active seconds; pause freezes both clocks and weapon work (15.293125ms)
✔ a late message never rewinds battle time and every aerial impact stays at least thirty metres away (2.276283ms)
✔ west demolition waits inside the safety zone, then releases once the player and allies have left (36.438205ms)
✔ boundary warning precedes failure and its eight second timer resets when the player returns (1.705044ms)
✔ metre-space hitboxes, actual cover and bridge joints support shots and continuous travel (1.586308ms)
✔ corrupt M01 state is rejected atomically before an active scene, grenade or missing timer can crash the game (26.830869ms)
✔ outro calls Nowicki twice as distinct beats and consumes completion once, including skip after partial playback (43.43372ms)
✔ optional Bąk rescue cannot be taken away mid-carry; delivery chooses the player continuity branch (3.233796ms)
✔ all five sectors keep their schedule and stable casualties for ninety seconds while the player looks away (478.199863ms)
✔ west hold timeout sends the sergeant to escort the player without demolition damage (794.747275ms)
✔ grenade blast starts at its real height; solid cover shields a nearby actor and inactive actors stay unharmed (1.172913ms)
✔ M01 soldiers: metres, −Z facing, 1.65–1.85 m and the full game skeleton in every LOD (20.53838ms)
✔ M01 soldiers: visible triangle budget, textures per LOD and togglable variants (6.451747ms)
✔ M01 soldiers: weapons keep documented length (wz.29 1.10, Kar98k ~1.11, wz.98a 1.25, rkm wz.28 1.11 m) with bolt and magazine bones (10.054922ms)
✔ M01 soldier animations bind by bone name and keep kb_wz29 timings (5.629815ms)
✔ the fictional station casualty starts in the yard and the clock triggers his injury only once (463.79701ms)
✔ the backward drag stays on the ground, completes outside the camera and returns Dudek to his post (748.942351ms)
✔ changing the player look never changes the station evacuation or its delivery (854.911046ms)
✔ a save during the drag restores the same actors, task and future positions with no scene objects (459.849459ms)
✔ death or removal of a participant detaches the casualty instead of leaving an invalid or moving carrier reference (1030.190926ms)
✔ legacy schema 2 saves with an already consumed station event do not replay an injury (298.14654ms)
✔ station care coexists with Bąk, all objectives, checkpoints and both historical demolitions on supported and ignored routes (6676.281038ms)
✔ actual MG34 rig cuts 4/5/6/7-round bursts at their saved duration, keeps one weapon and samples pause/restore without mutation (143.173354ms)
✔ two existing MG sources share art and retain independent rigs within the light budget; LOD, suppression, casualties and missing kit fall back (162.799993ms)
✔ 65 actual wagon models use LOD2 instances at 9.10 m with source pivots and shared art; partial/full failures preserve the whole consist (50.389155ms)
✔ disposing while optional wagon downloads are pending never attaches models to the old scene (1.405328ms)
✔ M01 declares the mission contract fields of Prompt §74 (1.027167ms)
✔ M01 IDs are unique across the mission and every reference resolves (8.063632ms)
✔ M01 keeps the documented chronology on the battle clock (1.86419ms)
✔ M01 equips only gear available on 1 September 1939 and never the forbidden weapons (6.393911ms)
✔ M01 keeps the mandatory lines of the master script verbatim (0.689164ms)
✔ M01 labels history and space only with the agreed vocabularies (2.672922ms)
✔ M01 checkpoints accumulate state and never save inside a demolition zone (6.327672ms)
✔ M01 runs at least two independent battle sectors on the clock (0.508396ms)
✔ M01 map geometry matches the documented bridges of 1939 and the measured piers (0.600072ms)
✔ M01 debrief keeps unconfirmed paragraphs disabled until their checks pass (1.079394ms)
✔ M01 vagões: metros, 9,10 m entre tampões no LOD0, rodas no carril, nós estáveis e três LODs no orçamento (3.427033ms)
✔ M01 vagões: rodados dão uma volta por segundo em X; portas do coberto correm 1,95 m em Z (2.115483ms)
ℹ tests 148
ℹ suites 0
ℹ pass 148
ℹ fail 0
ℹ cancelled 0
ℹ skipped 0
ℹ todo 0
ℹ duration_ms 14735.023453
