npm warn Unknown env config "http-proxy". This will stop working in the next major version of npm.

> operation-ashen-road@0.2.0 test
> node --test tests/*.test.js

✔ planar y becomes scene z; height is independent (1.289066ms)
✔ horizontal head shot hits, aiming above the head misses (0.953527ms)
✔ nearest wall shields an enemy; lowering the aim hits terrain (4.887333ms)
✔ wall around muzzle blocks a clear camera sightline (0.209602ms)
✔ enemy in cover cannot cause damage through a wall (1.028819ms)
✔ unreachable destination reports failure and does not move through walls (0.319234ms)
✔ wall shields blast damage but visible nearby actor takes damage (0.411471ms)
✔ JSON checkpoint restores actors, reload, grenade, phase, clock and RNG exactly (5.573862ms)
✔ corrupt and incompatible saves are rejected atomically (2.190945ms)
✔ death restores the last living checkpoint without reviving defeated enemies (3.152344ms)
✔ restored simulation reproduces future seeded decisions and events (233.189992ms)
✔ two independent sectors evolve for 90 seconds with stable losses and unique events (0.779218ms)
✔ partial fourth reinforcement group activates and visible candidates remain hidden (0.440244ms)
✔ zero time never advances reload or the battle (4.120592ms)
✔ weapon enforces cadence, ammo, and reload transfer (2.256383ms)
✔ world blocks walls and permits open cells (1.007307ms)
✔ navigation chooses a walkable next tile around cover (0.608284ms)
✔ mission advances through checkpoint, combat, and radio (0.256761ms)
✔ shot geometry detects targets on aim line (0.873908ms)
✔ 3D matrix composition preserves translation and scale (0.647352ms)
✔ weapon exposes a stable reload animation timeline (0.223883ms)
✔ enemy selects cover instead of charging directly at player (7.731368ms)
✔ grenade bounces on walls, warns AI, and applies radial damage (4.882245ms)
✔ battle director activates reinforcement groups without replacing individual AI (1.529833ms)
✔ text-only OBJ assets load with meshes, normals, and MTL colors (16.497854ms)
✔ pointer lock entry and resume ignore cursor warps while later mouse movement works (1.220083ms)
✔ Ju 87 clones use native LODs, share art, sample the saved clock and preserve the existing raid path (9.555077ms)
✔ missing optional Ju 87 art keeps the silhouettes; partial failure uses available detail and disposal prevents attachment (10.412613ms)
✔ M01 GLBs keep nine spans, measured supports and map placement in every LOD (8.308605ms)
✔ M01 all LODs ship event-linked damage replacements with stable logical IDs (5.687922ms)
✔ M01 demolition IDs survive LOD changes and JSON restoration; colliders stay removed (31.409907ms)
✔ M01 road towers remain separate, measured and damage-linked in all LODs (2.83295ms)
✔ M01 binary exports contain finite positions and unit normals (80.77598ms)
✔ M01 manifest matches binary counts, current map hash and decreasing LOD budgets (7.949582ms)
✔ M01 historical uncertainty and modern geometry conflicts remain explicit (5.769794ms)
✔ all six GLBs have finite skin weights, valid joint indices, embedded textures and decreasing LOD budgets (81.586585ms)
✔ all twenty-five animation clips bind to real named bones, have monotonic times and finite transforms (27.105716ms)
✔ the original station drag loops on the existing rig with a locked source and finite transforms (7.293968ms)
✔ first-person geometry keeps actual GLB arm/hand surfaces and leaves the world uniform unchanged (40.946763ms)
✔ the actual reload rig keeps the open action, clip and hand in the first-person frustum on both usable LODs (107.456299ms)
✔ sampling real clock, changing LOD and restoring a copy preserves bone transforms and immutable data (11.011852ms)
✔ wounded attachment follows its carrier socket and detaches after delivery without changing simulation coordinates (4.139391ms)
✔ MakeHuman data licence is shipped exactly as locked at its source revision (0.944123ms)
✔ the station casualty remains grounded while the medic samples the backward drag and its fallback (6.536553ms)
✔ Kowal and healthy Bąk use their own meshes and muzzle sockets, preserve data and hide the casualty weapon (13.859754ms)
✔ riflemen finish the bolt after the flash; pinned engineers stop their working hands until the repair resumes (1.332741ms)
✔ M01 ckm wz.30: metros, +Y, cano para −Z, 1,2 m ±2 %, hierarquia de pivôs e três LODs no orçamento (4.184538ms)
✔ M01 ckm wz.30: clips da arma animam os nós móveis; rajada de 8 a 600/min; alimentação puxa a ponta e arma duas vezes (13.485844ms)
✔ M01 ckm wz.30: clips ckm_wz30_* do atirador e do municiador ligam-se ao rig polaco, não repetem nomes e mostram uma só arma (28.471711ms)
✔ the sappers walk to the second cut where the crate is delivered, so "leve a caixa aos sapadores" is true (3434.974923ms)
✔ Bąk takes the deck position with the 05:30 order and falls at bak_wound_point, in front of the player (767.030509ms)
✔ a direction hint names the destination, distance and side when the player does not approach it (66.917541ms)
✔ once the repair gate is ready the rest of seg_repair runs at readyScale; before that it keeps scale (1.398277ms)
✔ the full control route still reaches the debrief with every required objective after the fixes (0.210212ms)
✔ the withdrawing east platoon runs past the firing point during the corridor phase and does not stall at x = -109 (1827.985831ms)
✔ a Bąk delivered by the player stays visible beside Dudek, who carries him west before the west demolition (604.964992ms)
✔ when Dudek retrieves Bąk he walks to him on the deck and carries him to the station, visible all the way (823.670749ms)
✔ the roll call positions the present section in the shelter facing Jan; the absent stay away (978.992961ms)
✔ Kowal hands over at most six clips of section ammunition; saves keep the ammunition invariant (10.565669ms)
✔ legacy schema 2 saves receive the unused section supply and can resupply after loading (7.548827ms)
✔ the bridge trusses contain movement: no falling off a span sideways or into a blown gap; the river bank still can (3.957791ms)
✔ a Bąk delivered after the east demolition is still evacuated, so the west demolition is not held forever (800.721954ms)
✔ real control routes compare covering and ignoring: faster repair, fewer near misses and more survivors with support (6380.190027ms)
✔ repair suppression requires a round that really arrives within 3 m; a solid wall shields the sappers (140.052049ms)
✔ inactive or suppressed Germans on the spans cause no withdrawal losses; looking away does not stop combat (889.539688ms)
✔ casualty IDs and rounds in flight survive reload and checkpoint restore; invalid optional timers are rejected atomically (301.8188ms)
✔ legacy schema 2 saves migrate and the six reserve slots stay outside the eighteen-man platoon (54.545689ms)
✔ the air-raid cover instruction remains visible briefly even if the player was already in cover (6.198119ms)
✔ adjustment warning and HUD identify a real salvo; view direction changes the bearing without changing combat (1238.586289ms)
✔ a salvo from the dike behind the trusses identifies its actual origin, rather than the visible gate MG (1267.768947ms)
✔ an occluding wall prevents an adjustment warning and cover reservation, with a bounded retry (145.967533ms)
✔ saved origin restores as data, expires after eight active seconds, and invalid or legacy saves remain safe (83.420123ms)
✔ German fire starts on the east bank; only shooters in sight of the west bank (the Lisewo gates) aim at it (905.821315ms)
✔ rounds that pass within 3 m pin the sappers and stop the repair; the HUD line is exactly the simulation state (714.070507ms)
✔ keeping the gate MG down shortens the repair; ignoring it lets the sappers be pinned again and again (6272.237086ms)
✔ covering fire on the Germans on the spans saves men; without it the platoon falls to the predicted minimum (0.391862ms)
✔ historical times, checkpoints and demolition safety are unchanged in both routes (0.206597ms)
✔ rounds in flight survive save and restore and play out identically; corrupt rounds are rejected (489.563704ms)
✔ after 120 s of continuous suppression the fire on the repair eases without warning until work resumes (864.556834ms)
✔ the withdrawal HUD line reports the real count by ID and whether the Germans on the spans are suppressed (1601.948594ms)
✔ allies under fire are drawn hunched (pinned pose) only while suppressedUntil lasts, without touching the actor (1.412769ms)
✔ a designated withdrawal casualty needs an actual actor hit; a wall, a miss or an already dead target cannot lower the count (1.912191ms)
✔ demolition bearing follows the actual impact and player view without changing the event or camera (3618.904508ms)
✔ demolition cue restores from data, expires on active time, and distinguishes the west blast (132.192154ms)
✔ foreground trunks obstruct walking and shots; restoring destruction reconstructs the same static obstacles (4.863317ms)
✔ M01 Ju 87 B-1: metres, nose to −Z, 11.10 × 13.80 m, stable nodes and three LODs within budget (2.029125ms)
✔ M01 Ju 87 B-1: propeller turns a full revolution about Z; dive brakes open 90° about their hinge (1.280002ms)
✔ M01 MG 34: metros, cano para −Z, 1,219 m ±2 %, peças móveis com pivô e três LODs no orçamento (2.911045ms)
✔ M01 MG 34: clips mg34_* ligam-se ao rig do soldado alemão e aos nós da arma; rajada de 7 a 800/min; recarga do tambor (11.461891ms)
✔ M01 MG 34 deitada: nomes novos, kit da MG 34 e soldados reutilizados sem alterações (hashes do manifesto) (19.173209ms)
✔ M01 MG 34 deitada: alvos do rig e da arma, valores finitos, quaternões unitários e durações (46.241991ms)
✔ M01 MG 34 deitada: rajada de 7 a 0,075 s, janela e cortes; bípode aberto/dobrado; recarga coordenada (1.866343ms)
✔ M01 MG 34 deitada: continuidade com mg34_aim do kit e entre clips deitados (57.801076ms)
✔ M01 MG 34 deitada: AnimationMixer do three.js — contactos, passagem do tambor e pausa/retoma no mesmo frame (68.988911ms)
✔ the real roll call seats only the present actors and keeps their positions and pose through save/reload (3029.902961ms)
✔ actual instance matrices lower seated/crouched heads, keep seated feet on the floor and render horizontal wounded/carried bodies without mutating data (23.325169ms)
✔ legacy actors without pose remain accepted and an unknown saved pose is rejected atomically (5.398492ms)
✔ distance removes face accessories while retaining the same head position, pose and immutable actor (3.105774ms)
✔ a shot shoulders the rifle, keeps both hands on it and attaches the flash to the barrel through yaw and recoil (1.794867ms)
✔ suppression lowers the upper body with feet planted and takes priority over a recent shot; seated, wounded and unarmed actors do not aim (2.214781ms)
✔ a real combat save reproduces the same animation matrices at the same clock after reload and walking lifts a foot without sinking either boot (394.673325ms)
✔ M01 rkm wz.28: metres, barrel to −Z, 1.11 m ±2 %, movable parts and three LODs within budget (1.71587ms)
✔ M01 rkm wz.28: clips bind to the soldier skeleton; burst fires 3 rounds; rifle clip hidden (2.854702ms)
✔ the pure collision JSON remains reproducible from the checked GLB translations (84.940744ms)
✔ debug diagnostics return copies; editing a returned gate or failure cannot change live state (8.431057ms)
✔ wz.29 requires a bolt cycle; an empty magazine uses a clip of five, preserving ammunition (0.341107ms)
✔ wz.29 partial loading commits one round at a time and can be interrupted; in-progress saves resume it (0.374897ms)
✔ M01 complete control route reaches debrief, all required objectives, unique events and all four actual checkpoints (3127.28796ms)
✔ every M01 checkpoint restores exact actors, ammunition, RNG, dialogue, destruction and real clocks after death (29.631534ms)
✔ damaged bridge pieces and German casualties survive LOD changes and checkpoint restoration (6.946932ms)
✔ overdue events use >=; delayed events wait active seconds; pause freezes both clocks and weapon work (11.998577ms)
✔ a late message never rewinds battle time and every aerial impact stays at least thirty metres away (2.429108ms)
✔ west demolition waits inside the safety zone, then releases once the player and allies have left (45.875604ms)
✔ boundary warning precedes failure and its eight second timer resets when the player returns (2.068814ms)
✔ metre-space hitboxes, actual cover and bridge joints support shots and continuous travel (1.465167ms)
✔ corrupt M01 state is rejected atomically before an active scene, grenade or missing timer can crash the game (16.096515ms)
✔ outro calls Nowicki twice as distinct beats and consumes completion once, including skip after partial playback (30.840029ms)
✔ optional Bąk rescue cannot be taken away mid-carry; delivery chooses the player continuity branch (2.339987ms)
✔ all five sectors keep their schedule and stable casualties for ninety seconds while the player looks away (348.737369ms)
✔ west hold timeout sends the sergeant to escort the player without demolition damage (722.874763ms)
✔ grenade blast starts at its real height; solid cover shields a nearby actor and inactive actors stay unharmed (1.677913ms)
✔ M01 soldiers: metres, −Z facing, 1.65–1.85 m and the full game skeleton in every LOD (8.643324ms)
✔ M01 soldiers: visible triangle budget, textures per LOD and togglable variants (6.34641ms)
✔ M01 soldiers: weapons keep documented length (wz.29 1.10, Kar98k ~1.11, wz.98a 1.25, rkm wz.28 1.11 m) with bolt and magazine bones (9.702777ms)
✔ M01 soldier animations bind by bone name and keep kb_wz29 timings (5.216141ms)
✔ the fictional station casualty starts in the yard and the clock triggers his injury only once (397.694368ms)
✔ the backward drag stays on the ground, completes outside the camera and returns Dudek to his post (624.766707ms)
✔ changing the player look never changes the station evacuation or its delivery (642.513514ms)
✔ a save during the drag restores the same actors, task and future positions with no scene objects (444.385851ms)
✔ death or removal of a participant detaches the casualty instead of leaving an invalid or moving carrier reference (1147.063172ms)
✔ legacy schema 2 saves with an already consumed station event do not replay an injury (267.663164ms)
✔ station care coexists with Bąk, all objectives, checkpoints and both historical demolitions on supported and ignored routes (5964.00525ms)
✔ actual MG34 rig cuts 4/5/6/7-round bursts at their saved duration, keeps one weapon and samples pause/restore without mutation (151.058672ms)
✔ two existing MG sources share art and retain independent rigs within the light budget; LOD, suppression, casualties and missing kit fall back (107.541167ms)
✔ 65 actual wagon models use LOD2 instances at 9.10 m with source pivots and shared art; partial/full failures preserve the whole consist (11.963114ms)
✔ disposing while optional wagon downloads are pending never attaches models to the old scene (0.817695ms)
✔ M01 declares the mission contract fields of Prompt §74 (1.395233ms)
✔ M01 IDs are unique across the mission and every reference resolves (2.488097ms)
✔ M01 keeps the documented chronology on the battle clock (1.929326ms)
✔ M01 equips only gear available on 1 September 1939 and never the forbidden weapons (0.325984ms)
✔ M01 keeps the mandatory lines of the master script verbatim (0.340986ms)
✔ M01 labels history and space only with the agreed vocabularies (1.142337ms)
✔ M01 checkpoints accumulate state and never save inside a demolition zone (0.481105ms)
✔ M01 runs at least two independent battle sectors on the clock (0.452051ms)
✔ M01 map geometry matches the documented bridges of 1939 and the measured piers (0.826759ms)
✔ M01 debrief keeps unconfirmed paragraphs disabled until their checks pass (1.081647ms)
✔ M01 vagões danificados: o kit intacto não foi alterado (sha256 registados no manifesto) (3.597735ms)
✔ M01 vagões danificados: metros, 9,10 m no LOD0, rodas no carril, pivôs do intacto e três LODs no orçamento (27.845061ms)
✔ M01 vagões danificados: sockets iguais aos do intacto, mais impact só no danificado (6.762737ms)
✔ M01 vagões danificados: wheels_roll igual ao intacto; doors_open só na porta esquerda do coberto danificado (2.284915ms)
✔ M01 vagões danificados: restos só visuais no nó debris, alterações registadas e sem efeitos próprios (1.382585ms)
✔ M01 vagões: metros, 9,10 m entre tampões no LOD0, rodas no carril, nós estáveis e três LODs no orçamento (2.622417ms)
✔ M01 vagões: rodados dão uma volta por segundo em X; portas do coberto correm 1,95 m em Z (1.499798ms)
ℹ tests 153
ℹ suites 0
ℹ pass 153
ℹ fail 0
ℹ cancelled 0
ℹ skipped 0
ℹ todo 0
ℹ duration_ms 12789.160684
