npm warn Unknown env config "http-proxy". This will stop working in the next major version of npm.

> operation-ashen-road@0.2.0 test
> node --test tests/*.test.js

✔ planar y becomes scene z; height is independent (1.629035ms)
✔ horizontal head shot hits, aiming above the head misses (0.98489ms)
✔ nearest wall shields an enemy; lowering the aim hits terrain (1.060282ms)
✔ wall around muzzle blocks a clear camera sightline (0.331721ms)
✔ enemy in cover cannot cause damage through a wall (1.029947ms)
✔ unreachable destination reports failure and does not move through walls (0.344361ms)
✔ wall shields blast damage but visible nearby actor takes damage (0.417719ms)
✔ JSON checkpoint restores actors, reload, grenade, phase, clock and RNG exactly (8.543385ms)
✔ corrupt and incompatible saves are rejected atomically (8.192695ms)
✔ death restores the last living checkpoint without reviving defeated enemies (3.605835ms)
✔ restored simulation reproduces future seeded decisions and events (365.585901ms)
✔ two independent sectors evolve for 90 seconds with stable losses and unique events (1.232337ms)
✔ partial fourth reinforcement group activates and visible candidates remain hidden (3.384077ms)
✔ zero time never advances reload or the battle (2.080664ms)
✔ weapon enforces cadence, ammo, and reload transfer (2.326659ms)
✔ world blocks walls and permits open cells (0.957189ms)
✔ navigation chooses a walkable next tile around cover (0.625708ms)
✔ mission advances through checkpoint, combat, and radio (0.272003ms)
✔ shot geometry detects targets on aim line (0.213086ms)
✔ 3D matrix composition preserves translation and scale (0.486752ms)
✔ weapon exposes a stable reload animation timeline (0.226466ms)
✔ enemy selects cover instead of charging directly at player (2.747833ms)
✔ grenade bounces on walls, warns AI, and applies radial damage (8.861176ms)
✔ battle director activates reinforcement groups without replacing individual AI (0.801799ms)
✔ text-only OBJ assets load with meshes, normals, and MTL colors (15.971697ms)
✔ pointer lock entry and resume ignore cursor warps while later mouse movement works (1.44329ms)
✔ Ju 87 clones use native LODs, share art, sample the saved clock and preserve the existing raid path (22.958495ms)
✔ missing optional Ju 87 art keeps the silhouettes; partial failure uses available detail and disposal prevents attachment (6.982782ms)
✔ M01 GLBs keep nine spans, measured supports and map placement in every LOD (10.559594ms)
✔ M01 all LODs ship event-linked damage replacements with stable logical IDs (8.367905ms)
✔ M01 demolition IDs survive LOD changes and JSON restoration; colliders stay removed (43.102447ms)
✔ M01 road towers remain separate, measured and damage-linked in all LODs (3.086947ms)
✔ M01 binary exports contain finite positions and unit normals (148.481571ms)
✔ M01 manifest matches binary counts, current map hash and decreasing LOD budgets (8.416687ms)
✔ M01 historical uncertainty and modern geometry conflicts remain explicit (4.719506ms)
✔ all six GLBs have finite skin weights, valid joint indices, embedded textures and decreasing LOD budgets (136.581054ms)
✔ all twenty-five animation clips bind to real named bones, have monotonic times and finite transforms (59.659808ms)
✔ the original station drag loops on the existing rig with a locked source and finite transforms (18.252819ms)
✔ first-person geometry keeps actual GLB arm/hand surfaces and leaves the world uniform unchanged (79.686571ms)
✔ the actual reload rig keeps the open action, clip and hand in the first-person frustum on both usable LODs (121.973594ms)
✔ sampling real clock, changing LOD and restoring a copy preserves bone transforms and immutable data (11.367893ms)
✔ wounded attachment follows its carrier socket and detaches after delivery without changing simulation coordinates (19.105142ms)
✔ MakeHuman data licence is shipped exactly as locked at its source revision (0.769101ms)
✔ the station casualty remains grounded while the medic samples the backward drag and its fallback (8.339202ms)
✔ Kowal and healthy Bąk use their own meshes and muzzle sockets, preserve data and hide the casualty weapon (26.931313ms)
✔ riflemen finish the bolt after the flash; pinned engineers stop their working hands until the repair resumes (1.630837ms)
✔ the sappers walk to the second cut where the crate is delivered, so "leve a caixa aos sapadores" is true (4027.211679ms)
✔ Bąk takes the deck position with the 05:30 order and falls at bak_wound_point, in front of the player (965.747958ms)
✔ a direction hint names the destination, distance and side when the player does not approach it (70.658146ms)
✔ once the repair gate is ready the rest of seg_repair runs at readyScale; before that it keeps scale (1.300969ms)
✔ the full control route still reaches the debrief with every required objective after the fixes (0.254527ms)
✔ the withdrawing east platoon runs past the firing point during the corridor phase and does not stall at x = -109 (2121.00424ms)
✔ a Bąk delivered by the player stays visible beside Dudek, who carries him west before the west demolition (754.361411ms)
✔ when Dudek retrieves Bąk he walks to him on the deck and carries him to the station, visible all the way (826.387906ms)
✔ the roll call positions the present section in the shelter facing Jan; the absent stay away (673.704955ms)
✔ Kowal hands over at most six clips of section ammunition; saves keep the ammunition invariant (9.642403ms)
✔ legacy schema 2 saves receive the unused section supply and can resupply after loading (6.172038ms)
✔ the bridge trusses contain movement: no falling off a span sideways or into a blown gap; the river bank still can (2.998424ms)
✔ a Bąk delivered after the east demolition is still evacuated, so the west demolition is not held forever (784.01171ms)
✔ real control routes compare covering and ignoring: faster repair, fewer near misses and more survivors with support (7412.416199ms)
✔ repair suppression requires a round that really arrives within 3 m; a solid wall shields the sappers (187.957888ms)
✔ inactive or suppressed Germans on the spans cause no withdrawal losses; looking away does not stop combat (885.814288ms)
✔ casualty IDs and rounds in flight survive reload and checkpoint restore; invalid optional timers are rejected atomically (263.549576ms)
✔ legacy schema 2 saves migrate and the six reserve slots stay outside the eighteen-man platoon (46.331927ms)
✔ the air-raid cover instruction remains visible briefly even if the player was already in cover (6.798738ms)
✔ adjustment warning and HUD identify a real salvo; view direction changes the bearing without changing combat (1550.606629ms)
✔ a salvo from the dike behind the trusses identifies its actual origin, rather than the visible gate MG (1488.347755ms)
✔ an occluding wall prevents an adjustment warning and cover reservation, with a bounded retry (141.279782ms)
✔ saved origin restores as data, expires after eight active seconds, and invalid or legacy saves remain safe (65.442764ms)
✔ German fire starts on the east bank; only shooters in sight of the west bank (the Lisewo gates) aim at it (1179.176572ms)
✔ rounds that pass within 3 m pin the sappers and stop the repair; the HUD line is exactly the simulation state (1125.35329ms)
✔ keeping the gate MG down shortens the repair; ignoring it lets the sappers be pinned again and again (6789.612815ms)
✔ covering fire on the Germans on the spans saves men; without it the platoon falls to the predicted minimum (0.769701ms)
✔ historical times, checkpoints and demolition safety are unchanged in both routes (0.222871ms)
✔ rounds in flight survive save and restore and play out identically; corrupt rounds are rejected (435.032234ms)
✔ after 120 s of continuous suppression the fire on the repair eases without warning until work resumes (761.371571ms)
✔ the withdrawal HUD line reports the real count by ID and whether the Germans on the spans are suppressed (1619.597296ms)
✔ allies under fire are drawn hunched (pinned pose) only while suppressedUntil lasts, without touching the actor (1.05899ms)
✔ a designated withdrawal casualty needs an actual actor hit; a wall, a miss or an already dead target cannot lower the count (4.642812ms)
✔ demolition bearing follows the actual impact and player view without changing the event or camera (4053.752973ms)
✔ demolition cue restores from data, expires on active time, and distinguishes the west blast (195.554017ms)
✔ foreground trunks obstruct walking and shots; restoring destruction reconstructs the same static obstacles (6.500256ms)
✔ M01 Ju 87 B-1: metres, nose to −Z, 11.10 × 13.80 m, stable nodes and three LODs within budget (2.736106ms)
✔ M01 Ju 87 B-1: propeller turns a full revolution about Z; dive brakes open 90° about their hinge (1.748007ms)
✔ the real roll call seats only the present actors and keeps their positions and pose through save/reload (3976.69662ms)
✔ actual instance matrices lower seated/crouched heads, keep seated feet on the floor and render horizontal wounded/carried bodies without mutating data (21.240294ms)
✔ legacy actors without pose remain accepted and an unknown saved pose is rejected atomically (8.106536ms)
✔ distance removes face accessories while retaining the same head position, pose and immutable actor (3.659625ms)
✔ a shot shoulders the rifle, keeps both hands on it and attaches the flash to the barrel through yaw and recoil (2.307981ms)
✔ suppression lowers the upper body with feet planted and takes priority over a recent shot; seated, wounded and unarmed actors do not aim (2.702305ms)
✔ a real combat save reproduces the same animation matrices at the same clock after reload and walking lifts a foot without sinking either boot (485.05348ms)
✔ M01 rkm wz.28: metres, barrel to −Z, 1.11 m ±2 %, movable parts and three LODs within budget (2.771398ms)
✔ M01 rkm wz.28: clips bind to the soldier skeleton; burst fires 3 rounds; rifle clip hidden (3.735628ms)
✔ the pure collision JSON remains reproducible from the checked GLB translations (94.57784ms)
✔ debug diagnostics return copies; editing a returned gate or failure cannot change live state (11.300721ms)
✔ wz.29 requires a bolt cycle; an empty magazine uses a clip of five, preserving ammunition (0.373413ms)
✔ wz.29 partial loading commits one round at a time and can be interrupted; in-progress saves resume it (0.223321ms)
✔ M01 complete control route reaches debrief, all required objectives, unique events and all four actual checkpoints (4182.467275ms)
✔ every M01 checkpoint restores exact actors, ammunition, RNG, dialogue, destruction and real clocks after death (19.345946ms)
✔ damaged bridge pieces and German casualties survive LOD changes and checkpoint restoration (5.787178ms)
✔ overdue events use >=; delayed events wait active seconds; pause freezes both clocks and weapon work (17.585016ms)
✔ a late message never rewinds battle time and every aerial impact stays at least thirty metres away (1.772808ms)
✔ west demolition waits inside the safety zone, then releases once the player and allies have left (40.913997ms)
✔ boundary warning precedes failure and its eight second timer resets when the player returns (2.302954ms)
✔ metre-space hitboxes, actual cover and bridge joints support shots and continuous travel (1.509958ms)
✔ corrupt M01 state is rejected atomically before an active scene, grenade or missing timer can crash the game (22.19492ms)
✔ outro calls Nowicki twice as distinct beats and consumes completion once, including skip after partial playback (52.784241ms)
✔ optional Bąk rescue cannot be taken away mid-carry; delivery chooses the player continuity branch (3.725653ms)
✔ all five sectors keep their schedule and stable casualties for ninety seconds while the player looks away (441.997503ms)
✔ west hold timeout sends the sergeant to escort the player without demolition damage (851.209794ms)
✔ grenade blast starts at its real height; solid cover shields a nearby actor and inactive actors stay unharmed (1.723364ms)
✔ M01 soldiers: metres, −Z facing, 1.65–1.85 m and the full game skeleton in every LOD (11.338207ms)
✔ M01 soldiers: visible triangle budget, textures per LOD and togglable variants (6.752349ms)
✔ M01 soldiers: weapons keep documented length (wz.29 1.10, Kar98k ~1.11, wz.98a 1.25, rkm wz.28 1.11 m) with bolt and magazine bones (12.329146ms)
✔ M01 soldier animations bind by bone name and keep kb_wz29 timings (5.31979ms)
✔ the fictional station casualty starts in the yard and the clock triggers his injury only once (433.82224ms)
✔ the backward drag stays on the ground, completes outside the camera and returns Dudek to his post (769.942147ms)
✔ changing the player look never changes the station evacuation or its delivery (891.2097ms)
✔ a save during the drag restores the same actors, task and future positions with no scene objects (455.517107ms)
✔ death or removal of a participant detaches the casualty instead of leaving an invalid or moving carrier reference (1134.634255ms)
✔ legacy schema 2 saves with an already consumed station event do not replay an injury (329.279263ms)
✔ station care coexists with Bąk, all objectives, checkpoints and both historical demolitions on supported and ignored routes (5262.718495ms)
✔ M01 declares the mission contract fields of Prompt §74 (1.303632ms)
✔ M01 IDs are unique across the mission and every reference resolves (2.653593ms)
✔ M01 keeps the documented chronology on the battle clock (1.913506ms)
✔ M01 equips only gear available on 1 September 1939 and never the forbidden weapons (0.321506ms)
✔ M01 keeps the mandatory lines of the master script verbatim (0.257903ms)
✔ M01 labels history and space only with the agreed vocabularies (2.447708ms)
✔ M01 checkpoints accumulate state and never save inside a demolition zone (0.48564ms)
✔ M01 runs at least two independent battle sectors on the clock (0.305262ms)
✔ M01 map geometry matches the documented bridges of 1939 and the measured piers (0.616043ms)
✔ M01 debrief keeps unconfirmed paragraphs disabled until their checks pass (0.887976ms)
ℹ tests 132
ℹ suites 0
ℹ pass 132
ℹ fail 0
ℹ cancelled 0
ℹ skipped 0
ℹ todo 0
ℹ duration_ms 13048.570825
