npm warn Unknown env config "http-proxy". This will stop working in the next major version of npm.

> operation-ashen-road@0.2.0 test
> node --test tests/*.test.js

✔ planar y becomes scene z; height is independent (13.808538ms)
✔ horizontal head shot hits, aiming above the head misses (4.010846ms)
✔ nearest wall shields an enemy; lowering the aim hits terrain (3.774115ms)
✔ wall around muzzle blocks a clear camera sightline (0.186867ms)
✔ enemy in cover cannot cause damage through a wall (1.220759ms)
✔ unreachable destination reports failure and does not move through walls (0.264062ms)
✔ wall shields blast damage but visible nearby actor takes damage (12.781958ms)
✔ JSON checkpoint restores actors, reload, grenade, phase, clock and RNG exactly (38.687718ms)
✔ corrupt and incompatible saves are rejected atomically (5.280978ms)
✔ death restores the last living checkpoint without reviving defeated enemies (16.440391ms)
✔ restored simulation reproduces future seeded decisions and events (610.238409ms)
✔ two independent sectors evolve for 90 seconds with stable losses and unique events (0.985411ms)
✔ partial fourth reinforcement group activates and visible candidates remain hidden (0.419112ms)
✔ zero time never advances reload or the battle (6.295532ms)
✔ weapon enforces cadence, ammo, and reload transfer (2.187553ms)
✔ world blocks walls and permits open cells (1.203745ms)
✔ navigation chooses a walkable next tile around cover (4.458238ms)
✔ mission advances through checkpoint, combat, and radio (0.302268ms)
✔ shot geometry detects targets on aim line (0.263231ms)
✔ 3D matrix composition preserves translation and scale (0.436427ms)
✔ weapon exposes a stable reload animation timeline (0.218074ms)
✔ enemy selects cover instead of charging directly at player (5.380375ms)
✔ grenade bounces on walls, warns AI, and applies radial damage (12.34477ms)
✔ battle director activates reinforcement groups without replacing individual AI (2.548607ms)
✔ text-only OBJ assets load with meshes, normals, and MTL colors (27.999836ms)
✔ pointer lock entry and resume ignore cursor warps while later mouse movement works (1.257584ms)
✔ Ju 87 clones use native LODs, share art, sample the saved clock and preserve the existing raid path (9.89011ms)
✔ missing optional Ju 87 art keeps the silhouettes; partial failure uses available detail and disposal prevents attachment (17.495324ms)
✔ M01 GLBs keep nine spans, measured supports and map placement in every LOD (19.85317ms)
✔ M01 all LODs ship event-linked damage replacements with stable logical IDs (15.653133ms)
✔ M01 demolition IDs survive LOD changes and JSON restoration; colliders stay removed (51.636083ms)
✔ M01 road towers remain separate, measured and damage-linked in all LODs (3.155747ms)
✔ M01 binary exports contain finite positions and unit normals (108.473736ms)
✔ M01 manifest matches binary counts, current map hash and decreasing LOD budgets (15.885889ms)
✔ M01 historical uncertainty and modern geometry conflicts remain explicit (4.932182ms)
✔ all six GLBs have finite skin weights, valid joint indices, embedded textures and decreasing LOD budgets (189.797687ms)
✔ all twenty-five animation clips bind to real named bones, have monotonic times and finite transforms (43.787399ms)
✔ the original station drag loops on the existing rig with a locked source and finite transforms (5.520253ms)
✔ first-person geometry keeps actual GLB arm/hand surfaces and leaves the world uniform unchanged (78.916542ms)
✔ the actual reload rig keeps the open action, clip and hand in the first-person frustum on both usable LODs (104.347209ms)
✔ sampling real clock, changing LOD and restoring a copy preserves bone transforms and immutable data (11.496362ms)
✔ wounded attachment follows its carrier socket and detaches after delivery without changing simulation coordinates (2.306379ms)
✔ MakeHuman data licence is shipped exactly as locked at its source revision (12.941163ms)
✔ the station casualty remains grounded while the medic samples the backward drag and its fallback (6.453376ms)
✔ Kowal and healthy Bąk use their own meshes and muzzle sockets, preserve data and hide the casualty weapon (49.740453ms)
✔ riflemen finish the bolt after the flash; pinned engineers stop their working hands until the repair resumes (6.057659ms)
✔ the sappers walk to the second cut where the crate is delivered, so "leve a caixa aos sapadores" is true (4004.624908ms)
✔ Bąk takes the deck position with the 05:30 order and falls at bak_wound_point, in front of the player (934.327143ms)
✔ a direction hint names the destination, distance and side when the player does not approach it (75.417235ms)
✔ once the repair gate is ready the rest of seg_repair runs at readyScale; before that it keeps scale (1.425453ms)
✔ the full control route still reaches the debrief with every required objective after the fixes (0.211474ms)
✔ the withdrawing east platoon runs past the firing point during the corridor phase and does not stall at x = -109 (2409.789451ms)
✔ a Bąk delivered by the player stays visible beside Dudek, who carries him west before the west demolition (842.405726ms)
✔ when Dudek retrieves Bąk he walks to him on the deck and carries him to the station, visible all the way (878.370739ms)
✔ the roll call positions the present section in the shelter facing Jan; the absent stay away (879.665776ms)
✔ Kowal hands over at most six clips of section ammunition; saves keep the ammunition invariant (11.435001ms)
✔ legacy schema 2 saves receive the unused section supply and can resupply after loading (9.055083ms)
✔ the bridge trusses contain movement: no falling off a span sideways or into a blown gap; the river bank still can (2.365106ms)
✔ a Bąk delivered after the east demolition is still evacuated, so the west demolition is not held forever (980.568524ms)
✔ real control routes compare covering and ignoring: faster repair, fewer near misses and more survivors with support (8070.598435ms)
✔ repair suppression requires a round that really arrives within 3 m; a solid wall shields the sappers (214.275677ms)
✔ inactive or suppressed Germans on the spans cause no withdrawal losses; looking away does not stop combat (915.232534ms)
✔ casualty IDs and rounds in flight survive reload and checkpoint restore; invalid optional timers are rejected atomically (310.740482ms)
✔ legacy schema 2 saves migrate and the six reserve slots stay outside the eighteen-man platoon (68.787367ms)
✔ the air-raid cover instruction remains visible briefly even if the player was already in cover (9.87793ms)
✔ adjustment warning and HUD identify a real salvo; view direction changes the bearing without changing combat (1977.812357ms)
✔ a salvo from the dike behind the trusses identifies its actual origin, rather than the visible gate MG (1911.411112ms)
✔ an occluding wall prevents an adjustment warning and cover reservation, with a bounded retry (222.792107ms)
✔ saved origin restores as data, expires after eight active seconds, and invalid or legacy saves remain safe (76.860214ms)
✔ German fire starts on the east bank; only shooters in sight of the west bank (the Lisewo gates) aim at it (1486.122287ms)
✔ rounds that pass within 3 m pin the sappers and stop the repair; the HUD line is exactly the simulation state (1100.561882ms)
✔ keeping the gate MG down shortens the repair; ignoring it lets the sappers be pinned again and again (7496.315969ms)
✔ covering fire on the Germans on the spans saves men; without it the platoon falls to the predicted minimum (2.371826ms)
✔ historical times, checkpoints and demolition safety are unchanged in both routes (0.262729ms)
✔ rounds in flight survive save and restore and play out identically; corrupt rounds are rejected (467.007383ms)
✔ after 120 s of continuous suppression the fire on the repair eases without warning until work resumes (714.472451ms)
✔ the withdrawal HUD line reports the real count by ID and whether the Germans on the spans are suppressed (1921.078254ms)
✔ allies under fire are drawn hunched (pinned pose) only while suppressedUntil lasts, without touching the actor (1.467265ms)
✔ a designated withdrawal casualty needs an actual actor hit; a wall, a miss or an already dead target cannot lower the count (6.898536ms)
✔ demolition bearing follows the actual impact and player view without changing the event or camera (5206.89067ms)
✔ demolition cue restores from data, expires on active time, and distinguishes the west blast (313.424101ms)
✔ foreground trunks obstruct walking and shots; restoring destruction reconstructs the same static obstacles (5.367506ms)
✔ M01 Ju 87 B-1: metres, nose to −Z, 11.10 × 13.80 m, stable nodes and three LODs within budget (6.094885ms)
✔ M01 Ju 87 B-1: propeller turns a full revolution about Z; dive brakes open 90° about their hinge (1.24775ms)
✔ M01 MG 34: metros, cano para −Z, 1,219 m ±2 %, peças móveis com pivô e três LODs no orçamento (17.49283ms)
✔ M01 MG 34: clips mg34_* ligam-se ao rig do soldado alemão e aos nós da arma; rajada de 7 a 800/min; recarga do tambor (17.077835ms)
✔ the real roll call seats only the present actors and keeps their positions and pose through save/reload (5197.130874ms)
✔ actual instance matrices lower seated/crouched heads, keep seated feet on the floor and render horizontal wounded/carried bodies without mutating data (43.634712ms)
✔ legacy actors without pose remain accepted and an unknown saved pose is rejected atomically (16.763199ms)
✔ distance removes face accessories while retaining the same head position, pose and immutable actor (6.158809ms)
✔ a shot shoulders the rifle, keeps both hands on it and attaches the flash to the barrel through yaw and recoil (2.707584ms)
✔ suppression lowers the upper body with feet planted and takes priority over a recent shot; seated, wounded and unarmed actors do not aim (9.756453ms)
✔ a real combat save reproduces the same animation matrices at the same clock after reload and walking lifts a foot without sinking either boot (596.058372ms)
✔ M01 rkm wz.28: metres, barrel to −Z, 1.11 m ±2 %, movable parts and three LODs within budget (4.721649ms)
✔ M01 rkm wz.28: clips bind to the soldier skeleton; burst fires 3 rounds; rifle clip hidden (19.357214ms)
✔ the pure collision JSON remains reproducible from the checked GLB translations (182.974312ms)
✔ debug diagnostics return copies; editing a returned gate or failure cannot change live state (14.597749ms)
✔ wz.29 requires a bolt cycle; an empty magazine uses a clip of five, preserving ammunition (0.294997ms)
✔ wz.29 partial loading commits one round at a time and can be interrupted; in-progress saves resume it (0.216491ms)
✔ M01 complete control route reaches debrief, all required objectives, unique events and all four actual checkpoints (5334.58229ms)
✔ every M01 checkpoint restores exact actors, ammunition, RNG, dialogue, destruction and real clocks after death (43.690664ms)
✔ damaged bridge pieces and German casualties survive LOD changes and checkpoint restoration (6.644629ms)
✔ overdue events use >=; delayed events wait active seconds; pause freezes both clocks and weapon work (15.895883ms)
✔ a late message never rewinds battle time and every aerial impact stays at least thirty metres away (1.498351ms)
✔ west demolition waits inside the safety zone, then releases once the player and allies have left (33.403365ms)
✔ boundary warning precedes failure and its eight second timer resets when the player returns (1.346346ms)
✔ metre-space hitboxes, actual cover and bridge joints support shots and continuous travel (0.948125ms)
✔ corrupt M01 state is rejected atomically before an active scene, grenade or missing timer can crash the game (13.062522ms)
✔ outro calls Nowicki twice as distinct beats and consumes completion once, including skip after partial playback (51.215078ms)
✔ optional Bąk rescue cannot be taken away mid-carry; delivery chooses the player continuity branch (2.554347ms)
✔ all five sectors keep their schedule and stable casualties for ninety seconds while the player looks away (492.404929ms)
✔ west hold timeout sends the sergeant to escort the player without demolition damage (1119.253708ms)
✔ grenade blast starts at its real height; solid cover shields a nearby actor and inactive actors stay unharmed (2.271017ms)
✔ M01 soldiers: metres, −Z facing, 1.65–1.85 m and the full game skeleton in every LOD (23.705359ms)
✔ M01 soldiers: visible triangle budget, textures per LOD and togglable variants (9.569155ms)
✔ M01 soldiers: weapons keep documented length (wz.29 1.10, Kar98k ~1.11, wz.98a 1.25, rkm wz.28 1.11 m) with bolt and magazine bones (21.296093ms)
✔ M01 soldier animations bind by bone name and keep kb_wz29 timings (10.123997ms)
✔ the fictional station casualty starts in the yard and the clock triggers his injury only once (417.723113ms)
✔ the backward drag stays on the ground, completes outside the camera and returns Dudek to his post (751.161577ms)
✔ changing the player look never changes the station evacuation or its delivery (870.836851ms)
✔ a save during the drag restores the same actors, task and future positions with no scene objects (720.464128ms)
✔ death or removal of a participant detaches the casualty instead of leaving an invalid or moving carrier reference (1149.232751ms)
✔ legacy schema 2 saves with an already consumed station event do not replay an injury (294.330993ms)
✔ station care coexists with Bąk, all objectives, checkpoints and both historical demolitions on supported and ignored routes (6696.391511ms)
✔ M01 declares the mission contract fields of Prompt §74 (1.325145ms)
✔ M01 IDs are unique across the mission and every reference resolves (2.913018ms)
✔ M01 keeps the documented chronology on the battle clock (2.318166ms)
✔ M01 equips only gear available on 1 September 1939 and never the forbidden weapons (0.339162ms)
✔ M01 keeps the mandatory lines of the master script verbatim (0.230121ms)
✔ M01 labels history and space only with the agreed vocabularies (1.095304ms)
✔ M01 checkpoints accumulate state and never save inside a demolition zone (0.602794ms)
✔ M01 runs at least two independent battle sectors on the clock (0.908677ms)
✔ M01 map geometry matches the documented bridges of 1939 and the measured piers (0.690113ms)
✔ M01 debrief keeps unconfirmed paragraphs disabled until their checks pass (1.063596ms)
✔ M01 vagões: metros, 9,10 m entre tampões no LOD0, rodas no carril, nós estáveis e três LODs no orçamento (2.387249ms)
✔ M01 vagões: rodados dão uma volta por segundo em X; portas do coberto correm 1,95 m em Z (6.042638ms)
ℹ tests 136
ℹ suites 0
ℹ pass 136
ℹ fail 0
ℹ cancelled 0
ℹ skipped 0
ℹ todo 0
ℹ duration_ms 15883.402461
