npm warn Unknown env config "http-proxy". This will stop working in the next major version of npm.

> operation-ashen-road@0.2.0 test
> node --test tests/*.test.js

✔ planar y becomes scene z; height is independent (1.48796ms)
✔ horizontal head shot hits, aiming above the head misses (0.979225ms)
✔ nearest wall shields an enemy; lowering the aim hits terrain (1.134616ms)
✔ wall around muzzle blocks a clear camera sightline (0.232496ms)
✔ enemy in cover cannot cause damage through a wall (1.140494ms)
✔ unreachable destination reports failure and does not move through walls (0.257973ms)
✔ wall shields blast damage but visible nearby actor takes damage (2.30273ms)
✔ JSON checkpoint restores actors, reload, grenade, phase, clock and RNG exactly (13.114932ms)
✔ corrupt and incompatible saves are rejected atomically (6.935522ms)
✔ death restores the last living checkpoint without reviving defeated enemies (5.367513ms)
✔ restored simulation reproduces future seeded decisions and events (299.108289ms)
✔ two independent sectors evolve for 90 seconds with stable losses and unique events (0.784195ms)
✔ partial fourth reinforcement group activates and visible candidates remain hidden (2.93519ms)
✔ zero time never advances reload or the battle (0.893988ms)
✔ weapon enforces cadence, ammo, and reload transfer (2.138476ms)
✔ world blocks walls and permits open cells (0.767951ms)
✔ navigation chooses a walkable next tile around cover (0.366805ms)
✔ mission advances through checkpoint, combat, and radio (0.227938ms)
✔ shot geometry detects targets on aim line (0.15481ms)
✔ 3D matrix composition preserves translation and scale (0.28962ms)
✔ weapon exposes a stable reload animation timeline (0.158035ms)
✔ enemy selects cover instead of charging directly at player (2.757096ms)
✔ grenade bounces on walls, warns AI, and applies radial damage (4.498963ms)
✔ battle director activates reinforcement groups without replacing individual AI (1.453389ms)
✔ text-only OBJ assets load with meshes, normals, and MTL colors (22.026059ms)
✔ pointer lock entry and resume ignore cursor warps while later mouse movement works (1.40002ms)
✔ Ju 87 clones use native LODs, share art, sample the saved clock and preserve the existing raid path (10.216757ms)
✔ missing optional Ju 87 art keeps the silhouettes; partial failure uses available detail and disposal prevents attachment (5.707629ms)
✔ M01 GLBs keep nine spans, measured supports and map placement in every LOD (18.002472ms)
✔ M01 all LODs ship event-linked damage replacements with stable logical IDs (7.385681ms)
✔ M01 demolition IDs survive LOD changes and JSON restoration; colliders stay removed (50.250165ms)
✔ M01 road towers remain separate, measured and damage-linked in all LODs (4.534316ms)
✔ M01 binary exports contain finite positions and unit normals (114.643929ms)
✔ M01 manifest matches binary counts, current map hash and decreasing LOD budgets (7.090422ms)
✔ M01 historical uncertainty and modern geometry conflicts remain explicit (4.801913ms)
✔ all six GLBs have finite skin weights, valid joint indices, embedded textures and decreasing LOD budgets (176.340933ms)
✔ all twenty-five animation clips bind to real named bones, have monotonic times and finite transforms (45.062178ms)
✔ the original station drag loops on the existing rig with a locked source and finite transforms (5.302777ms)
✔ first-person geometry keeps actual GLB arm/hand surfaces and leaves the world uniform unchanged (58.240243ms)
✔ the actual reload rig keeps the open action, clip and hand in the first-person frustum on both usable LODs (151.910407ms)
✔ sampling real clock, changing LOD and restoring a copy preserves bone transforms and immutable data (20.356819ms)
✔ wounded attachment follows its carrier socket and detaches after delivery without changing simulation coordinates (8.438145ms)
✔ MakeHuman data licence is shipped exactly as locked at its source revision (0.846948ms)
✔ the station casualty remains grounded while the medic samples the backward drag and its fallback (18.045656ms)
✔ Kowal and healthy Bąk use their own meshes and muzzle sockets, preserve data and hide the casualty weapon (20.952444ms)
✔ riflemen finish the bolt after the flash; pinned engineers stop their working hands until the repair resumes (3.073936ms)
✔ M01 ckm wz.30: metros, +Y, cano para −Z, 1,2 m ±2 %, hierarquia de pivôs e três LODs no orçamento (3.395123ms)
✔ M01 ckm wz.30: clips da arma animam os nós móveis; rajada de 8 a 600/min; alimentação puxa a ponta e arma duas vezes (8.073633ms)
✔ M01 ckm wz.30: clips ckm_wz30_* do atirador e do municiador ligam-se ao rig polaco, não repetem nomes e mostram uma só arma (31.948208ms)
✔ M01 ckm wz.30: LOD0 dentro dos 4000 triângulos sem mudar silhueta, pivôs, sockets, fita nem clips; LOD1, LOD2 e clips intactos (4.605051ms)
✔ the sappers walk to the second cut where the crate is delivered, so "leve a caixa aos sapadores" is true (3414.280362ms)
✔ Bąk takes the deck position with the 05:30 order and falls at bak_wound_point, in front of the player (787.792959ms)
✔ a direction hint names the destination, distance and side when the player does not approach it (58.54019ms)
✔ once the repair gate is ready the rest of seg_repair runs at readyScale; before that it keeps scale (1.361983ms)
✔ the full control route still reaches the debrief with every required objective after the fixes (0.189521ms)
✔ the withdrawing east platoon runs past the firing point during the corridor phase and does not stall at x = -109 (2150.609431ms)
✔ a Bąk delivered by the player stays visible beside Dudek, who carries him west before the west demolition (757.011791ms)
✔ when Dudek retrieves Bąk he walks to him on the deck and carries him to the station, visible all the way (720.512873ms)
✔ the roll call positions the present section in the shelter facing Jan; the absent stay away (1053.071383ms)
✔ Kowal hands over at most six clips of section ammunition; saves keep the ammunition invariant (10.663381ms)
✔ legacy schema 2 saves receive the unused section supply and can resupply after loading (8.426458ms)
✔ the bridge trusses contain movement: no falling off a span sideways or into a blown gap; the river bank still can (2.270873ms)
✔ a Bąk delivered after the east demolition is still evacuated, so the west demolition is not held forever (781.790711ms)
✔ real control routes compare covering and ignoring: faster repair, fewer near misses and more survivors with support (7124.079991ms)
✔ repair suppression requires a round that really arrives within 3 m; a solid wall shields the sappers (168.466093ms)
✔ inactive or suppressed Germans on the spans cause no withdrawal losses; looking away does not stop combat (794.335838ms)
✔ casualty IDs and rounds in flight survive reload and checkpoint restore; invalid optional timers are rejected atomically (324.437011ms)
✔ legacy schema 2 saves migrate and the six reserve slots stay outside the eighteen-man platoon (52.853455ms)
✔ the air-raid cover instruction remains visible briefly even if the player was already in cover (17.325467ms)
✔ adjustment warning and HUD identify a real salvo; view direction changes the bearing without changing combat (1564.508626ms)
✔ a salvo from the dike behind the trusses identifies its actual origin, rather than the visible gate MG (1243.019491ms)
✔ an occluding wall prevents an adjustment warning and cover reservation, with a bounded retry (171.581354ms)
✔ saved origin restores as data, expires after eight active seconds, and invalid or legacy saves remain safe (50.905428ms)
✔ German fire starts on the east bank; only shooters in sight of the west bank (the Lisewo gates) aim at it (1013.252394ms)
✔ rounds that pass within 3 m pin the sappers and stop the repair; the HUD line is exactly the simulation state (739.142465ms)
✔ keeping the gate MG down shortens the repair; ignoring it lets the sappers be pinned again and again (6708.048299ms)
✔ covering fire on the Germans on the spans saves men; without it the platoon falls to the predicted minimum (0.601584ms)
✔ historical times, checkpoints and demolition safety are unchanged in both routes (0.226937ms)
✔ rounds in flight survive save and restore and play out identically; corrupt rounds are rejected (406.536255ms)
✔ after 120 s of continuous suppression the fire on the repair eases without warning until work resumes (765.740614ms)
✔ the withdrawal HUD line reports the real count by ID and whether the Germans on the spans are suppressed (1667.311636ms)
✔ allies under fire are drawn hunched (pinned pose) only while suppressedUntil lasts, without touching the actor (1.104591ms)
✔ a designated withdrawal casualty needs an actual actor hit; a wall, a miss or an already dead target cannot lower the count (1.701037ms)
✔ demolition bearing follows the actual impact and player view without changing the event or camera (3357.415096ms)
✔ demolition cue restores from data, expires on active time, and distinguishes the west blast (149.970006ms)
✔ foreground trunks obstruct walking and shots; restoring destruction reconstructs the same static obstacles (5.758504ms)
✔ M01 Ju 87 B-1: metres, nose to −Z, 11.10 × 13.80 m, stable nodes and three LODs within budget (2.219137ms)
✔ M01 Ju 87 B-1: propeller turns a full revolution about Z; dive brakes open 90° about their hinge (1.397206ms)
✔ M01 MG 34: metros, cano para −Z, 1,219 m ±2 %, peças móveis com pivô e três LODs no orçamento (7.066607ms)
✔ M01 MG 34: clips mg34_* ligam-se ao rig do soldado alemão e aos nós da arma; rajada de 7 a 800/min; recarga do tambor (10.253732ms)
✔ M01 MG 34 deitada: nomes novos, kit da MG 34 e soldados reutilizados sem alterações (hashes do manifesto) (22.185155ms)
✔ M01 MG 34 deitada: alvos do rig e da arma, valores finitos, quaternões unitários e durações (51.163231ms)
✔ M01 MG 34 deitada: rajada de 7 a 0,075 s, janela e cortes; bípode aberto/dobrado; recarga coordenada (1.902997ms)
✔ M01 MG 34 deitada: continuidade com mg34_aim do kit e entre clips deitados (64.202712ms)
✔ M01 MG 34 deitada: AnimationMixer do three.js — contactos, passagem do tambor e pausa/retoma no mesmo frame (77.576397ms)
✔ the real roll call seats only the present actors and keeps their positions and pose through save/reload (3745.293551ms)
✔ actual instance matrices lower seated/crouched heads, keep seated feet on the floor and render horizontal wounded/carried bodies without mutating data (23.186262ms)
✔ legacy actors without pose remain accepted and an unknown saved pose is rejected atomically (6.108043ms)
✔ distance removes face accessories while retaining the same head position, pose and immutable actor (4.137026ms)
✔ a shot shoulders the rifle, keeps both hands on it and attaches the flash to the barrel through yaw and recoil (2.501797ms)
✔ suppression lowers the upper body with feet planted and takes priority over a recent shot; seated, wounded and unarmed actors do not aim (2.446895ms)
✔ a real combat save reproduces the same animation matrices at the same clock after reload and walking lifts a foot without sinking either boot (442.859245ms)
✔ M01 rkm wz.28: metres, barrel to −Z, 1.11 m ±2 %, movable parts and three LODs within budget (1.930017ms)
✔ M01 rkm wz.28: clips bind to the soldier skeleton; burst fires 3 rounds; rifle clip hidden (2.839818ms)
✔ the pure collision JSON remains reproducible from the checked GLB translations (88.209953ms)
✔ debug diagnostics return copies; editing a returned gate or failure cannot change live state (6.209614ms)
✔ wz.29 requires a bolt cycle; an empty magazine uses a clip of five, preserving ammunition (0.242501ms)
✔ wz.29 partial loading commits one round at a time and can be interrupted; in-progress saves resume it (0.209852ms)
✔ M01 complete control route reaches debrief, all required objectives, unique events and all four actual checkpoints (3720.240279ms)
✔ every M01 checkpoint restores exact actors, ammunition, RNG, dialogue, destruction and real clocks after death (23.245582ms)
✔ damaged bridge pieces and German casualties survive LOD changes and checkpoint restoration (5.573399ms)
✔ overdue events use >=; delayed events wait active seconds; pause freezes both clocks and weapon work (18.460203ms)
✔ a late message never rewinds battle time and every aerial impact stays at least thirty metres away (1.994984ms)
✔ west demolition waits inside the safety zone, then releases once the player and allies have left (47.498429ms)
✔ boundary warning precedes failure and its eight second timer resets when the player returns (1.920984ms)
✔ metre-space hitboxes, actual cover and bridge joints support shots and continuous travel (1.649971ms)
✔ corrupt M01 state is rejected atomically before an active scene, grenade or missing timer can crash the game (18.244402ms)
✔ outro calls Nowicki twice as distinct beats and consumes completion once, including skip after partial playback (68.767335ms)
✔ optional Bąk rescue cannot be taken away mid-carry; delivery chooses the player continuity branch (3.796831ms)
✔ all five sectors keep their schedule and stable casualties for ninety seconds while the player looks away (412.028704ms)
✔ west hold timeout sends the sergeant to escort the player without demolition damage (970.046499ms)
✔ grenade blast starts at its real height; solid cover shields a nearby actor and inactive actors stay unharmed (3.684113ms)
✔ M01 soldiers: metres, −Z facing, 1.65–1.85 m and the full game skeleton in every LOD (19.457082ms)
✔ M01 soldiers: visible triangle budget, textures per LOD and togglable variants (14.188266ms)
✔ M01 soldiers: weapons keep documented length (wz.29 1.10, Kar98k ~1.11, wz.98a 1.25, rkm wz.28 1.11 m) with bolt and magazine bones (18.743523ms)
✔ M01 soldier animations bind by bone name and keep kb_wz29 timings (9.420774ms)
✔ the real station clips sample both roles from saved phase time, with pause, fresh renderer and LOD restore (1156.763642ms)
✔ the patient holds the actual final grab pose throughout the moving backward drag (238.650649ms)
✔ a missing or incomplete optional transition pair falls back together and leaves evacuation success to simulation (3837.104536ms)
✔ M01 arrasto da estação: ficheiros novos, rig e clips reutilizados sem alterações (SHA-256 do manifesto) (4.333928ms)
✔ M01 arrasto da estação: alvos dos 61 ossos, valores finitos, quaternões unitários, relógio e eventos dos pares (80.279732ms)
✔ M01 arrasto da estação: extremos iguais às poses reais, percurso inverso e raiz sem deslocação (312.698793ms)
✔ M01 arrasto da estação: AnimationMixer do three.js — contactos, paciente de costas, corpos e pausa/retoma (153.921513ms)
✔ the fictional station casualty starts in the yard and the clock triggers his injury only once (481.345707ms)
✔ the backward drag stays on the ground, completes outside the camera and returns Dudek to his post (695.534061ms)
✔ changing the player look never changes the station evacuation or its delivery (779.775588ms)
✔ a save during the drag restores the same actors, task and future positions with no scene objects (564.352915ms)
✔ death or removal of a participant detaches the casualty instead of leaving an invalid or moving carrier reference (1085.65347ms)
✔ legacy schema 2 saves with an already consumed station event do not replay an injury (305.492093ms)
✔ station care coexists with Bąk, all objectives, checkpoints and both historical demolitions on supported and ignored routes (5605.589353ms)
✔ grab and release last 1.6 mission seconds, hold both roots and deliver only after settling (332.358969ms)
✔ schema 2 restores every station phase and its future clocks, actors and RNG exactly (746.315757ms)
✔ all station phases interrupt on casualty/medic death, removal or reassignment without delivery (3296.484902ms)
✔ old schema 2 transit saves resume without a new grab and corrupt station phases are rejected atomically (206.875059ms)
✔ actual MG34 rig cuts 4/5/6/7-round bursts at their saved duration, keeps one weapon and samples pause/restore without mutation (145.996711ms)
✔ two existing MG sources share art and retain independent rigs within the light budget; LOD, suppression, casualties and missing kit fall back (100.159734ms)
✔ 65 actual wagon models use LOD2 instances at 9.10 m with source pivots and shared art; partial/full failures preserve the whole consist (10.059103ms)
✔ disposing while optional wagon downloads are pending never attaches models to the old scene (0.905896ms)
✔ M01 declares the mission contract fields of Prompt §74 (0.950783ms)
✔ M01 IDs are unique across the mission and every reference resolves (11.155712ms)
✔ M01 keeps the documented chronology on the battle clock (1.569992ms)
✔ M01 equips only gear available on 1 September 1939 and never the forbidden weapons (0.272605ms)
✔ M01 keeps the mandatory lines of the master script verbatim (1.255034ms)
✔ M01 labels history and space only with the agreed vocabularies (0.586221ms)
✔ M01 checkpoints accumulate state and never save inside a demolition zone (3.997899ms)
✔ M01 runs at least two independent battle sectors on the clock (3.34558ms)
✔ M01 map geometry matches the documented bridges of 1939 and the measured piers (0.4308ms)
✔ M01 debrief keeps unconfirmed paragraphs disabled until their checks pass (0.795412ms)
✔ M01 vagões danificados: o kit intacto não foi alterado (sha256 registados no manifesto) (4.924195ms)
✔ M01 vagões danificados: metros, 9,10 m no LOD0, rodas no carril, pivôs do intacto e três LODs no orçamento (36.643564ms)
✔ M01 vagões danificados: sockets iguais aos do intacto, mais impact só no danificado (2.729564ms)
✔ M01 vagões danificados: wheels_roll igual ao intacto; doors_open só na porta esquerda do coberto danificado (3.554771ms)
✔ M01 vagões danificados: restos só visuais no nó debris, alterações registadas e sem efeitos próprios (1.37984ms)
✔ M01 vagões: metros, 9,10 m entre tampões no LOD0, rodas no carril, nós estáveis e três LODs no orçamento (2.770726ms)
✔ M01 vagões: rodados dão uma volta por segundo em X; portas do coberto correm 1,95 m em Z (1.556792ms)
ℹ tests 165
ℹ suites 0
ℹ pass 165
ℹ fail 0
ℹ cancelled 0
ℹ skipped 0
ℹ todo 0
ℹ duration_ms 19081.699369
