[WebServer] (node:31) Warning: The 'NO_COLOR' env is ignored due to the 'FORCE_COLOR' env being set.
[WebServer] (Use `node --trace-warnings ...` to show where the warning was created)
[WebServer] npm warn Unknown env config "http-proxy". This will stop working in the next major version of npm.
[WebServer] (node:44) Warning: The 'NO_COLOR' env is ignored due to the 'FORCE_COLOR' env being set.
[WebServer] (Use `node --trace-warnings ...` to show where the warning was created)

Running 39 tests using 1 worker

(node:78) Warning: The 'NO_COLOR' env is ignored due to the 'FORCE_COLOR' env being set.
(Use `node --trace-warnings ...` to show where the warning was created)
(node:78) Warning: The 'NO_COLOR' env is ignored due to the 'FORCE_COLOR' env being set.
(Use `node --trace-warnings ...` to show where the warning was created)
  ✓   1 tests/browser/game.spec.js:28:1 › production prefix loads assets; real click captures mouse; shooting, reload and pause work (16.0s)
  ✓   2 tests/browser/game.spec.js:68:1 › real keyboard movement reaches and stores checkpoint; restart and page reload restore it (32.2s)
  ✓   3 tests/browser/game.spec.js:98:1 › corrupt checkpoint is explained and a new mission remains available (7.0s)
  ✓   4 tests/browser/game.spec.js:106:1 › missing models are reported and procedural fallback keeps the area playable (8.4s)
  ✓   5 tests/browser/m01-mg34-prone.spec.js:24:28 › real MG34 prone save after shot 1: production continuation, real muzzle, pause and reload (20.7s)
  ✓   6 tests/browser/m01-mg34-prone.spec.js:24:28 › real MG34 prone save after shot 4: production continuation, real muzzle, pause and reload (25.0s)
  ✓   7 tests/browser/m01-mg34-prone.spec.js:24:28 › real MG34 prone save after shot 6: production continuation, real muzzle, pause and reload (20.7s)
  ✓   8 tests/browser/m01-mg34-prone.spec.js:42:1 › missing optional prone GLB keeps real MG34 gameplay and procedural low posture (12.6s)
  ✘   9 tests/browser/m01-wz29-viewmodel.spec.js:4:46 › Wz.29 production ADS, paused save reconstruction and actual sights on low (7.1s)
(node:320) Warning: The 'NO_COLOR' env is ignored due to the 'FORCE_COLOR' env being set.
(Use `node --trace-warnings ...` to show where the warning was created)
(node:320) Warning: The 'NO_COLOR' env is ignored due to the 'FORCE_COLOR' env being set.
(Use `node --trace-warnings ...` to show where the warning was created)
  ✘  10 tests/browser/m01-wz29-viewmodel.spec.js:4:46 › Wz.29 production ADS, paused save reconstruction and actual sights on medium (7.0s)
(node:410) Warning: The 'NO_COLOR' env is ignored due to the 'FORCE_COLOR' env being set.
(Use `node --trace-warnings ...` to show where the warning was created)
(node:410) Warning: The 'NO_COLOR' env is ignored due to the 'FORCE_COLOR' env being set.
(Use `node --trace-warnings ...` to show where the warning was created)
  ✘  11 tests/browser/m01-wz29-viewmodel.spec.js:4:46 › Wz.29 production ADS, paused save reconstruction and actual sights on high (8.6s)
(node:502) Warning: The 'NO_COLOR' env is ignored due to the 'FORCE_COLOR' env being set.
(Use `node --trace-warnings ...` to show where the warning was created)
(node:502) Warning: The 'NO_COLOR' env is ignored due to the 'FORCE_COLOR' env being set.
(Use `node --trace-warnings ...` to show where the warning was created)
  ✓  12 tests/browser/m01.spec.js:38:1 › M01 loads the nine bridge LODs; real controls operate bolt, clip, sight, aiming, pause and CP-A (33.8s)
  ✓  13 tests/browser/m01.spec.js:66:1 › the genuine first raid displays three Ju 87 GLBs with light LODs and freezes the propellers on pause (14.6s)
  ✓  14 tests/browser/m01.spec.js:89:1 › unavailable optional Ju 87 models retain all three raid silhouettes and the playable mission (10.2s)
  ✓  15 tests/browser/m01.spec.js:99:1 › licensed character rigs and first-person hands follow real weapon state, preserve pause and use the light preset (45.5s)
  ✓  16 tests/browser/m01.spec.js:148:1 › an optional character download failure preserves playable procedural actors without blocking bridge validation (13.0s)
  ✓  17 tests/browser/m01.spec.js:156:1 › Kowal fires and changes the rkm magazine from actual combat state, preserving both poses in pause (24.3s)
  ✓  18 tests/browser/m01.spec.js:185:1 › missing close-up LOD0 falls back to intact LOD1 hands while the light world actors remain available (8.6s)
  ✓  19 tests/browser/m01.spec.js:193:1 › the station clip alone cannot enable a viewmodel when the required weapon animations fail to download (11.7s)
  ✓  20 tests/browser/m01.spec.js:201:1 › the station evacuation restores its grounded drag, pauses with the mission and delivers the casualty (1.2m)
  ✓  21 tests/browser/m01.spec.js:229:39 › the real station grab restores synchronized clips, pauses and keeps both roots fixed (12.3s)
  ✓  22 tests/browser/m01.spec.js:229:39 › the real station release restores synchronized clips, pauses and keeps both roots fixed (7.3s)
  ✓  23 tests/browser/m01.spec.js:268:1 › a missing optional station transition GLB keeps the grounded fallback and completes evacuation (11.0s)
  ✓  24 tests/browser/m01.spec.js:282:1 › real keyboard movement traverses the approaches and E delivers the message at the rail bridge (1.7m)
  ✓  25 tests/browser/m01.spec.js:308:33 › adjustment salvo at the gates restores its actual origin and follows mouse look (22.6s)
  ✓  26 tests/browser/m01.spec.js:308:33 › adjustment salvo behind the truss restores its actual origin and follows mouse look (27.4s)
  ✓  27 tests/browser/m01.spec.js:327:1 › demolition inside the road truss shows the actual bearing while mouse look remains free (25.9s)
  ✓  28 tests/browser/m01.spec.js:353:1 › a genuine CP-D reload keeps east destruction and casualties, including restart and page reload (21.0s)
  ✓  29 tests/browser/m01.spec.js:366:1 › the actual outro state can be skipped through the UI into the enabled historical debrief (12.9s)
  ✓  30 tests/browser/m01.spec.js:376:1 › German fire on the repair is drawn from the Lisewo gates and the HUD status line is the simulation state (24.5s)
  ✓  31 tests/browser/m01.spec.js:398:1 › the genuine train 963 and both MG34 fire sources use optional GLBs, light instances and reproducible pause/restart (18.8s)
  ✓  32 tests/browser/m01.spec.js:429:1 › schema-2 continuation keeps the older CP-A on the real Restart checkpoint button (7.3s)
  ✓  33 tests/browser/m01.spec.js:447:1 › missing optional wagon models and MG34 clips preserve 65 proxies, both procedural supports and playable M01 (10.0s)
  ✓  34 tests/browser/m01.spec.js:459:1 › the real roll-call snapshot renders seated actors and keeps their pose after page reload (20.7s)
  ✓  35 tests/browser/m01.spec.js:471:1 › a real withdrawal continuation loses men only to rounds from the spans, keeps the twelve-survivor floor and shows the count in the HUD (29.3s)
  ✓  36 tests/browser/m01.spec.js:492:1 › a failed M01 bridge load prevents an invisible bridge; the French sandbox remains selectable (12.2s)
  ✓  37 tests/browser/m01.spec.js:501:1 › textured atmosphere survives checkpoint restart without duplicating resources; low quality reduces vegetation (29.8s)
  ✓  38 tests/browser/m01.spec.js:527:1 › ckm west crew and weapon use actual saved abandon time, pause and fresh reload (30.2s)
  ✓  39 tests/browser/m01.spec.js:546:1 › optional ckm kit failure retains the crew fallback and checkpoint restoration (21.0s)


  1) tests/browser/m01-wz29-viewmodel.spec.js:4:46 › Wz.29 production ADS, paused save reconstruction and actual sights on low 

    Error: expect(received).toBe(expected) // Object.is equality

    Expected: 1
    Received: 0.6708070121920944

      17 |   const before=await page.evaluate(()=>window.gameDiagnostics());
      18 |   const v=before.m01.viewModel;
    > 19 |   expect(v.lod).toBe(0);expect(v.aimBlend).toBe(1);expect(v.clip).toBe('aim');
         |                                            ^
      20 |   for(const sight of Object.values(v.visualSights)){expect(Math.abs(sight[0])).toBeLessThan(1e-8);expect(Math.abs(sight[1])).toBeLessThan(1e-8);expect(sight[2]).toBeLessThan(-.7);}
      21 |   expect(before.m01.weapon).toMatchObject(snapshot.weapon);expect(before.clock).toBe(snapshot.clock);
      22 |   await page.waitForTimeout(200);const after=await page.evaluate(()=>window.gameDiagnostics());
        at /workspace/scratch/df3eb3cee6ee/COD-guerra-wz29/tests/browser/m01-wz29-viewmodel.spec.js:19:44

    attachment #1: screenshot (image/png) ──────────────────────────────────────────────────────────
    test-results/m01-wz29-viewmodel-Wz-29-p-85956-on-and-actual-sights-on-low/test-failed-1.png
    ────────────────────────────────────────────────────────────────────────────────────────────────

    Error Context: test-results/m01-wz29-viewmodel-Wz-29-p-85956-on-and-actual-sights-on-low/error-context.md

    attachment #3: trace (application/zip) ─────────────────────────────────────────────────────────
    test-results/m01-wz29-viewmodel-Wz-29-p-85956-on-and-actual-sights-on-low/trace.zip
    Usage:

        npx playwright show-trace test-results/m01-wz29-viewmodel-Wz-29-p-85956-on-and-actual-sights-on-low/trace.zip

    ────────────────────────────────────────────────────────────────────────────────────────────────

  2) tests/browser/m01-wz29-viewmodel.spec.js:4:46 › Wz.29 production ADS, paused save reconstruction and actual sights on medium 

    Error: expect(received).toBe(expected) // Object.is equality

    Expected: 1
    Received: 0.6708070121920944

      17 |   const before=await page.evaluate(()=>window.gameDiagnostics());
      18 |   const v=before.m01.viewModel;
    > 19 |   expect(v.lod).toBe(0);expect(v.aimBlend).toBe(1);expect(v.clip).toBe('aim');
         |                                            ^
      20 |   for(const sight of Object.values(v.visualSights)){expect(Math.abs(sight[0])).toBeLessThan(1e-8);expect(Math.abs(sight[1])).toBeLessThan(1e-8);expect(sight[2]).toBeLessThan(-.7);}
      21 |   expect(before.m01.weapon).toMatchObject(snapshot.weapon);expect(before.clock).toBe(snapshot.clock);
      22 |   await page.waitForTimeout(200);const after=await page.evaluate(()=>window.gameDiagnostics());
        at /workspace/scratch/df3eb3cee6ee/COD-guerra-wz29/tests/browser/m01-wz29-viewmodel.spec.js:19:44

    attachment #1: screenshot (image/png) ──────────────────────────────────────────────────────────
    test-results/m01-wz29-viewmodel-Wz-29-p-d1615-and-actual-sights-on-medium/test-failed-1.png
    ────────────────────────────────────────────────────────────────────────────────────────────────

    Error Context: test-results/m01-wz29-viewmodel-Wz-29-p-d1615-and-actual-sights-on-medium/error-context.md

    attachment #3: trace (application/zip) ─────────────────────────────────────────────────────────
    test-results/m01-wz29-viewmodel-Wz-29-p-d1615-and-actual-sights-on-medium/trace.zip
    Usage:

        npx playwright show-trace test-results/m01-wz29-viewmodel-Wz-29-p-d1615-and-actual-sights-on-medium/trace.zip

    ────────────────────────────────────────────────────────────────────────────────────────────────

  3) tests/browser/m01-wz29-viewmodel.spec.js:4:46 › Wz.29 production ADS, paused save reconstruction and actual sights on high 

    Error: expect(received).toBe(expected) // Object.is equality

    Expected: 1
    Received: 0.6708070121920944

      17 |   const before=await page.evaluate(()=>window.gameDiagnostics());
      18 |   const v=before.m01.viewModel;
    > 19 |   expect(v.lod).toBe(0);expect(v.aimBlend).toBe(1);expect(v.clip).toBe('aim');
         |                                            ^
      20 |   for(const sight of Object.values(v.visualSights)){expect(Math.abs(sight[0])).toBeLessThan(1e-8);expect(Math.abs(sight[1])).toBeLessThan(1e-8);expect(sight[2]).toBeLessThan(-.7);}
      21 |   expect(before.m01.weapon).toMatchObject(snapshot.weapon);expect(before.clock).toBe(snapshot.clock);
      22 |   await page.waitForTimeout(200);const after=await page.evaluate(()=>window.gameDiagnostics());
        at /workspace/scratch/df3eb3cee6ee/COD-guerra-wz29/tests/browser/m01-wz29-viewmodel.spec.js:19:44

    attachment #1: screenshot (image/png) ──────────────────────────────────────────────────────────
    test-results/m01-wz29-viewmodel-Wz-29-p-6c7ff-n-and-actual-sights-on-high/test-failed-1.png
    ────────────────────────────────────────────────────────────────────────────────────────────────

    Error Context: test-results/m01-wz29-viewmodel-Wz-29-p-6c7ff-n-and-actual-sights-on-high/error-context.md

    attachment #3: trace (application/zip) ─────────────────────────────────────────────────────────
    test-results/m01-wz29-viewmodel-Wz-29-p-6c7ff-n-and-actual-sights-on-high/trace.zip
    Usage:

        npx playwright show-trace test-results/m01-wz29-viewmodel-Wz-29-p-6c7ff-n-and-actual-sights-on-high/trace.zip

    ────────────────────────────────────────────────────────────────────────────────────────────────

  Slow test file: tests/browser/m01.spec.js (11.3m)
  Consider running tests from slow files in parallel. See: https://playwright.dev/docs/test-parallel
  3 failed
    tests/browser/m01-wz29-viewmodel.spec.js:4:46 › Wz.29 production ADS, paused save reconstruction and actual sights on low 
    tests/browser/m01-wz29-viewmodel.spec.js:4:46 › Wz.29 production ADS, paused save reconstruction and actual sights on medium 
    tests/browser/m01-wz29-viewmodel.spec.js:4:46 › Wz.29 production ADS, paused save reconstruction and actual sights on high 
  36 passed (14.3m)
