npm warn Unknown env config "http-proxy". This will stop working in the next major version of npm.

> operation-ashen-road@0.2.0 test
> node --test tests/*.test.js

✔ planar y becomes scene z; height is independent (3.111971ms)
✔ horizontal head shot hits, aiming above the head misses (1.069842ms)
✔ nearest wall shields an enemy; lowering the aim hits terrain (0.355316ms)
✔ wall around muzzle blocks a clear camera sightline (0.275597ms)
✔ enemy in cover cannot cause damage through a wall (1.387541ms)
✔ unreachable destination reports failure and does not move through walls (0.367934ms)
✔ wall shields blast damage but visible nearby actor takes damage (0.452929ms)
✔ JSON checkpoint restores actors, reload, grenade, phase, clock and RNG exactly (5.729271ms)
✔ corrupt and incompatible saves are rejected atomically (5.794407ms)
✔ death restores the last living checkpoint without reviving defeated enemies (9.816113ms)
✔ restored simulation reproduces future seeded decisions and events (273.244705ms)
✔ two independent sectors evolve for 90 seconds with stable losses and unique events (1.288285ms)
✔ partial fourth reinforcement group activates and visible candidates remain hidden (0.493179ms)
✔ zero time never advances reload or the battle (2.405947ms)
✔ weapon enforces cadence, ammo, and reload transfer (1.541279ms)
✔ world blocks walls and permits open cells (0.837508ms)
✔ navigation chooses a walkable next tile around cover (0.388855ms)
✔ mission advances through checkpoint, combat, and radio (0.274575ms)
✔ shot geometry detects targets on aim line (0.89954ms)
✔ 3D matrix composition preserves translation and scale (0.300815ms)
✔ weapon exposes a stable reload animation timeline (0.667527ms)
✔ enemy selects cover instead of charging directly at player (1.461381ms)
✔ grenade bounces on walls, warns AI, and applies radial damage (5.679588ms)
✔ battle director activates reinforcement groups without replacing individual AI (1.568269ms)
✔ text-only OBJ assets load with meshes, normals, and MTL colors (8.812269ms)
✔ pointer lock entry and resume ignore cursor warps while later mouse movement works (1.924045ms)
✔ Ju 87 clones use native LODs, share art, sample the saved clock and preserve the existing raid path (8.167996ms)
✔ missing optional Ju 87 art keeps the silhouettes; partial failure uses available detail and disposal prevents attachment (3.032804ms)
✔ M01 GLBs keep nine spans, measured supports and map placement in every LOD (13.141279ms)
✔ M01 all LODs ship event-linked damage replacements with stable logical IDs (9.68502ms)
✔ M01 demolition IDs survive LOD changes and JSON restoration; colliders stay removed (42.50896ms)
✔ M01 road towers remain separate, measured and damage-linked in all LODs (4.973694ms)
✔ M01 binary exports contain finite positions and unit normals (122.083914ms)
✔ M01 manifest matches binary counts, current map hash and decreasing LOD budgets (7.073818ms)
✔ M01 historical uncertainty and modern geometry conflicts remain explicit (6.640087ms)
✔ all six GLBs have finite skin weights, valid joint indices, embedded textures and decreasing LOD budgets (133.253419ms)
✔ all twenty-five animation clips bind to real named bones, have monotonic times and finite transforms (35.930404ms)
✔ the original station drag loops on the existing rig with a locked source and finite transforms (10.960666ms)
✔ first-person geometry keeps actual GLB arm/hand surfaces and leaves the world uniform unchanged (68.224362ms)
✔ the actual reload rig keeps the open action, clip and hand in the first-person frustum on both usable LODs (101.307075ms)
✔ sampling real clock, changing LOD and restoring a copy preserves bone transforms and immutable data (10.17258ms)
✔ wounded attachment follows its carrier socket and detaches after delivery without changing simulation coordinates (4.605629ms)
✔ MakeHuman data licence is shipped exactly as locked at its source revision (1.061629ms)
✔ the station casualty remains grounded while the medic samples the backward drag and its fallback (4.84988ms)
✔ Kowal and healthy Bąk use their own meshes and muzzle sockets, preserve data and hide the casualty weapon (12.561513ms)
✔ riflemen finish the bolt after the flash; pinned engineers stop their working hands until the repair resumes (1.366871ms)
✔ schema 2 legacy 86 roster becomes 89 at the aligned post without changing old actors or RNG (20.525368ms)
✔ old 89-actor idle placement migrates once and snapshot restore is stable (14.1965ms)
✔ old 89-actor save immediately after east demolition keeps idle phase/start time while aligning the old post (12.881927ms)
✔ old 89-actor abandon placement shifts rigidly but preserves phase and startedAt exactly (10.122867ms)
✔ retreat saves are never translated, including an actor still on an old authored coordinate (8.459067ms)
✔ casualties stay casualties and post-west saves preserve their saved positions (25.308559ms)
✔ 86-actor saves after east or west demolition remain safe and do not restart abandon (13.224563ms)
✔ restore stays atomic when a legacy-position ckm save is invalid (4.926584ms)
✔ placement migration changes no non-ckm actor or unrelated saved state (4.223104ms)
✔ new ckm root puts gun_muzzle_flash on the mapped south embrasure x/z (2.830555ms)
✔ ckm crew is grounded below the deck, leaves after the real event and reaches safety before demolition (3939.98992ms)
✔ schema 2 accepts exact legacy rosters and migrates atomically without changing old actors or RNG (3085.632216ms)
✔ real ckm clips and weapon share saved time across pause, reload, casualties and optional fallback (44.42379ms)
✔ M01 ckm wz.30: metros, +Y, cano para −Z, 1,2 m ±2 %, hierarquia de pivôs e três LODs no orçamento (3.522299ms)
✔ M01 ckm wz.30: clips da arma animam os nós móveis; rajada de 8 a 600/min; alimentação puxa a ponta e arma duas vezes (4.146761ms)
✔ M01 ckm wz.30: clips ckm_wz30_* do atirador e do municiador ligam-se ao rig polaco, não repetem nomes e mostram uma só arma (47.058327ms)
✔ M01 ckm wz.30: LOD0 dentro dos 4000 triângulos sem mudar silhueta, pivôs, sockets, fita nem clips; LOD1, LOD2 e clips intactos (4.652519ms)
✔ the sappers walk to the second cut where the crate is delivered, so "leve a caixa aos sapadores" is true (4120.670345ms)
✔ Bąk takes the deck position with the 05:30 order and falls at bak_wound_point, in front of the player (843.135696ms)
✔ a direction hint names the destination, distance and side when the player does not approach it (66.774326ms)
✔ once the repair gate is ready the rest of seg_repair runs at readyScale; before that it keeps scale (1.601668ms)
✔ the full control route still reaches the debrief with every required objective after the fixes (0.208068ms)
✔ the withdrawing east platoon runs past the firing point during the corridor phase and does not stall at x = -109 (2112.715029ms)
✔ a Bąk delivered by the player stays visible beside Dudek, who carries him west before the west demolition (888.438642ms)
✔ when Dudek retrieves Bąk he walks to him on the deck and carries him to the station, visible all the way (914.407051ms)
✔ the roll call positions the present section in the shelter facing Jan; the absent stay away (860.14546ms)
✔ Kowal hands over at most six clips of section ammunition; saves keep the ammunition invariant (23.454197ms)
✔ legacy schema 2 saves receive the unused section supply and can resupply after loading (9.570119ms)
✔ the bridge trusses contain movement: no falling off a span sideways or into a blown gap; the river bank still can (2.420799ms)
✔ a Bąk delivered after the east demolition is still evacuated, so the west demolition is not held forever (815.145898ms)
✔ real control routes compare covering and ignoring: faster repair, fewer near misses and more survivors with support (7083.137095ms)
✔ repair suppression requires a round that really arrives within 3 m; a solid wall shields the sappers (204.381728ms)
✔ inactive or suppressed Germans on the spans cause no withdrawal losses; looking away does not stop combat (883.042453ms)
✔ casualty IDs and rounds in flight survive reload and checkpoint restore; invalid optional timers are rejected atomically (326.977126ms)
✔ legacy schema 2 saves migrate and the six reserve slots stay outside the eighteen-man platoon (58.486443ms)
✔ the air-raid cover instruction remains visible briefly even if the player was already in cover (7.546357ms)
✔ adjustment warning and HUD identify a real salvo; view direction changes the bearing without changing combat (1818.945274ms)
✔ a salvo from the dike behind the trusses identifies its actual origin, rather than the visible gate MG (1733.37321ms)
✔ an occluding wall prevents an adjustment warning and cover reservation, with a bounded retry (194.22059ms)
✔ saved origin restores as data, expires after eight active seconds, and invalid or legacy saves remain safe (68.324282ms)
✔ German fire starts on the east bank; only shooters in sight of the west bank (the Lisewo gates) aim at it (1098.756643ms)
✔ rounds that pass within 3 m pin the sappers and stop the repair; the HUD line is exactly the simulation state (844.552069ms)
✔ keeping the gate MG down shortens the repair; ignoring it lets the sappers be pinned again and again (6905.818622ms)
✔ covering fire on the Germans on the spans saves men; without it the platoon falls to the predicted minimum (0.674598ms)
✔ historical times, checkpoints and demolition safety are unchanged in both routes (0.249699ms)
✔ rounds in flight survive save and restore and play out identically; corrupt rounds are rejected (458.450459ms)
✔ after 120 s of continuous suppression the fire on the repair eases without warning until work resumes (792.704638ms)
✔ the withdrawal HUD line reports the real count by ID and whether the Germans on the spans are suppressed (1765.446497ms)
✔ allies under fire are drawn hunched (pinned pose) only while suppressedUntil lasts, without touching the actor (2.175416ms)
✔ a designated withdrawal casualty needs an actual actor hit; a wall, a miss or an already dead target cannot lower the count (2.44209ms)
✔ demolition bearing follows the actual impact and player view without changing the event or camera (3891.469956ms)
✔ demolition cue restores from data, expires on active time, and distinguishes the west blast (157.702348ms)
✔ foreground trunks obstruct walking and shots; restoring destruction reconstructs the same static obstacles (8.575439ms)
✔ M01 Ju 87 B-1: metres, nose to −Z, 11.10 × 13.80 m, stable nodes and three LODs within budget (7.907691ms)
✔ M01 Ju 87 B-1: propeller turns a full revolution about Z; dive brakes open 90° about their hinge (4.908267ms)
✔ M01 MG 34: metros, cano para −Z, 1,219 m ±2 %, peças móveis com pivô e três LODs no orçamento (2.757527ms)
✔ M01 MG 34: clips mg34_* ligam-se ao rig do soldado alemão e aos nós da arma; rajada de 7 a 800/min; recarga do tambor (11.180787ms)
✔ M01 MG 34 deitada: nomes novos, kit da MG 34 e soldados reutilizados sem alterações (hashes do manifesto) (16.261093ms)
✔ M01 MG 34 deitada: alvos do rig e da arma, valores finitos, quaternões unitários e durações (58.736704ms)
✔ M01 MG 34 deitada: rajada de 7 a 0,075 s, janela e cortes; bípode aberto/dobrado; recarga coordenada (3.994446ms)
✔ M01 MG 34 deitada: continuidade com mg34_aim do kit e entre clips deitados (72.987884ms)
✔ M01 MG 34 deitada: AnimationMixer do three.js — contactos, passagem do tambor e pausa/retoma no mesmo frame (54.37433ms)
✔ actual renderer samples enter, idle, burst and exit from simulation and matches its muzzle within 2 mm (154.678191ms)
✔ renderer save after 1 shots restores same frame and flash without replay or RNG draws (81.08384ms)
✔ renderer save after 4 shots restores same frame and flash without replay or RNG draws (67.700462ms)
✔ renderer save after 6 shots restores same frame and flash without replay or RNG draws (47.537736ms)
✔ missing prone GLB uses existing procedural batches without changing gameplay, hitboxes, save, RNG or real shots (88.580605ms)
✔ rendered death during enter has no residual prone frame, weapon, flash or loader (35.079466ms)
✔ rendered death during idle has no residual prone frame, weapon, flash or loader (37.428619ms)
✔ rendered death during fire_burst has no residual prone frame, weapon, flash or loader (76.501109ms)
✔ rendered death during exit has no residual prone frame, weapon, flash or loader (48.92722ms)
✔ actual muzzle effect after shot 1 has no extra flash in the .06/.075 gap or restore (34.270941ms)
✔ actual muzzle effect after shot 4 has no extra flash in the .06/.075 gap or restore (12.814316ms)
✔ actual muzzle effect after shot 6 has no extra flash in the .06/.075 gap or restore (9.683808ms)
✔ actual muzzle batches have no post-death flash during all four prone phases (4.462217ms)
✔ existing MG34 gunners enter for exactly 1.9 seconds; other actors have no new posture (7.797839ms)
✔ save and atomic restore preserve enter, idle, aim and exit and consume no RNG (39.440513ms)
✔ save after shot 1: resume without duplicate/lost rounds, events, frames or RNG (21.818359ms)
✔ save after shot 4: resume without duplicate/lost rounds, events, frames or RNG (15.356845ms)
✔ save after shot 6: resume without duplicate/lost rounds, events, frames or RNG (11.73441ms)
✔ 4, 5, 6 and 7 shots preserve the requested count and real .075 cadence (3.206261ms)
✔ pause leaves posture, progress, shot, pending burst, RNG and complete snapshot exactly stable (31.59895ms)
✔ ADVANCE exits prone, blocks firing, then remains standing (1.67043ms)
✔ RETREAT exits prone, blocks firing, then remains standing (2.807531ms)
✔ movement waits for exit; interrupted entry reverses its saved fractional progress (1.621087ms)
✔ suppression keeps the gunner low and cancels pending shots without cancelling those in flight (7.068871ms)
✔ death during enter immediately clears posture and future shots (8.910504ms)
✔ death during idle immediately clears posture and future shots (5.898951ms)
✔ death during fire_burst immediately clears posture and future shots (7.874713ms)
✔ death during exit immediately clears posture and future shots (6.355467ms)
✔ inactivity discards pending combat and never creates a loader association (1.37969ms)
✔ legacy missing prone data resumes safely with no marker; 86 roster/CKM migration stays unchanged (9.733241ms)
✔ invalid partial/impossible prone fields reject atomically without changing source or target (55.245662ms)
✔ movement and S3 station evacuation bodies remain byte-for-byte identical to the fixed base (7.270901ms)
✔ a nonlethal hit interrupts the remaining burst and stays low with a valid snapshot (2.241034ms)
✔ player fire observes the current transition progress within a real simulation tick (2.640774ms)
✔ save cannot remove or alter an emitted round still in flight (8.472156ms)
✔ OUTRO cancels pending rounds and blocks new MG bursts while preserving existing flight (0.855635ms)
✔ a target already reached never rewrites the state of a fixed prone burst (2.111402ms)
MG34 muzzle proof: 2496 comparisons, max=0.000038402 m, tolerance=0.002 m
✔ numeric muzzle proof against real attached soldier/weapon GLBs for all phases and four facings (174.285582ms)
✔ geometry table is derived reproducibly from the exact real GLBs, without a graphics or asset dependency in simulation (134.361267ms)
✔ head/torso/legs move along body axis facing=0 during prone and transitions (1.144492ms)
✔ head/torso/legs move along body axis facing=1.5707963267948966 during prone and transitions (0.383918ms)
✔ head/torso/legs move along body axis facing=3.141592653589793 during prone and transitions (0.316679ms)
✔ head/torso/legs move along body axis facing=-1.5707963267948966 during prone and transitions (5.602534ms)
✔ partial entry interruption reverses the actual enter clip continuously instead of jumping to an unrelated exit frame (0.698833ms)
✔ real rounds start at the rendered prone socket at each of seven scheduled shot instants (26.555012ms)
✔ pause keeps eye, hitboxes, muzzle and canonical clip frame exactly stable across all saved phases (1.7115ms)
✔ the real roll call seats only the present actors and keeps their positions and pose through save/reload (3866.434211ms)
✔ actual instance matrices lower seated/crouched heads, keep seated feet on the floor and render horizontal wounded/carried bodies without mutating data (18.126189ms)
✔ legacy actors without pose remain accepted and an unknown saved pose is rejected atomically (12.308348ms)
✔ distance removes face accessories while retaining the same head position, pose and immutable actor (2.924715ms)
✔ a shot shoulders the rifle, keeps both hands on it and attaches the flash to the barrel through yaw and recoil (2.25913ms)
✔ suppression lowers the upper body with feet planted and takes priority over a recent shot; seated, wounded and unarmed actors do not aim (3.816623ms)
✔ a real combat save reproduces the same animation matrices at the same clock after reload and walking lifts a foot without sinking either boot (536.651009ms)
✔ M01 rkm wz.28: metres, barrel to −Z, 1.11 m ±2 %, movable parts and three LODs within budget (1.766913ms)
✔ M01 rkm wz.28: clips bind to the soldier skeleton; burst fires 3 rounds; rifle clip hidden (2.845387ms)
✔ the pure collision JSON remains reproducible from the checked GLB translations (84.48125ms)
✔ debug diagnostics return copies; editing a returned gate or failure cannot change live state (7.149951ms)
✔ wz.29 requires a bolt cycle; an empty magazine uses a clip of five, preserving ammunition (0.264671ms)
✔ wz.29 partial loading commits one round at a time and can be interrupted; in-progress saves resume it (0.221488ms)
✔ M01 complete control route reaches debrief, all required objectives, unique events and all four actual checkpoints (3943.542372ms)
✔ every M01 checkpoint restores exact actors, ammunition, RNG, dialogue, destruction and real clocks after death (32.923648ms)
✔ damaged bridge pieces and German casualties survive LOD changes and checkpoint restoration (4.403561ms)
✔ overdue events use >=; delayed events wait active seconds; pause freezes both clocks and weapon work (18.033923ms)
✔ a late message never rewinds battle time and every aerial impact stays at least thirty metres away (3.201854ms)
✔ west demolition waits inside the safety zone, then releases once the player and allies have left (38.483649ms)
✔ boundary warning precedes failure and its eight second timer resets when the player returns (2.036081ms)
✔ metre-space hitboxes, actual cover and bridge joints support shots and continuous travel (0.9735ms)
✔ corrupt M01 state is rejected atomically before an active scene, grenade or missing timer can crash the game (26.227107ms)
✔ outro calls Nowicki twice as distinct beats and consumes completion once, including skip after partial playback (44.411102ms)
✔ optional Bąk rescue cannot be taken away mid-carry; delivery chooses the player continuity branch (3.047976ms)
✔ all five sectors keep their schedule and stable casualties for ninety seconds while the player looks away (400.045663ms)
✔ west hold timeout sends the sergeant to escort the player without demolition damage (894.991951ms)
✔ grenade blast starts at its real height; solid cover shields a nearby actor and inactive actors stay unharmed (1.185342ms)
✔ first divergence diagnostic detects exact tick, field, missing key and event changes (37.93656ms)
✔ full route A/B with CP-A..D, events, RNG and long continuation: seed 19390901, support false (49554.896965ms)
✔ full route A/B with CP-A..D, events, RNG and long continuation: seed 7, support true (52320.563133ms)
✔ MG34 seven-shot burst after 1, actual tick pipeline plus grenade, rifle RNG and double load (329.650086ms)
✔ MG34 seven-shot burst after 4, actual tick pipeline plus grenade, rifle RNG and double load (306.158147ms)
✔ MG34 seven-shot burst after 6, actual tick pipeline plus grenade, rifle RNG and double load (303.653664ms)
✔ station grab: variable timestep, zero-dt pause, double save/load (783.232666ms)
✔ station drag: variable timestep, zero-dt pause, double save/load (769.807403ms)
✔ station release: variable timestep, zero-dt pause, double save/load (684.98216ms)
✔ grenade bounce/fuse, rifle bolt and partial reload continue with exact RNG and events (404.63862ms)
✔ Bąk player carry/late delivery followed by Dudek evacuation and both demolitions (18951.27481ms)
✔ legacy 86/89 actors, missing optional fields and old CKM placement migrate once then have identical futures (561.792796ms)
✔ legacy MG34 pre-created future rounds migrate without replay, then continue identically (323.412897ms)
✔ death between each real CP-A..D and the next CP preserves exact recovery and subsequent future (1712.774437ms)
✔ corrupt cross-system states reject atomically and leave the destination future unchanged (717.52015ms)
✔ corrupt weapon method/profile, unsigned RNG and unknown phase reject before changing future gameplay (556.01853ms)
✔ OUTRO playback, skip, double load and completed no-op use the same dialogue/event future (2994.754859ms)
✔ save between checkpoints preserves the future respawn destination (10.923892ms)
✔ M01 soldiers: metres, −Z facing, 1.65–1.85 m and the full game skeleton in every LOD (7.356337ms)
✔ M01 soldiers: visible triangle budget, textures per LOD and togglable variants (5.273948ms)
✔ M01 soldiers: weapons keep documented length (wz.29 1.10, Kar98k ~1.11, wz.98a 1.25, rkm wz.28 1.11 m) with bolt and magazine bones (8.719823ms)
✔ M01 soldier animations bind by bone name and keep kb_wz29 timings (3.491593ms)
✔ the real station clips sample both roles from saved phase time, with pause, fresh renderer and LOD restore (1166.193643ms)
✔ the patient holds the actual final grab pose throughout the moving backward drag (270.187226ms)
✔ a missing or incomplete optional transition pair falls back together and leaves evacuation success to simulation (4175.073035ms)
✔ M01 arrasto da estação: ficheiros novos, rig e clips reutilizados sem alterações (SHA-256 do manifesto) (4.227971ms)
✔ M01 arrasto da estação: alvos dos 61 ossos, valores finitos, quaternões unitários, relógio e eventos dos pares (43.998792ms)
✔ M01 arrasto da estação: extremos iguais às poses reais, percurso inverso e raiz sem deslocação (257.336943ms)
✔ M01 arrasto da estação: AnimationMixer do three.js — contactos, paciente de costas, corpos e pausa/retoma (150.580863ms)
✔ the fictional station casualty starts in the yard and the clock triggers his injury only once (442.607225ms)
✔ the backward drag stays on the ground, completes outside the camera and returns Dudek to his post (668.558304ms)
✔ changing the player look never changes the station evacuation or its delivery (867.293237ms)
✔ a save during the drag restores the same actors, task and future positions with no scene objects (519.110019ms)
✔ death or removal of a participant detaches the casualty instead of leaving an invalid or moving carrier reference (1133.243839ms)
✔ legacy schema 2 saves with an already consumed station event do not replay an injury (245.570238ms)
✔ station care coexists with Bąk, all objectives, checkpoints and both historical demolitions on supported and ignored routes (5794.849198ms)
✔ grab and release last 1.6 mission seconds, hold both roots and deliver only after settling (282.916462ms)
✔ schema 2 restores every station phase and its future clocks, actors and RNG exactly (758.998665ms)
✔ all station phases interrupt on casualty/medic death, removal or reassignment without delivery (3638.989216ms)
✔ old schema 2 transit saves resume without a new grab and corrupt station phases are rejected atomically (246.37452ms)
✔ actual MG34 rig cuts 4/5/6/7-round bursts at their saved duration, keeps one weapon and samples pause/restore without mutation (194.840296ms)
✔ two existing MG sources share art and retain independent rigs within the light budget; LOD, suppression, casualties and missing kit fall back (116.890833ms)
✔ 65 actual wagon models use LOD2 instances at 9.10 m with source pivots and shared art; partial/full failures preserve the whole consist (10.200511ms)
✔ disposing while optional wagon downloads are pending never attaches models to the old scene (0.980039ms)
✔ M01 declares the mission contract fields of Prompt §74 (1.375754ms)
✔ M01 IDs are unique across the mission and every reference resolves (1.897937ms)
✔ M01 keeps the documented chronology on the battle clock (1.530173ms)
✔ M01 equips only gear available on 1 September 1939 and never the forbidden weapons (0.240596ms)
✔ M01 keeps the mandatory lines of the master script verbatim (0.186245ms)
✔ M01 labels history and space only with the agreed vocabularies (0.524084ms)
✔ M01 checkpoints accumulate state and never save inside a demolition zone (0.335426ms)
✔ M01 runs at least two independent battle sectors on the clock (0.300334ms)
✔ M01 map geometry matches the documented bridges of 1939 and the measured piers (0.460591ms)
✔ M01 debrief keeps unconfirmed paragraphs disabled until their checks pass (0.744521ms)
✔ M01 vagões danificados: o kit intacto não foi alterado (sha256 registados no manifesto) (3.839197ms)
✔ M01 vagões danificados: metros, 9,10 m no LOD0, rodas no carril, pivôs do intacto e três LODs no orçamento (24.418422ms)
✔ M01 vagões danificados: sockets iguais aos do intacto, mais impact só no danificado (2.005005ms)
✔ M01 vagões danificados: wheels_roll igual ao intacto; doors_open só na porta esquerda do coberto danificado (1.919588ms)
✔ M01 vagões danificados: restos só visuais no nó debris, alterações registadas e sem efeitos próprios (1.342876ms)
✔ M01 vagões: metros, 9,10 m entre tampões no LOD0, rodas no carril, nós estáveis e três LODs no orçamento (2.867039ms)
✔ M01 vagões: rodados dão uma volta por segundo em X; portas do coberto correm 1,95 m em Z (6.470868ms)
✔ measured real clips and asset socket metadata are locked; archived BASE is exact (243.955238ms)
✔ production simulation, muzzle/hitboxes, RNG, third-person and environment retain BASE bytes (0.607598ms)
✔ ADS aligns actual rear/front with camera -Z on LOD0, all qualities (176.903813ms)
✔ ADS aligns actual rear/front with camera -Z on LOD1, all qualities (104.475883ms)
✔ visual flash starts exactly on the barrel socket through hip, ADS, bolt, reload and run (166.02624ms)
✔ dense clipping matrix samples all referenced vertices, LOD0 (554.039047ms)
✔ dense clipping matrix samples all referenced vertices, LOD1 (315.092424ms)
✔ local arm skin/pose/material changes leave source geometry, bones, clips and materials intact (190.739018ms)
✔ pause freezes phase, transition, arms and mechanics including clamped clip endpoint (155.960427ms)
✔ ADS/run transitions are controlled by mission dt and converge without action rebind (130.37509ms)
✔ recoil is finite, damped, bounded and has weaker ADS presentation (0.779041ms)
✔ missing optional model/clips returns to existing caller fallback; LOD1 remains viable (75.549847ms)
✔ restore mid-bolt and both reloads reconstruct mechanical phase without saving a mixer (205.743182ms)
✔ an existing menu/checkpoint renderer reconstructs ADS at a replaced world boundary (149.312448ms)
✔ BASE/CANDIDATE whole save, HP/ammo/shots/hits/transforms/muzzle/RNG/clocks/CP remain exact for 600 input ticks (2068.607815ms)
ℹ tests 257
ℹ suites 0
ℹ pass 257
ℹ fail 0
ℹ cancelled 0
ℹ skipped 0
ℹ todo 0
ℹ duration_ms 136054.255767
