npm warn Unknown env config "http-proxy". This will stop working in the next major version of npm.

> operation-ashen-road@0.2.0 test
> node --test tests/*.test.js

✔ planar y becomes scene z; height is independent (2.073612ms)
✔ horizontal head shot hits, aiming above the head misses (1.492418ms)
✔ nearest wall shields an enemy; lowering the aim hits terrain (1.505207ms)
✔ wall around muzzle blocks a clear camera sightline (0.324622ms)
✔ enemy in cover cannot cause damage through a wall (1.595351ms)
✔ unreachable destination reports failure and does not move through walls (0.452443ms)
✔ wall shields blast damage but visible nearby actor takes damage (0.684468ms)
✔ JSON checkpoint restores actors, reload, grenade, phase, clock and RNG exactly (9.717633ms)
✔ corrupt and incompatible saves are rejected atomically (4.301814ms)
✔ death restores the last living checkpoint without reviving defeated enemies (8.218194ms)
✔ restored simulation reproduces future seeded decisions and events (349.344436ms)
✔ two independent sectors evolve for 90 seconds with stable losses and unique events (1.790581ms)
✔ partial fourth reinforcement group activates and visible candidates remain hidden (2.265728ms)
✔ zero time never advances reload or the battle (1.439229ms)
✔ weapon enforces cadence, ammo, and reload transfer (2.071829ms)
✔ world blocks walls and permits open cells (1.014528ms)
✔ navigation chooses a walkable next tile around cover (0.611128ms)
✔ mission advances through checkpoint, combat, and radio (0.268479ms)
✔ shot geometry detects targets on aim line (0.197042ms)
✔ 3D matrix composition preserves translation and scale (0.39708ms)
✔ weapon exposes a stable reload animation timeline (0.224894ms)
✔ enemy selects cover instead of charging directly at player (2.683409ms)
✔ grenade bounces on walls, warns AI, and applies radial damage (4.97877ms)
✔ battle director activates reinforcement groups without replacing individual AI (0.731638ms)
✔ text-only OBJ assets load with meshes, normals, and MTL colors (14.200576ms)
✔ pointer lock entry and resume ignore cursor warps while later mouse movement works (1.826194ms)
✔ Ju 87 clones use native LODs, share art, sample the saved clock and preserve the existing raid path (11.702813ms)
✔ missing optional Ju 87 art keeps the silhouettes; partial failure uses available detail and disposal prevents attachment (5.113511ms)
✔ M01 GLBs keep nine spans, measured supports and map placement in every LOD (12.813204ms)
✔ M01 all LODs ship event-linked damage replacements with stable logical IDs (12.781237ms)
✔ M01 demolition IDs survive LOD changes and JSON restoration; colliders stay removed (46.812166ms)
✔ M01 road towers remain separate, measured and damage-linked in all LODs (5.105879ms)
✔ M01 binary exports contain finite positions and unit normals (134.553785ms)
✔ M01 manifest matches binary counts, current map hash and decreasing LOD budgets (8.43738ms)
✔ M01 historical uncertainty and modern geometry conflicts remain explicit (9.711074ms)
✔ all six GLBs have finite skin weights, valid joint indices, embedded textures and decreasing LOD budgets (99.288782ms)
✔ all twenty-five animation clips bind to real named bones, have monotonic times and finite transforms (30.262308ms)
✔ the original station drag loops on the existing rig with a locked source and finite transforms (13.089655ms)
✔ first-person geometry keeps actual GLB arm/hand surfaces and leaves the world uniform unchanged (37.817097ms)
✔ the actual reload rig keeps the open action, clip and hand in the first-person frustum on both usable LODs (108.530718ms)
✔ sampling real clock, changing LOD and restoring a copy preserves bone transforms and immutable data (7.444876ms)
✔ wounded attachment follows its carrier socket and detaches after delivery without changing simulation coordinates (9.127075ms)
✔ MakeHuman data licence is shipped exactly as locked at its source revision (0.8611ms)
✔ the station casualty remains grounded while the medic samples the backward drag and its fallback (3.353545ms)
✔ Kowal and healthy Bąk use their own meshes and muzzle sockets, preserve data and hide the casualty weapon (9.828708ms)
✔ riflemen finish the bolt after the flash; pinned engineers stop their working hands until the repair resumes (1.371098ms)
✔ M01 ckm wz.30: metros, +Y, cano para −Z, 1,2 m ±2 %, hierarquia de pivôs e três LODs no orçamento (5.793822ms)
✔ M01 ckm wz.30: clips da arma animam os nós móveis; rajada de 8 a 600/min; alimentação puxa a ponta e arma duas vezes (4.573418ms)
✔ M01 ckm wz.30: clips ckm_wz30_* do atirador e do municiador ligam-se ao rig polaco, não repetem nomes e mostram uma só arma (35.924454ms)
✔ M01 ckm wz.30: LOD0 dentro dos 4000 triângulos sem mudar silhueta, pivôs, sockets, fita nem clips; LOD1, LOD2 e clips intactos (8.905425ms)
✔ the sappers walk to the second cut where the crate is delivered, so "leve a caixa aos sapadores" is true (3907.05778ms)
✔ Bąk takes the deck position with the 05:30 order and falls at bak_wound_point, in front of the player (683.105203ms)
✔ a direction hint names the destination, distance and side when the player does not approach it (60.610095ms)
✔ once the repair gate is ready the rest of seg_repair runs at readyScale; before that it keeps scale (1.441011ms)
✔ the full control route still reaches the debrief with every required objective after the fixes (0.212646ms)
✔ the withdrawing east platoon runs past the firing point during the corridor phase and does not stall at x = -109 (1597.917989ms)
✔ a Bąk delivered by the player stays visible beside Dudek, who carries him west before the west demolition (623.26809ms)
✔ when Dudek retrieves Bąk he walks to him on the deck and carries him to the station, visible all the way (715.659996ms)
✔ the roll call positions the present section in the shelter facing Jan; the absent stay away (764.00962ms)
✔ Kowal hands over at most six clips of section ammunition; saves keep the ammunition invariant (9.640467ms)
✔ legacy schema 2 saves receive the unused section supply and can resupply after loading (4.688217ms)
✔ the bridge trusses contain movement: no falling off a span sideways or into a blown gap; the river bank still can (2.431674ms)
✔ a Bąk delivered after the east demolition is still evacuated, so the west demolition is not held forever (664.302382ms)
✔ real control routes compare covering and ignoring: faster repair, fewer near misses and more survivors with support (6201.848143ms)
✔ repair suppression requires a round that really arrives within 3 m; a solid wall shields the sappers (127.759568ms)
✔ inactive or suppressed Germans on the spans cause no withdrawal losses; looking away does not stop combat (667.154706ms)
✔ casualty IDs and rounds in flight survive reload and checkpoint restore; invalid optional timers are rejected atomically (249.277806ms)
✔ legacy schema 2 saves migrate and the six reserve slots stay outside the eighteen-man platoon (51.49568ms)
✔ the air-raid cover instruction remains visible briefly even if the player was already in cover (6.516174ms)
✔ adjustment warning and HUD identify a real salvo; view direction changes the bearing without changing combat (1616.708617ms)
✔ a salvo from the dike behind the trusses identifies its actual origin, rather than the visible gate MG (1128.194652ms)
✔ an occluding wall prevents an adjustment warning and cover reservation, with a bounded retry (136.368152ms)
✔ saved origin restores as data, expires after eight active seconds, and invalid or legacy saves remain safe (62.465645ms)
✔ German fire starts on the east bank; only shooters in sight of the west bank (the Lisewo gates) aim at it (1153.58696ms)
✔ rounds that pass within 3 m pin the sappers and stop the repair; the HUD line is exactly the simulation state (751.105899ms)
✔ keeping the gate MG down shortens the repair; ignoring it lets the sappers be pinned again and again (5527.556151ms)
✔ covering fire on the Germans on the spans saves men; without it the platoon falls to the predicted minimum (0.434295ms)
✔ historical times, checkpoints and demolition safety are unchanged in both routes (0.300386ms)
✔ rounds in flight survive save and restore and play out identically; corrupt rounds are rejected (368.540411ms)
✔ after 120 s of continuous suppression the fire on the repair eases without warning until work resumes (779.395696ms)
✔ the withdrawal HUD line reports the real count by ID and whether the Germans on the spans are suppressed (1450.242976ms)
✔ allies under fire are drawn hunched (pinned pose) only while suppressedUntil lasts, without touching the actor (1.064823ms)
✔ a designated withdrawal casualty needs an actual actor hit; a wall, a miss or an already dead target cannot lower the count (1.401832ms)
✔ demolition bearing follows the actual impact and player view without changing the event or camera (3475.782906ms)
✔ demolition cue restores from data, expires on active time, and distinguishes the west blast (140.807314ms)
✔ foreground trunks obstruct walking and shots; restoring destruction reconstructs the same static obstacles (6.254816ms)
✔ M01 Ju 87 B-1: metres, nose to −Z, 11.10 × 13.80 m, stable nodes and three LODs within budget (1.979072ms)
✔ M01 Ju 87 B-1: propeller turns a full revolution about Z; dive brakes open 90° about their hinge (1.418027ms)
✔ M01 MG 34: metros, cano para −Z, 1,219 m ±2 %, peças móveis com pivô e três LODs no orçamento (3.056703ms)
✔ M01 MG 34: clips mg34_* ligam-se ao rig do soldado alemão e aos nós da arma; rajada de 7 a 800/min; recarga do tambor (7.798276ms)
✔ M01 MG 34 deitada: nomes novos, kit da MG 34 e soldados reutilizados sem alterações (hashes do manifesto) (17.269858ms)
✔ M01 MG 34 deitada: alvos do rig e da arma, valores finitos, quaternões unitários e durações (52.969177ms)
✔ M01 MG 34 deitada: rajada de 7 a 0,075 s, janela e cortes; bípode aberto/dobrado; recarga coordenada (2.090087ms)
✔ M01 MG 34 deitada: continuidade com mg34_aim do kit e entre clips deitados (63.510906ms)
✔ M01 MG 34 deitada: AnimationMixer do three.js — contactos, passagem do tambor e pausa/retoma no mesmo frame (59.978174ms)
✔ the real roll call seats only the present actors and keeps their positions and pose through save/reload (3249.44872ms)
✔ actual instance matrices lower seated/crouched heads, keep seated feet on the floor and render horizontal wounded/carried bodies without mutating data (26.553299ms)
✔ legacy actors without pose remain accepted and an unknown saved pose is rejected atomically (10.381125ms)
✔ distance removes face accessories while retaining the same head position, pose and immutable actor (4.440735ms)
✔ a shot shoulders the rifle, keeps both hands on it and attaches the flash to the barrel through yaw and recoil (2.74082ms)
✔ suppression lowers the upper body with feet planted and takes priority over a recent shot; seated, wounded and unarmed actors do not aim (3.659343ms)
✔ a real combat save reproduces the same animation matrices at the same clock after reload and walking lifts a foot without sinking either boot (383.882806ms)
✔ M01 rkm wz.28: metres, barrel to −Z, 1.11 m ±2 %, movable parts and three LODs within budget (2.414619ms)
✔ M01 rkm wz.28: clips bind to the soldier skeleton; burst fires 3 rounds; rifle clip hidden (3.480874ms)
✔ the pure collision JSON remains reproducible from the checked GLB translations (90.783299ms)
✔ debug diagnostics return copies; editing a returned gate or failure cannot change live state (7.607171ms)
✔ wz.29 requires a bolt cycle; an empty magazine uses a clip of five, preserving ammunition (0.292965ms)
✔ wz.29 partial loading commits one round at a time and can be interrupted; in-progress saves resume it (0.261489ms)
✔ M01 complete control route reaches debrief, all required objectives, unique events and all four actual checkpoints (3561.355587ms)
✔ every M01 checkpoint restores exact actors, ammunition, RNG, dialogue, destruction and real clocks after death (21.945835ms)
✔ damaged bridge pieces and German casualties survive LOD changes and checkpoint restoration (4.290656ms)
✔ overdue events use >=; delayed events wait active seconds; pause freezes both clocks and weapon work (13.817475ms)
✔ a late message never rewinds battle time and every aerial impact stays at least thirty metres away (2.127812ms)
✔ west demolition waits inside the safety zone, then releases once the player and allies have left (34.226174ms)
✔ boundary warning precedes failure and its eight second timer resets when the player returns (1.579507ms)
✔ metre-space hitboxes, actual cover and bridge joints support shots and continuous travel (1.474541ms)
✔ corrupt M01 state is rejected atomically before an active scene, grenade or missing timer can crash the game (13.967047ms)
✔ outro calls Nowicki twice as distinct beats and consumes completion once, including skip after partial playback (29.755341ms)
✔ optional Bąk rescue cannot be taken away mid-carry; delivery chooses the player continuity branch (9.975766ms)
✔ all five sectors keep their schedule and stable casualties for ninety seconds while the player looks away (337.750247ms)
✔ west hold timeout sends the sergeant to escort the player without demolition damage (708.287815ms)
✔ grenade blast starts at its real height; solid cover shields a nearby actor and inactive actors stay unharmed (1.288254ms)
✔ M01 soldiers: metres, −Z facing, 1.65–1.85 m and the full game skeleton in every LOD (7.714596ms)
✔ M01 soldiers: visible triangle budget, textures per LOD and togglable variants (5.013134ms)
✔ M01 soldiers: weapons keep documented length (wz.29 1.10, Kar98k ~1.11, wz.98a 1.25, rkm wz.28 1.11 m) with bolt and magazine bones (9.214994ms)
✔ M01 soldier animations bind by bone name and keep kb_wz29 timings (4.297231ms)
✔ M01 arrasto da estação: ficheiros novos, rig e clips reutilizados sem alterações (SHA-256 do manifesto) (10.527473ms)
✔ M01 arrasto da estação: alvos dos 61 ossos, valores finitos, quaternões unitários, relógio e eventos dos pares (54.086758ms)
✔ M01 arrasto da estação: extremos iguais às poses reais, percurso inverso e raiz sem deslocação (285.529351ms)
✔ M01 arrasto da estação: AnimationMixer do three.js — contactos, paciente de costas, corpos e pausa/retoma (250.180948ms)
✔ the fictional station casualty starts in the yard and the clock triggers his injury only once (399.486671ms)
✔ the backward drag stays on the ground, completes outside the camera and returns Dudek to his post (581.038301ms)
✔ changing the player look never changes the station evacuation or its delivery (673.400589ms)
✔ a save during the drag restores the same actors, task and future positions with no scene objects (398.704548ms)
✔ death or removal of a participant detaches the casualty instead of leaving an invalid or moving carrier reference (838.007321ms)
✔ legacy schema 2 saves with an already consumed station event do not replay an injury (271.883705ms)
✔ station care coexists with Bąk, all objectives, checkpoints and both historical demolitions on supported and ignored routes (5038.417867ms)
✔ actual MG34 rig cuts 4/5/6/7-round bursts at their saved duration, keeps one weapon and samples pause/restore without mutation (111.019998ms)
✔ two existing MG sources share art and retain independent rigs within the light budget; LOD, suppression, casualties and missing kit fall back (108.025406ms)
✔ 65 actual wagon models use LOD2 instances at 9.10 m with source pivots and shared art; partial/full failures preserve the whole consist (14.156551ms)
✔ disposing while optional wagon downloads are pending never attaches models to the old scene (1.369013ms)
✔ M01 declares the mission contract fields of Prompt §74 (0.924624ms)
✔ M01 IDs are unique across the mission and every reference resolves (1.76962ms)
✔ M01 keeps the documented chronology on the battle clock (1.363646ms)
✔ M01 equips only gear available on 1 September 1939 and never the forbidden weapons (0.345152ms)
✔ M01 keeps the mandatory lines of the master script verbatim (0.195049ms)
✔ M01 labels history and space only with the agreed vocabularies (1.285871ms)
✔ M01 checkpoints accumulate state and never save inside a demolition zone (0.373766ms)
✔ M01 runs at least two independent battle sectors on the clock (2.121644ms)
✔ M01 map geometry matches the documented bridges of 1939 and the measured piers (0.452262ms)
✔ M01 debrief keeps unconfirmed paragraphs disabled until their checks pass (0.735263ms)
✔ M01 vagões danificados: o kit intacto não foi alterado (sha256 registados no manifesto) (3.355367ms)
✔ M01 vagões danificados: metros, 9,10 m no LOD0, rodas no carril, pivôs do intacto e três LODs no orçamento (26.547518ms)
✔ M01 vagões danificados: sockets iguais aos do intacto, mais impact só no danificado (2.487978ms)
✔ M01 vagões danificados: wheels_roll igual ao intacto; doors_open só na porta esquerda do coberto danificado (2.526434ms)
✔ M01 vagões danificados: restos só visuais no nó debris, alterações registadas e sem efeitos próprios (1.495001ms)
✔ M01 vagões: metros, 9,10 m entre tampões no LOD0, rodas no carril, nós estáveis e três LODs no orçamento (3.787558ms)
✔ M01 vagões: rodados dão uma volta por segundo em X; portas do coberto correm 1,95 m em Z (2.580735ms)
ℹ tests 158
ℹ suites 0
ℹ pass 158
ℹ fail 0
ℹ cancelled 0
ℹ skipped 0
ℹ todo 0
ℹ duration_ms 12460.603107
