npm warn Unknown env config "http-proxy". This will stop working in the next major version of npm.

> operation-ashen-road@0.2.0 test:browser
> playwright test --reporter=line --output test-results-rifleman-final-sync


[WebServer] (node:31) Warning: The 'NO_COLOR' env is ignored due to the 'FORCE_COLOR' env being set.
[WebServer] (Use `node --trace-warnings ...` to show where the warning was created)
[WebServer] npm warn Unknown env config "http-proxy". This will stop working in the next major version of npm.

[WebServer] (node:44) Warning: The 'NO_COLOR' env is ignored due to the 'FORCE_COLOR' env being set.
[WebServer] (Use `node --trace-warnings ...` to show where the warning was created)


Running 37 tests using 1 worker



(node:78) Warning: The 'NO_COLOR' env is ignored due to the 'FORCE_COLOR' env being set.
(Use `node --trace-warnings ...` to show where the warning was created)
(node:78) Warning: The 'NO_COLOR' env is ignored due to the 'FORCE_COLOR' env being set.
(Use `node --trace-warnings ...` to show where the warning was created)


[1/37] tests/browser/game.spec.js:28:1 › production prefix loads assets; real click captures mouse; shooting, reload and pause work
[2/37] tests/browser/game.spec.js:68:1 › real keyboard movement reaches and stores checkpoint; restart and page reload restore it
[3/37] tests/browser/game.spec.js:98:1 › corrupt checkpoint is explained and a new mission remains available
[4/37] tests/browser/game.spec.js:106:1 › missing models are reported and procedural fallback keeps the area playable
[5/37] tests/browser/m01-mg34-prone.spec.js:24:28 › real MG34 prone save after shot 1: production continuation, real muzzle, pause and reload
[6/37] tests/browser/m01-mg34-prone.spec.js:24:28 › real MG34 prone save after shot 4: production continuation, real muzzle, pause and reload
[7/37] tests/browser/m01-mg34-prone.spec.js:24:28 › real MG34 prone save after shot 6: production continuation, real muzzle, pause and reload
[8/37] tests/browser/m01-mg34-prone.spec.js:42:1 › missing optional prone GLB keeps real MG34 gameplay and procedural low posture
[9/37] tests/browser/m01-rifleman-locomotion.spec.js:21:1 › rifleman pilot resumes a real schema 2 locomotion snapshot, freezes fades in pause and reloads same gameplay
[10/37] tests/browser/m01.spec.js:38:1 › M01 loads the nine bridge LODs; real controls operate bolt, clip, sight, aiming, pause and CP-A
[11/37] tests/browser/m01.spec.js:66:1 › the genuine first raid displays three Ju 87 GLBs with light LODs and freezes the propellers on pause
[12/37] tests/browser/m01.spec.js:89:1 › unavailable optional Ju 87 models retain all three raid silhouettes and the playable mission
[13/37] tests/browser/m01.spec.js:99:1 › licensed character rigs and first-person hands follow real weapon state, preserve pause and use the light preset
[14/37] tests/browser/m01.spec.js:148:1 › an optional character download failure preserves playable procedural actors without blocking bridge validation
[15/37] tests/browser/m01.spec.js:156:1 › Kowal fires and changes the rkm magazine from actual combat state, preserving both poses in pause
[16/37] tests/browser/m01.spec.js:185:1 › missing close-up LOD0 falls back to intact LOD1 hands while the light world actors remain available
[17/37] tests/browser/m01.spec.js:193:1 › the station clip alone cannot enable a viewmodel when the required weapon animations fail to download
[18/37] tests/browser/m01.spec.js:201:1 › the station evacuation restores its grounded drag, pauses with the mission and delivers the casualty
[19/37] tests/browser/m01.spec.js:229:39 › the real station grab restores synchronized clips, pauses and keeps both roots fixed
[20/37] tests/browser/m01.spec.js:229:39 › the real station release restores synchronized clips, pauses and keeps both roots fixed
[21/37] tests/browser/m01.spec.js:268:1 › a missing optional station transition GLB keeps the grounded fallback and completes evacuation
[22/37] tests/browser/m01.spec.js:282:1 › real keyboard movement traverses the approaches and E delivers the message at the rail bridge
[23/37] tests/browser/m01.spec.js:308:33 › adjustment salvo at the gates restores its actual origin and follows mouse look
[24/37] tests/browser/m01.spec.js:308:33 › adjustment salvo behind the truss restores its actual origin and follows mouse look
[25/37] tests/browser/m01.spec.js:337:1 › demolition inside the road truss shows the actual bearing while mouse look remains free
[26/37] tests/browser/m01.spec.js:363:1 › a genuine CP-D reload keeps east destruction and casualties, including restart and page reload
[27/37] tests/browser/m01.spec.js:376:1 › the actual outro state can be skipped through the UI into the enabled historical debrief
[28/37] tests/browser/m01.spec.js:386:1 › German fire on the repair is drawn from the Lisewo gates and the HUD status line is the simulation state
[29/37] tests/browser/m01.spec.js:408:1 › the genuine train 963 and both MG34 fire sources use optional GLBs, light instances and reproducible pause/restart
[30/37] tests/browser/m01.spec.js:439:1 › schema-2 continuation keeps the older CP-A on the real Restart checkpoint button
[31/37] tests/browser/m01.spec.js:457:1 › missing optional wagon models and MG34 clips preserve 65 proxies, both procedural supports and playable M01
[32/37] tests/browser/m01.spec.js:469:1 › the real roll-call snapshot renders seated actors and keeps their pose after page reload
[33/37] tests/browser/m01.spec.js:481:1 › a real withdrawal continuation loses men only to rounds from the spans, keeps the twelve-survivor floor and shows the count in the HUD
[34/37] tests/browser/m01.spec.js:502:1 › a failed M01 bridge load prevents an invisible bridge; the French sandbox remains selectable
[35/37] tests/browser/m01.spec.js:511:1 › textured atmosphere survives checkpoint restart without duplicating resources; low quality reduces vegetation
[36/37] tests/browser/m01.spec.js:537:1 › ckm west crew and weapon use actual saved abandon time, pause and fresh reload
[37/37] tests/browser/m01.spec.js:556:1 › optional ckm kit failure retains the crew fallback and checkpoint restoration
  Slow test file: tests/browser/m01.spec.js (10.7m)
  Consider running tests from slow files in parallel. See: https://playwright.dev/docs/test-parallel
  37 passed (12.9m)

