npm warn Unknown env config "http-proxy". This will stop working in the next major version of npm.

> operation-ashen-road@0.2.0 test:browser
> playwright test --reporter=line,json

[1A[2K[2m[WebServer] [22m(node:32) Warning: The 'NO_COLOR' env is ignored due to the 'FORCE_COLOR' env being set.
[2m[WebServer] [22m(Use `node --trace-warnings ...` to show where the warning was created)

[1A[2K[2m[WebServer] [22mnpm warn Unknown env config "http-proxy". This will stop working in the next major version of npm.

[1A[2K[2m[WebServer] [22m(node:45) Warning: The 'NO_COLOR' env is ignored due to the 'FORCE_COLOR' env being set.
[2m[WebServer] [22m(Use `node --trace-warnings ...` to show where the warning was created)


Running 36 tests using 1 worker

[1A[2K(node:79) Warning: The 'NO_COLOR' env is ignored due to the 'FORCE_COLOR' env being set.
(Use `node --trace-warnings ...` to show where the warning was created)


[1A[2K(node:79) Warning: The 'NO_COLOR' env is ignored due to the 'FORCE_COLOR' env being set.
(Use `node --trace-warnings ...` to show where the warning was created)


[1A[2K[1/36] tests/browser/game.spec.js:28:1 › production prefix loads assets; real click captures mouse; shooting, reload and pause work
[1A[2K[2/36] tests/browser/game.spec.js:68:1 › real keyboard movement reaches and stores checkpoint; restart and page reload restore it
[1A[2K[3/36] tests/browser/game.spec.js:98:1 › corrupt checkpoint is explained and a new mission remains available
[1A[2K[4/36] tests/browser/game.spec.js:106:1 › missing models are reported and procedural fallback keeps the area playable
[1A[2K[5/36] tests/browser/m01-mg34-prone.spec.js:24:28 › real MG34 prone save after shot 1: production continuation, real muzzle, pause and reload
[1A[2K[6/36] tests/browser/m01-mg34-prone.spec.js:24:28 › real MG34 prone save after shot 4: production continuation, real muzzle, pause and reload
[1A[2K[7/36] tests/browser/m01-mg34-prone.spec.js:24:28 › real MG34 prone save after shot 6: production continuation, real muzzle, pause and reload
[1A[2K[8/36] tests/browser/m01-mg34-prone.spec.js:42:1 › missing optional prone GLB keeps real MG34 gameplay and procedural low posture
[1A[2K[9/36] tests/browser/m01.spec.js:38:1 › M01 loads the nine bridge LODs; real controls operate bolt, clip, sight, aiming, pause and CP-A
[1A[2K[10/36] tests/browser/m01.spec.js:66:1 › the genuine first raid displays three Ju 87 GLBs with light LODs and freezes the propellers on pause
[1A[2K[11/36] tests/browser/m01.spec.js:89:1 › unavailable optional Ju 87 models retain all three raid silhouettes and the playable mission
[1A[2K[12/36] tests/browser/m01.spec.js:99:1 › licensed character rigs and first-person hands follow real weapon state, preserve pause and use the light preset
[1A[2K[13/36] tests/browser/m01.spec.js:148:1 › an optional character download failure preserves playable procedural actors without blocking bridge validation
[1A[2K[14/36] tests/browser/m01.spec.js:156:1 › Kowal fires and changes the rkm magazine from actual combat state, preserving both poses in pause
[1A[2K[15/36] tests/browser/m01.spec.js:185:1 › missing close-up LOD0 falls back to intact LOD1 hands while the light world actors remain available
[1A[2K[16/36] tests/browser/m01.spec.js:193:1 › the station clip alone cannot enable a viewmodel when the required weapon animations fail to download
[1A[2K[17/36] tests/browser/m01.spec.js:201:1 › the station evacuation restores its grounded drag, pauses with the mission and delivers the casualty
[1A[2K[18/36] tests/browser/m01.spec.js:229:39 › the real station grab restores synchronized clips, pauses and keeps both roots fixed
[1A[2K[19/36] tests/browser/m01.spec.js:229:39 › the real station release restores synchronized clips, pauses and keeps both roots fixed
[1A[2K[20/36] tests/browser/m01.spec.js:268:1 › a missing optional station transition GLB keeps the grounded fallback and completes evacuation
[1A[2K[21/36] tests/browser/m01.spec.js:282:1 › real keyboard movement traverses the approaches and E delivers the message at the rail bridge
[1A[2K[22/36] tests/browser/m01.spec.js:308:33 › adjustment salvo at the gates restores its actual origin and follows mouse look
[1A[2K[23/36] tests/browser/m01.spec.js:308:33 › adjustment salvo behind the truss restores its actual origin and follows mouse look
[1A[2K[24/36] tests/browser/m01.spec.js:327:1 › demolition inside the road truss shows the actual bearing while mouse look remains free
[1A[2K[25/36] tests/browser/m01.spec.js:353:1 › a genuine CP-D reload keeps east destruction and casualties, including restart and page reload
[1A[2K[26/36] tests/browser/m01.spec.js:366:1 › the actual outro state can be skipped through the UI into the enabled historical debrief
[1A[2K[27/36] tests/browser/m01.spec.js:376:1 › German fire on the repair is drawn from the Lisewo gates and the HUD status line is the simulation state
[1A[2K[28/36] tests/browser/m01.spec.js:398:1 › the genuine train 963 and both MG34 fire sources use optional GLBs, light instances and reproducible pause/restart
[1A[2K[29/36] tests/browser/m01.spec.js:429:1 › schema-2 continuation keeps the older CP-A on the real Restart checkpoint button
[1A[2K[30/36] tests/browser/m01.spec.js:447:1 › missing optional wagon models and MG34 clips preserve 65 proxies, both procedural supports and playable M01
[1A[2K[31/36] tests/browser/m01.spec.js:459:1 › the real roll-call snapshot renders seated actors and keeps their pose after page reload
[1A[2K[32/36] tests/browser/m01.spec.js:471:1 › a real withdrawal continuation loses men only to rounds from the spans, keeps the twelve-survivor floor and shows the count in the HUD
[1A[2K[33/36] tests/browser/m01.spec.js:492:1 › a failed M01 bridge load prevents an invisible bridge; the French sandbox remains selectable
[1A[2K[34/36] tests/browser/m01.spec.js:501:1 › textured atmosphere survives checkpoint restart without duplicating resources; low quality reduces vegetation
[1A[2K[35/36] tests/browser/m01.spec.js:527:1 › ckm west crew and weapon use actual saved abandon time, pause and fresh reload
[1A[2K[36/36] tests/browser/m01.spec.js:546:1 › optional ckm kit failure retains the crew fallback and checkpoint restoration
[1A[2K  Slow test file: tests/browser/m01.spec.js (17.0m)
  Consider running tests from slow files in parallel. See: https://playwright.dev/docs/test-parallel
  36 passed (19.7m)
