✔ existing MG34 gunners enter for exactly 1.9 seconds; other actors have no new posture (13.288929ms)
✔ save and atomic restore preserve enter, idle, aim and exit and consume no RNG (97.236222ms)
✔ save after shot 1: resume without duplicate/lost rounds, events, frames or RNG (49.233721ms)
✔ save after shot 4: resume without duplicate/lost rounds, events, frames or RNG (38.446234ms)
✔ save after shot 6: resume without duplicate/lost rounds, events, frames or RNG (28.556481ms)
✔ 4, 5, 6 and 7 shots preserve the requested count and real .075 cadence (6.624756ms)
✔ pause leaves posture, progress, shot, pending burst, RNG and complete snapshot exactly stable (64.744079ms)
✔ ADVANCE exits prone, blocks firing, then remains standing (0.981382ms)
✔ RETREAT exits prone, blocks firing, then remains standing (2.267734ms)
✔ movement waits for exit; interrupted entry reverses its saved fractional progress (2.728751ms)
✔ suppression keeps the gunner low and cancels pending shots without cancelling those in flight (21.685697ms)
✔ death during enter immediately clears posture and future shots (18.907205ms)
✔ death during idle immediately clears posture and future shots (9.905581ms)
✔ death during fire_burst immediately clears posture and future shots (14.358722ms)
✔ death during exit immediately clears posture and future shots (13.058287ms)
✔ inactivity discards pending combat and never creates a loader association (1.860784ms)
✔ legacy missing prone data resumes safely with no marker; 86 roster/CKM migration stays unchanged (20.806491ms)
✔ invalid partial/impossible prone fields reject atomically without changing source or target (101.071123ms)
✔ movement and S3 station evacuation bodies remain byte-for-byte identical to the fixed base (14.128265ms)
✔ a nonlethal hit interrupts the remaining burst and stays low with a valid snapshot (2.61676ms)
✔ player fire observes the current transition progress within a real simulation tick (3.473905ms)
✔ save cannot remove or alter an emitted round still in flight (13.974862ms)
✔ OUTRO cancels pending rounds and blocks new MG bursts while preserving existing flight (1.266185ms)
✔ a target already reached never rewrites the state of a fixed prone burst (3.518884ms)
✔ the pure collision JSON remains reproducible from the checked GLB translations (154.665883ms)
✔ debug diagnostics return copies; editing a returned gate or failure cannot change live state (12.109421ms)
✔ wz.29 requires a bolt cycle; an empty magazine uses a clip of five, preserving ammunition (0.426446ms)
✔ wz.29 partial loading commits one round at a time and can be interrupted; in-progress saves resume it (0.478574ms)
✔ M01 complete control route reaches debrief, all required objectives, unique events and all four actual checkpoints (4274.903922ms)
✔ every M01 checkpoint restores exact actors, ammunition, RNG, dialogue, destruction and real clocks after death (27.285416ms)
✔ damaged bridge pieces and German casualties survive LOD changes and checkpoint restoration (8.267564ms)
✔ overdue events use >=; delayed events wait active seconds; pause freezes both clocks and weapon work (17.788174ms)
✔ a late message never rewinds battle time and every aerial impact stays at least thirty metres away (1.814247ms)
✔ west demolition waits inside the safety zone, then releases once the player and allies have left (43.824841ms)
✔ boundary warning precedes failure and its eight second timer resets when the player returns (1.702696ms)
✔ metre-space hitboxes, actual cover and bridge joints support shots and continuous travel (1.195118ms)
✔ corrupt M01 state is rejected atomically before an active scene, grenade or missing timer can crash the game (19.879833ms)
✔ outro calls Nowicki twice as distinct beats and consumes completion once, including skip after partial playback (60.56697ms)
✔ optional Bąk rescue cannot be taken away mid-carry; delivery chooses the player continuity branch (3.421654ms)
✔ all five sectors keep their schedule and stable casualties for ninety seconds while the player looks away (485.011662ms)
✔ west hold timeout sends the sergeant to escort the player without demolition damage (991.947879ms)
✔ grenade blast starts at its real height; solid cover shields a nearby actor and inactive actors stay unharmed (4.22121ms)
✔ save between checkpoints preserves the future respawn destination (66.722047ms)
ℹ tests 43
ℹ suites 0
ℹ pass 43
ℹ fail 0
ℹ cancelled 0
ℹ skipped 0
ℹ todo 0
ℹ duration_ms 6362.70135
