V5 station-frontal low: 48 calls / 384047 triangles
V5 station-oblique low: 56 calls / 388517 triangles
V5 station-platform low: 61 calls / 390732 triangles
V5 station-yard low: 62 calls / 390942 triangles
V5 bridge-west low: 226 calls / 421029 triangles
V5 bridge-east low: 154 calls / 404318 triangles
V5 train-963 low: 192 calls / 499143 triangles
V5 panzerzug low: 165 calls / 497095 triangles
V5 evacuation low: 63 calls / 393783 triangles
V5 roll-call low: 155 calls / 512906 triangles
V6 station-frontal low: 48 calls / 384047 triangles
V6 station-oblique low: 56 calls / 388517 triangles
V6 station-platform low: 61 calls / 390732 triangles
V6 station-yard low: 62 calls / 390942 triangles
V6 bridge-west low: 226 calls / 421029 triangles
V6 bridge-east low: 154 calls / 404318 triangles
V6 train-963 low: 192 calls / 499143 triangles
V6 panzerzug low: 165 calls / 497095 triangles
V6 evacuation low: 63 calls / 393783 triangles
V6 roll-call low: 155 calls / 512906 triangles
V5 station-frontal medium: 53 calls / 428618 triangles
V5 station-oblique medium: 61 calls / 437719 triangles
V5 station-platform medium: 66 calls / 440717 triangles
V5 station-yard medium: 67 calls / 446887 triangles
V5 bridge-west medium: 271 calls / 518676 triangles
V5 bridge-east medium: 201 calls / 513041 triangles
V5 train-963 medium: 234 calls / 530379 triangles
V5 panzerzug medium: 206 calls / 532943 triangles
V5 evacuation medium: 69 calls / 441267 triangles
V5 roll-call medium: 280 calls / 767211 triangles
V6 station-frontal medium: 53 calls / 428618 triangles
V6 station-oblique medium: 61 calls / 437719 triangles
V6 station-platform medium: 66 calls / 440717 triangles
V6 station-yard medium: 67 calls / 446887 triangles
V6 bridge-west medium: 271 calls / 518676 triangles
V6 bridge-east medium: 201 calls / 513041 triangles
V6 train-963 medium: 234 calls / 530379 triangles
V6 panzerzug medium: 206 calls / 532943 triangles
V6 evacuation medium: 69 calls / 441267 triangles
V6 roll-call medium: 280 calls / 767211 triangles
V5 station-frontal high: 56 calls / 484908 triangles
V5 station-oblique high: 64 calls / 492444 triangles
V5 station-platform high: 69 calls / 494913 triangles
V5 station-yard high: 70 calls / 497147 triangles
V5 bridge-west high: 276 calls / 555041 triangles
V5 bridge-east high: 210 calls / 549813 triangles
V5 train-963 high: 259 calls / 653774 triangles
V5 panzerzug high: 230 calls / 574463 triangles
V5 evacuation high: 80 calls / 515809 triangles
V5 roll-call high: 315 calls / 951720 triangles
V6 station-frontal high: 56 calls / 484908 triangles
V6 station-oblique high: 64 calls / 492444 triangles
V6 station-platform high: 69 calls / 494913 triangles
V6 station-yard high: 70 calls / 497147 triangles
V6 bridge-west high: 276 calls / 555041 triangles
V6 bridge-east high: 210 calls / 549813 triangles
V6 train-963 high: 259 calls / 653774 triangles
V6 panzerzug high: 230 calls / 574463 triangles
V6 evacuation high: 80 calls / 515809 triangles
V6 roll-call high: 315 calls / 951720 triangles
