Generated summary of accepted production browser samples; final JSON/PNG pairs are authoritative.
A-D: main capture logs. E: demolition-approved logs. F: damage-final logs. Earlier framing logs are retained for provenance.
A-station medium: matching full state 4178f2635528d7c74b72766581edb94c18d0aa19432851ca8f8fc0eb8177cf0a; calls 48 -> 51; triangles 295939 -> 370201; errors 0/0
B-rail-sappers medium: matching full state 1533c52901a1fac1b1e192825c2ea112b44495806865217c042ff378d92ca194; calls 106 -> 107; triangles 311035 -> 384613; errors 0/0
C-bridge-approach medium: matching full state ded027a3358e023657fe5fc5ed0e73781dee4437b847c240782290923366e590; calls 226 -> 227; triangles 354853 -> 427903; errors 0/0
D-long-bridge medium: matching full state 9ff6f427b786afe3003c5510d79e181b21c3cc4e0fea5c82039e17eef7945673; calls 288 -> 291; triangles 653737 -> 760225; errors 0/0
E-bombing medium: matching full state 3dc24a2424ae899641442b2c13f409ccfbbf44eb031317239c3434da034a1338; calls 192 -> 195; triangles 593333 -> 677221; errors 0/0
F-impact-dust medium: matching full state bead5e1c60a17df79496821b7611af3fc10e1ed67de6d9c4587c3471cfc6d45a; calls 136 -> 138; triangles 313868 -> 387522; errors 0/0
A-station high: matching full state 4178f2635528d7c74b72766581edb94c18d0aa19432851ca8f8fc0eb8177cf0a; calls 48 -> 51; triangles 295939 -> 370201; errors 0/0
B-rail-sappers high: matching full state 1533c52901a1fac1b1e192825c2ea112b44495806865217c042ff378d92ca194; calls 106 -> 107; triangles 319878 -> 393456; errors 0/0
C-bridge-approach high: matching full state ded027a3358e023657fe5fc5ed0e73781dee4437b847c240782290923366e590; calls 226 -> 227; triangles 358979 -> 432029; errors 0/0
D-long-bridge high: matching full state 9ff6f427b786afe3003c5510d79e181b21c3cc4e0fea5c82039e17eef7945673; calls 292 -> 295; triangles 652473 -> 758961; errors 0/0
E-bombing high: matching full state 3dc24a2424ae899641442b2c13f409ccfbbf44eb031317239c3434da034a1338; calls 222 -> 225; triangles 584705 -> 668593; errors 0/0
F-impact-dust high: matching full state bead5e1c60a17df79496821b7611af3fc10e1ed67de6d9c4587c3471cfc6d45a; calls 136 -> 138; triangles 333134 -> 406820; errors 0/0
A-station low: matching full state 4178f2635528d7c74b72766581edb94c18d0aa19432851ca8f8fc0eb8177cf0a; calls 48 -> 51; triangles 287259 -> 351765; errors 0/0
B-rail-sappers low: matching full state 1533c52901a1fac1b1e192825c2ea112b44495806865217c042ff378d92ca194; calls 106 -> 107; triangles 300011 -> 363833; errors 0/0
C-bridge-approach low: matching full state ded027a3358e023657fe5fc5ed0e73781dee4437b847c240782290923366e590; calls 218 -> 219; triangles 339734 -> 403028; errors 0/0
D-long-bridge low: matching full state 9ff6f427b786afe3003c5510d79e181b21c3cc4e0fea5c82039e17eef7945673; calls 233 -> 234; triangles 476409 -> 539703; errors 0/0
E-bombing low: matching full state 3dc24a2424ae899641442b2c13f409ccfbbf44eb031317239c3434da034a1338; calls 118 -> 120; triangles 424329 -> 478481; errors 0/0
F-impact-dust low: matching full state bead5e1c60a17df79496821b7611af3fc10e1ed67de6d9c4587c3471cfc6d45a; calls 136 -> 138; triangles 304021 -> 367887; errors 0/0
