npm warn Unknown env config "http-proxy". This will stop working in the next major version of npm.

> operation-ashen-road@0.2.0 test
> node --test tests/*.test.js

✔ planar y becomes scene z; height is independent (2.509781ms)
✔ horizontal head shot hits, aiming above the head misses (1.153415ms)
✔ nearest wall shields an enemy; lowering the aim hits terrain (0.345661ms)
✔ wall around muzzle blocks a clear camera sightline (0.202058ms)
✔ enemy in cover cannot cause damage through a wall (1.169689ms)
✔ unreachable destination reports failure and does not move through walls (0.29078ms)
✔ wall shields blast damage but visible nearby actor takes damage (0.542162ms)
✔ JSON checkpoint restores actors, reload, grenade, phase, clock and RNG exactly (10.009741ms)
✔ corrupt and incompatible saves are rejected atomically (2.825127ms)
✔ death restores the last living checkpoint without reviving defeated enemies (28.730937ms)
✔ restored simulation reproduces future seeded decisions and events (271.3957ms)
✔ two independent sectors evolve for 90 seconds with stable losses and unique events (3.156367ms)
✔ partial fourth reinforcement group activates and visible candidates remain hidden (0.542842ms)
✔ zero time never advances reload or the battle (0.929704ms)
✔ weapon enforces cadence, ammo, and reload transfer (1.915672ms)
✔ world blocks walls and permits open cells (1.114909ms)
✔ navigation chooses a walkable next tile around cover (0.611044ms)
✔ mission advances through checkpoint, combat, and radio (1.260173ms)
✔ shot geometry detects targets on aim line (0.218953ms)
✔ 3D matrix composition preserves translation and scale (0.403156ms)
✔ weapon exposes a stable reload animation timeline (0.794585ms)
✔ enemy selects cover instead of charging directly at player (1.701345ms)
✔ grenade bounces on walls, warns AI, and applies radial damage (32.004923ms)
✔ battle director activates reinforcement groups without replacing individual AI (0.726223ms)
✔ text-only OBJ assets load with meshes, normals, and MTL colors (22.059066ms)
✔ pointer lock entry and resume ignore cursor warps while later mouse movement works (1.762085ms)
✔ Ju 87 clones use native LODs, share art, sample the saved clock and preserve the existing raid path (32.822672ms)
✔ missing optional Ju 87 art keeps the silhouettes; partial failure uses available detail and disposal prevents attachment (10.29984ms)
✔ damage presentation is bounded, frozen at pause, reconstructible and never mutates source state (130.049436ms)
✔ M01 GLBs keep nine spans, measured supports and map placement in every LOD (44.636891ms)
✔ M01 all LODs ship event-linked damage replacements with stable logical IDs (32.140932ms)
✔ M01 demolition IDs survive LOD changes and JSON restoration; colliders stay removed (107.013731ms)
✔ M01 road towers remain separate, measured and damage-linked in all LODs (25.926405ms)
✔ M01 binary exports contain finite positions and unit normals (101.168688ms)
✔ M01 manifest matches binary counts, current map hash and decreasing LOD budgets (4.089968ms)
✔ M01 historical uncertainty and modern geometry conflicts remain explicit (2.931925ms)
✔ all six GLBs have finite skin weights, valid joint indices, embedded textures and decreasing LOD budgets (177.826931ms)
✔ all twenty-five animation clips bind to real named bones, have monotonic times and finite transforms (26.224215ms)
✔ the original station drag loops on the existing rig with a locked source and finite transforms (13.420243ms)
✔ first-person geometry keeps actual GLB arm/hand surfaces and leaves the world uniform unchanged (42.689261ms)
✔ the actual reload rig keeps the open action, clip and hand in the first-person frustum on both usable LODs (115.887111ms)
✔ sampling real clock, changing LOD and restoring a copy preserves bone transforms and immutable data (8.92066ms)
✔ wounded attachment follows its carrier socket and detaches after delivery without changing simulation coordinates (6.588281ms)
✔ MakeHuman data licence is shipped exactly as locked at its source revision (0.805511ms)
✔ the station casualty remains grounded while the medic samples the backward drag and its fallback (16.116229ms)
✔ Kowal and healthy Bąk use their own meshes and muzzle sockets, preserve data and hide the casualty weapon (32.344134ms)
✔ riflemen finish the bolt after the flash; pinned engineers stop their working hands until the repair resumes (1.449664ms)
✔ schema 2 legacy 86 roster becomes 89 at the aligned post without changing old actors or RNG (14.36131ms)
✔ old 89-actor idle placement migrates once and snapshot restore is stable (36.718196ms)
✔ old 89-actor save immediately after east demolition keeps idle phase/start time while aligning the old post (15.885479ms)
✔ old 89-actor abandon placement shifts rigidly but preserves phase and startedAt exactly (12.895993ms)
✔ retreat saves are never translated, including an actor still on an old authored coordinate (12.08621ms)
✔ casualties stay casualties and post-west saves preserve their saved positions (22.417356ms)
✔ 86-actor saves after east or west demolition remain safe and do not restart abandon (26.763252ms)
✔ restore stays atomic when a legacy-position ckm save is invalid (10.697042ms)
✔ placement migration changes no non-ckm actor or unrelated saved state (6.229251ms)
✔ new ckm root puts gun_muzzle_flash on the mapped south embrasure x/z (1.120717ms)
✔ ckm crew is grounded below the deck, leaves after the real event and reaches safety before demolition (3792.896317ms)
✔ schema 2 accepts exact legacy rosters and migrates atomically without changing old actors or RNG (3066.368224ms)
✔ real ckm clips and weapon share saved time across pause, reload, casualties and optional fallback (48.416448ms)
✔ M01 ckm wz.30: metros, +Y, cano para −Z, 1,2 m ±2 %, hierarquia de pivôs e três LODs no orçamento (3.32745ms)
✔ M01 ckm wz.30: clips da arma animam os nós móveis; rajada de 8 a 600/min; alimentação puxa a ponta e arma duas vezes (5.221951ms)
✔ M01 ckm wz.30: clips ckm_wz30_* do atirador e do municiador ligam-se ao rig polaco, não repetem nomes e mostram uma só arma (23.723808ms)
✔ M01 ckm wz.30: LOD0 dentro dos 4000 triângulos sem mudar silhueta, pivôs, sockets, fita nem clips; LOD1, LOD2 e clips intactos (7.682179ms)
✔ the sappers walk to the second cut where the crate is delivered, so "leve a caixa aos sapadores" is true (4280.688088ms)
✔ Bąk takes the deck position with the 05:30 order and falls at bak_wound_point, in front of the player (826.482533ms)
✔ a direction hint names the destination, distance and side when the player does not approach it (60.089027ms)
✔ once the repair gate is ready the rest of seg_repair runs at readyScale; before that it keeps scale (1.331929ms)
✔ the full control route still reaches the debrief with every required objective after the fixes (0.192886ms)
✔ the withdrawing east platoon runs past the firing point during the corridor phase and does not stall at x = -109 (1709.224988ms)
✔ a Bąk delivered by the player stays visible beside Dudek, who carries him west before the west demolition (692.806763ms)
✔ when Dudek retrieves Bąk he walks to him on the deck and carries him to the station, visible all the way (715.205687ms)
✔ the roll call positions the present section in the shelter facing Jan; the absent stay away (895.368747ms)
✔ Kowal hands over at most six clips of section ammunition; saves keep the ammunition invariant (19.661732ms)
✔ legacy schema 2 saves receive the unused section supply and can resupply after loading (10.188494ms)
✔ the bridge trusses contain movement: no falling off a span sideways or into a blown gap; the river bank still can (2.486847ms)
✔ a Bąk delivered after the east demolition is still evacuated, so the west demolition is not held forever (812.08592ms)
✔ real control routes compare covering and ignoring: faster repair, fewer near misses and more survivors with support (6730.26994ms)
✔ repair suppression requires a round that really arrives within 3 m; a solid wall shields the sappers (153.546885ms)
✔ inactive or suppressed Germans on the spans cause no withdrawal losses; looking away does not stop combat (634.596831ms)
✔ casualty IDs and rounds in flight survive reload and checkpoint restore; invalid optional timers are rejected atomically (234.864419ms)
✔ legacy schema 2 saves migrate and the six reserve slots stay outside the eighteen-man platoon (44.630749ms)
✔ the air-raid cover instruction remains visible briefly even if the player was already in cover (7.670801ms)
✔ adjustment warning and HUD identify a real salvo; view direction changes the bearing without changing combat (1934.530054ms)
✔ a salvo from the dike behind the trusses identifies its actual origin, rather than the visible gate MG (1394.684609ms)
✔ an occluding wall prevents an adjustment warning and cover reservation, with a bounded retry (197.599912ms)
✔ saved origin restores as data, expires after eight active seconds, and invalid or legacy saves remain safe (83.36323ms)
✔ German fire starts on the east bank; only shooters in sight of the west bank (the Lisewo gates) aim at it (1384.284259ms)
✔ rounds that pass within 3 m pin the sappers and stop the repair; the HUD line is exactly the simulation state (942.108123ms)
✔ keeping the gate MG down shortens the repair; ignoring it lets the sappers be pinned again and again (6778.734121ms)
✔ covering fire on the Germans on the spans saves men; without it the platoon falls to the predicted minimum (0.44636ms)
✔ historical times, checkpoints and demolition safety are unchanged in both routes (0.210191ms)
✔ rounds in flight survive save and restore and play out identically; corrupt rounds are rejected (434.292033ms)
✔ after 120 s of continuous suppression the fire on the repair eases without warning until work resumes (662.989092ms)
✔ the withdrawal HUD line reports the real count by ID and whether the Germans on the spans are suppressed (1615.928746ms)
✔ allies under fire are drawn hunched (pinned pose) only while suppressedUntil lasts, without touching the actor (1.000089ms)
✔ a designated withdrawal casualty needs an actual actor hit; a wall, a miss or an already dead target cannot lower the count (1.402323ms)
✔ demolition bearing follows the actual impact and player view without changing the event or camera (3962.021657ms)
✔ demolition cue restores from data, expires on active time, and distinguishes the west blast (163.268078ms)
✔ visual quality respects explicit settings and conservative hardware fallback (0.828706ms)
✔ foreground trunks obstruct walking and shots; restoring destruction reconstructs the same static obstacles (8.883416ms)
✔ M01 Ju 87 B-1: metres, nose to −Z, 11.10 × 13.80 m, stable nodes and three LODs within budget (2.713542ms)
✔ M01 Ju 87 B-1: propeller turns a full revolution about Z; dive brakes open 90° about their hinge (3.305848ms)
✔ M01 MG 34: metros, cano para −Z, 1,219 m ±2 %, peças móveis com pivô e três LODs no orçamento (3.807611ms)
✔ M01 MG 34: clips mg34_* ligam-se ao rig do soldado alemão e aos nós da arma; rajada de 7 a 800/min; recarga do tambor (15.678593ms)
✔ M01 MG 34 deitada: nomes novos, kit da MG 34 e soldados reutilizados sem alterações (hashes do manifesto) (15.018106ms)
✔ M01 MG 34 deitada: alvos do rig e da arma, valores finitos, quaternões unitários e durações (50.877062ms)
✔ M01 MG 34 deitada: rajada de 7 a 0,075 s, janela e cortes; bípode aberto/dobrado; recarga coordenada (2.479426ms)
✔ M01 MG 34 deitada: continuidade com mg34_aim do kit e entre clips deitados (60.044987ms)
✔ M01 MG 34 deitada: AnimationMixer do three.js — contactos, passagem do tambor e pausa/retoma no mesmo frame (68.30784ms)
✔ actual renderer samples enter, idle, burst and exit from simulation and matches its muzzle within 2 mm (136.009223ms)
✔ renderer save after 1 shots restores same frame and flash without replay or RNG draws (98.081388ms)
✔ renderer save after 4 shots restores same frame and flash without replay or RNG draws (50.071882ms)
✔ renderer save after 6 shots restores same frame and flash without replay or RNG draws (47.51101ms)
✔ missing prone GLB uses existing procedural batches without changing gameplay, hitboxes, save, RNG or real shots (59.138422ms)
✔ rendered death during enter has no residual prone frame, weapon, flash or loader (44.775901ms)
✔ rendered death during idle has no residual prone frame, weapon, flash or loader (30.944614ms)
✔ rendered death during fire_burst has no residual prone frame, weapon, flash or loader (55.416008ms)
✔ rendered death during exit has no residual prone frame, weapon, flash or loader (30.960769ms)
✔ actual muzzle effect after shot 1 has no extra flash in the .06/.075 gap or restore (10.823724ms)
✔ actual muzzle effect after shot 4 has no extra flash in the .06/.075 gap or restore (20.216902ms)
✔ actual muzzle effect after shot 6 has no extra flash in the .06/.075 gap or restore (8.615349ms)
✔ actual muzzle batches have no post-death flash during all four prone phases (6.206257ms)
✔ existing MG34 gunners enter for exactly 1.9 seconds; other actors have no new posture (9.874891ms)
✔ save and atomic restore preserve enter, idle, aim and exit and consume no RNG (79.524806ms)
✔ save after shot 1: resume without duplicate/lost rounds, events, frames or RNG (21.062023ms)
✔ save after shot 4: resume without duplicate/lost rounds, events, frames or RNG (17.429331ms)
✔ save after shot 6: resume without duplicate/lost rounds, events, frames or RNG (11.138789ms)
✔ 4, 5, 6 and 7 shots preserve the requested count and real .075 cadence (3.641094ms)
✔ pause leaves posture, progress, shot, pending burst, RNG and complete snapshot exactly stable (26.662254ms)
✔ ADVANCE exits prone, blocks firing, then remains standing (0.955993ms)
✔ RETREAT exits prone, blocks firing, then remains standing (0.681368ms)
✔ movement waits for exit; interrupted entry reverses its saved fractional progress (4.299397ms)
✔ suppression keeps the gunner low and cancels pending shots without cancelling those in flight (10.695765ms)
✔ death during enter immediately clears posture and future shots (8.730358ms)
✔ death during idle immediately clears posture and future shots (6.243482ms)
✔ death during fire_burst immediately clears posture and future shots (5.913804ms)
✔ death during exit immediately clears posture and future shots (6.473822ms)
✔ inactivity discards pending combat and never creates a loader association (1.326801ms)
✔ legacy missing prone data resumes safely with no marker; 86 roster/CKM migration stays unchanged (15.667766ms)
✔ invalid partial/impossible prone fields reject atomically without changing source or target (47.410731ms)
✔ movement and S3 station evacuation bodies remain byte-for-byte identical to the fixed base (5.710474ms)
✔ a nonlethal hit interrupts the remaining burst and stays low with a valid snapshot (1.766562ms)
✔ player fire observes the current transition progress within a real simulation tick (2.422131ms)
✔ save cannot remove or alter an emitted round still in flight (6.578677ms)
✔ OUTRO cancels pending rounds and blocks new MG bursts while preserving existing flight (0.704852ms)
✔ a target already reached never rewrites the state of a fixed prone burst (2.152683ms)
MG34 muzzle proof: 2496 comparisons, max=0.000038402 m, tolerance=0.002 m
✔ numeric muzzle proof against real attached soldier/weapon GLBs for all phases and four facings (158.941972ms)
✔ geometry table is derived reproducibly from the exact real GLBs, without a graphics or asset dependency in simulation (105.232977ms)
✔ head/torso/legs move along body axis facing=0 during prone and transitions (3.11811ms)
✔ head/torso/legs move along body axis facing=1.5707963267948966 during prone and transitions (0.314585ms)
✔ head/torso/legs move along body axis facing=3.141592653589793 during prone and transitions (0.259704ms)
✔ head/torso/legs move along body axis facing=-1.5707963267948966 during prone and transitions (0.207136ms)
✔ partial entry interruption reverses the actual enter clip continuously instead of jumping to an unrelated exit frame (0.598685ms)
✔ real rounds start at the rendered prone socket at each of seven scheduled shot instants (14.629592ms)
✔ pause keeps eye, hitboxes, muzzle and canonical clip frame exactly stable across all saved phases (9.889202ms)
✔ the real roll call seats only the present actors and keeps their positions and pose through save/reload (3765.015019ms)
✔ actual instance matrices lower seated/crouched heads, keep seated feet on the floor and render horizontal wounded/carried bodies without mutating data (17.477192ms)
✔ legacy actors without pose remain accepted and an unknown saved pose is rejected atomically (10.819438ms)
✔ distance removes face accessories while retaining the same head position, pose and immutable actor (3.350284ms)
✔ a shot shoulders the rifle, keeps both hands on it and attaches the flash to the barrel through yaw and recoil (1.628838ms)
✔ suppression lowers the upper body with feet planted and takes priority over a recent shot; seated, wounded and unarmed actors do not aim (2.321663ms)
✔ a real combat save reproduces the same animation matrices at the same clock after reload and walking lifts a foot without sinking either boot (413.75977ms)
✔ M01 rkm wz.28: metres, barrel to −Z, 1.11 m ±2 %, movable parts and three LODs within budget (1.772431ms)
✔ M01 rkm wz.28: clips bind to the soldier skeleton; burst fires 3 rounds; rifle clip hidden (2.52296ms)
✔ the pure collision JSON remains reproducible from the checked GLB translations (79.53509ms)
✔ debug diagnostics return copies; editing a returned gate or failure cannot change live state (9.897625ms)
✔ wz.29 requires a bolt cycle; an empty magazine uses a clip of five, preserving ammunition (0.278251ms)
✔ wz.29 partial loading commits one round at a time and can be interrupted; in-progress saves resume it (0.208408ms)
✔ M01 complete control route reaches debrief, all required objectives, unique events and all four actual checkpoints (3627.427719ms)
✔ every M01 checkpoint restores exact actors, ammunition, RNG, dialogue, destruction and real clocks after death (30.130429ms)
✔ damaged bridge pieces and German casualties survive LOD changes and checkpoint restoration (11.716744ms)
✔ overdue events use >=; delayed events wait active seconds; pause freezes both clocks and weapon work (25.260019ms)
✔ a late message never rewinds battle time and every aerial impact stays at least thirty metres away (1.615208ms)
✔ west demolition waits inside the safety zone, then releases once the player and allies have left (40.588702ms)
✔ boundary warning precedes failure and its eight second timer resets when the player returns (2.02877ms)
✔ metre-space hitboxes, actual cover and bridge joints support shots and continuous travel (3.768122ms)
✔ corrupt M01 state is rejected atomically before an active scene, grenade or missing timer can crash the game (21.802936ms)
✔ outro calls Nowicki twice as distinct beats and consumes completion once, including skip after partial playback (51.436642ms)
✔ optional Bąk rescue cannot be taken away mid-carry; delivery chooses the player continuity branch (3.645189ms)
✔ all five sectors keep their schedule and stable casualties for ninety seconds while the player looks away (513.72362ms)
✔ west hold timeout sends the sergeant to escort the player without demolition damage (827.455514ms)
✔ grenade blast starts at its real height; solid cover shields a nearby actor and inactive actors stay unharmed (1.648307ms)
✔ first divergence diagnostic detects exact tick, field, missing key and event changes (22.041471ms)
✔ full route A/B with CP-A..D, events, RNG and long continuation: seed 19390901, support false (48926.75708ms)
✔ full route A/B with CP-A..D, events, RNG and long continuation: seed 7, support true (45783.234171ms)
✔ MG34 seven-shot burst after 1, actual tick pipeline plus grenade, rifle RNG and double load (340.21342ms)
✔ MG34 seven-shot burst after 4, actual tick pipeline plus grenade, rifle RNG and double load (337.091359ms)
✔ MG34 seven-shot burst after 6, actual tick pipeline plus grenade, rifle RNG and double load (333.476158ms)
✔ station grab: variable timestep, zero-dt pause, double save/load (638.987897ms)
✔ station drag: variable timestep, zero-dt pause, double save/load (632.631292ms)
✔ station release: variable timestep, zero-dt pause, double save/load (691.128288ms)
✔ grenade bounce/fuse, rifle bolt and partial reload continue with exact RNG and events (361.152566ms)
✔ Bąk player carry/late delivery followed by Dudek evacuation and both demolitions (17888.454417ms)
✔ legacy 86/89 actors, missing optional fields and old CKM placement migrate once then have identical futures (555.824466ms)
✔ legacy MG34 pre-created future rounds migrate without replay, then continue identically (334.156078ms)
✔ death between each real CP-A..D and the next CP preserves exact recovery and subsequent future (1658.98719ms)
✔ corrupt cross-system states reject atomically and leave the destination future unchanged (707.463978ms)
✔ corrupt weapon method/profile, unsigned RNG and unknown phase reject before changing future gameplay (466.132251ms)
✔ OUTRO playback, skip, double load and completed no-op use the same dialogue/event future (2744.439142ms)
✔ save between checkpoints preserves the future respawn destination (10.735314ms)
✔ M01 soldiers: metres, −Z facing, 1.65–1.85 m and the full game skeleton in every LOD (5.982045ms)
✔ M01 soldiers: visible triangle budget, textures per LOD and togglable variants (4.956298ms)
✔ M01 soldiers: weapons keep documented length (wz.29 1.10, Kar98k ~1.11, wz.98a 1.25, rkm wz.28 1.11 m) with bolt and magazine bones (7.665384ms)
✔ M01 soldier animations bind by bone name and keep kb_wz29 timings (4.750935ms)
✔ the real station clips sample both roles from saved phase time, with pause, fresh renderer and LOD restore (983.757814ms)
✔ the patient holds the actual final grab pose throughout the moving backward drag (300.700956ms)
✔ a missing or incomplete optional transition pair falls back together and leaves evacuation success to simulation (4039.359348ms)
✔ M01 arrasto da estação: ficheiros novos, rig e clips reutilizados sem alterações (SHA-256 do manifesto) (4.014856ms)
✔ M01 arrasto da estação: alvos dos 61 ossos, valores finitos, quaternões unitários, relógio e eventos dos pares (34.996684ms)
✔ M01 arrasto da estação: extremos iguais às poses reais, percurso inverso e raiz sem deslocação (217.117639ms)
✔ M01 arrasto da estação: AnimationMixer do three.js — contactos, paciente de costas, corpos e pausa/retoma (111.2303ms)
✔ the fictional station casualty starts in the yard and the clock triggers his injury only once (435.923174ms)
✔ the backward drag stays on the ground, completes outside the camera and returns Dudek to his post (512.242316ms)
✔ changing the player look never changes the station evacuation or its delivery (658.379527ms)
✔ a save during the drag restores the same actors, task and future positions with no scene objects (444.351436ms)
✔ death or removal of a participant detaches the casualty instead of leaving an invalid or moving carrier reference (933.821582ms)
✔ legacy schema 2 saves with an already consumed station event do not replay an injury (231.732838ms)
✔ station care coexists with Bąk, all objectives, checkpoints and both historical demolitions on supported and ignored routes (5475.873096ms)
✔ grab and release last 1.6 mission seconds, hold both roots and deliver only after settling (276.668761ms)
✔ schema 2 restores every station phase and its future clocks, actors and RNG exactly (744.555719ms)
✔ all station phases interrupt on casualty/medic death, removal or reassignment without delivery (3688.531488ms)
✔ old schema 2 transit saves resume without a new grab and corrupt station phases are rejected atomically (237.708787ms)
✔ actual MG34 rig cuts 4/5/6/7-round bursts at their saved duration, keeps one weapon and samples pause/restore without mutation (240.284472ms)
✔ two existing MG sources share art and retain independent rigs within the light budget; LOD, suppression, casualties and missing kit fall back (106.929581ms)
✔ 65 actual wagon models use LOD2 instances at 9.10 m with source pivots and shared art; partial/full failures preserve the whole consist (11.571519ms)
✔ disposing while optional wagon downloads are pending never attaches models to the old scene (0.714186ms)
✔ M01 declares the mission contract fields of Prompt §74 (1.283547ms)
✔ M01 IDs are unique across the mission and every reference resolves (2.552504ms)
✔ M01 keeps the documented chronology on the battle clock (1.925397ms)
✔ M01 equips only gear available on 1 September 1939 and never the forbidden weapons (0.380282ms)
✔ M01 keeps the mandatory lines of the master script verbatim (0.266013ms)
✔ M01 labels history and space only with the agreed vocabularies (0.733484ms)
✔ M01 checkpoints accumulate state and never save inside a demolition zone (0.469544ms)
✔ M01 runs at least two independent battle sectors on the clock (0.476965ms)
✔ M01 map geometry matches the documented bridges of 1939 and the measured piers (0.640306ms)
✔ M01 debrief keeps unconfirmed paragraphs disabled until their checks pass (1.07575ms)
✔ M01 vagões danificados: o kit intacto não foi alterado (sha256 registados no manifesto) (3.634254ms)
✔ M01 vagões danificados: metros, 9,10 m no LOD0, rodas no carril, pivôs do intacto e três LODs no orçamento (28.634678ms)
✔ M01 vagões danificados: sockets iguais aos do intacto, mais impact só no danificado (1.892007ms)
✔ M01 vagões danificados: wheels_roll igual ao intacto; doors_open só na porta esquerda do coberto danificado (1.550162ms)
✔ M01 vagões danificados: restos só visuais no nó debris, alterações registadas e sem efeitos próprios (1.011996ms)
✔ M01 vagões: metros, 9,10 m entre tampões no LOD0, rodas no carril, nós estáveis e três LODs no orçamento (2.48252ms)
✔ M01 vagões: rodados dão uma volta por segundo em X; portas do coberto correm 1,95 m em Z (1.745211ms)
ℹ tests 244
ℹ suites 0
ℹ pass 244
ℹ fail 0
ℹ cancelled 0
ℹ skipped 0
ℹ todo 0
ℹ duration_ms 127417.524631
