npm warn Unknown env config "http-proxy". This will stop working in the next major version of npm.
[WebServer] (node:64) Warning: The 'NO_COLOR' env is ignored due to the 'FORCE_COLOR' env being set.
[WebServer] (Use `node --trace-warnings ...` to show where the warning was created)
[WebServer] npm warn Unknown env config "http-proxy". This will stop working in the next major version of npm.
[WebServer] (node:77) Warning: The 'NO_COLOR' env is ignored due to the 'FORCE_COLOR' env being set.
[WebServer] (Use `node --trace-warnings ...` to show where the warning was created)

Running 8 tests using 1 worker

(node:111) Warning: The 'NO_COLOR' env is ignored due to the 'FORCE_COLOR' env being set.
(Use `node --trace-warnings ...` to show where the warning was created)
(node:111) Warning: The 'NO_COLOR' env is ignored due to the 'FORCE_COLOR' env being set.
(Use `node --trace-warnings ...` to show where the warning was created)
  ✓  1 tests/browser/m01-battlefield-fx-polish-v3.spec.js:75:1 › real earth stone and wood round impacts keep distinct visual language (55.9s)
  ✓  2 tests/browser/m01-battlefield-fx-polish-v3.spec.js:89:1 › small bombing east and west demolition show distinct layered profiles (1.6m)
M01_BATTLEFIELD_FX_V3_COUNTERS {"low":{"drawCalls":190,"triangles":558414,"textures":76,"geometries":301,"fx":{"active":1,"counts":{"flash":0,"core":2,"fire":3,"smoke":0,"dust":1,"shard":3},"meta":{"kinds":{"small":0,"bombing":0,"demolition":1},"bands":{"near":0,"mid":0,"far":1}},"limits":{"bursts":16,"flash":16,"core":48,"fire":96,"smoke":128,"dust":128,"shards":96,"lights":1},"extraLights":1,"atmosphere":{"puffs":29,"puffCapacity":256,"debris":16,"debrisCapacity":64,"puffBatches":8}}},"high":{"drawCalls":336,"triangles":982218,"textures":98,"geometries":309,"fx":{"active":1,"counts":{"flash":0,"core":4,"fire":3,"smoke":0,"dust":2,"shard":6},"meta":{"kinds":{"small":0,"bombing":0,"demolition":1},"bands":{"near":0,"mid":0,"far":1}},"limits":{"bursts":16,"flash":16,"core":48,"fire":96,"smoke":128,"dust":128,"shards":96,"lights":1},"extraLights":1,"atmosphere":{"puffs":49,"puffCapacity":256,"debris":28,"debrisCapacity":64,"puffBatches":8}}}}
  ✓  3 tests/browser/m01-battlefield-fx-polish-v3.spec.js:108:1 › distance smoke lifecycle pause restore and Low High remain bounded (1.6m)
M01_DAMAGE_DECAL_FIRE AFTER portal-brick {"quality":"high","drawCalls":189,"triangles":472290,"textures":135,"geometries":288,"clock":5.816699999999988,"player":{"x":4.5,"y":-0.35000020265579224,"z":-5.4,"angle":-3.2248716577115464,"pitch":0.10772114019307602,"health":100,"crouched":false,"aiming":false},"damageDecals":{"version":"m01-environmental-damage-decal-pass-v1","marks":4,"visibleMarks":4,"byKind":{"brick":4},"spall":2,"residueBlasts":[],"residueTriangles":0,"debris":2,"embers":0,"drawCalls":2,"counts":{"spawned":4,"placed":4,"noSurface":0,"outOfRange":0,"dedup":0,"clustered":0,"evicted":0,"expired":0,"invalidated":0,"errors":0},"lastError":null,"limits":{"quality":{"low":{"marks":48,"debris":64,"embers":0,"range":55,"cluster":4},"medium":{"marks":96,"debris":128,"embers":24,"range":90,"cluster":5},"high":{"marks":144,"debris":192,"embers":40,"range":130,"cluster":6}},"blasts":16,"residueTriangles":6000,"residueDebrisShare":0.7,"drawCalls":4,"textures":2,"pxRange":450,"clusterRadius":0.6,"earthClusterRadius":1.1},"atlasReady":true,"atlasError":null,"atlasChecksum":726099253}}
  ✓  4 tests/browser/m01-damage-decals.spec.js:79:3 › player fire leaves bounded portal-brick marks; pause freezes them and a checkpoint restore clears them (46.4s)
M01_DAMAGE_DECAL_FIRE AFTER track-bed {"quality":"high","drawCalls":157,"triangles":513038,"textures":123,"geometries":272,"clock":5.499899999999992,"player":{"x":-86.37208237294094,"y":0,"z":-4.217035281084344,"angle":1.4859314029213526,"pitch":-0.30061493859811617,"health":100,"crouched":false,"aiming":false},"damageDecals":{"version":"m01-environmental-damage-decal-pass-v1","marks":4,"visibleMarks":4,"byKind":{"rail":2,"sleeper":1,"ballast":1},"spall":3,"residueBlasts":[],"residueTriangles":0,"debris":3,"embers":0,"drawCalls":2,"counts":{"spawned":4,"placed":4,"noSurface":0,"outOfRange":0,"dedup":0,"clustered":0,"evicted":0,"expired":0,"invalidated":0,"errors":0},"lastError":null,"limits":{"quality":{"low":{"marks":48,"debris":64,"embers":0,"range":55,"cluster":4},"medium":{"marks":96,"debris":128,"embers":24,"range":90,"cluster":5},"high":{"marks":144,"debris":192,"embers":40,"range":130,"cluster":6}},"blasts":16,"residueTriangles":6000,"residueDebrisShare":0.7,"drawCalls":4,"textures":2,"pxRange":450,"clusterRadius":0.6,"earthClusterRadius":1.1},"atlasReady":true,"atlasError":null,"atlasChecksum":726099253}}
  ✓  5 tests/browser/m01-damage-decals.spec.js:79:3 › player fire leaves bounded track-bed marks; pause freezes them and a checkpoint restore clears them (44.0s)
  ✓  6 tests/browser/m01-weapon-presentation.spec.js:38:1 › wz.29 ADS shot: layered flash on the socket, bolt stroke, one case into the world; gameplay state is the simulation's (22.7s)
  ✓  7 tests/browser/m01-weapon-presentation.spec.js:64:1 › wz.29 clip reload: the empty stripper clip leaves at the 2,45 s marker and lands in the world (17.9s)
  ✓  8 tests/browser/m01-weapon-presentation.spec.js:77:1 › bench M1 Carbine keeps its own semi-auto identity: flash, brass with the shot, smooth ADS (12.8s)

  8 passed (6.8m)
