V6 station-frontal low: 48 calls / 384047 triangles
V6 station-oblique low: 56 calls / 388517 triangles
V6 station-platform low: 61 calls / 390732 triangles
V6 station-yard low: 62 calls / 390942 triangles
V6 station-window low: 40 calls / 383200 triangles
V6 soldiers low: 187 calls / 400848 triangles
V6 bridge-west low: 226 calls / 421029 triangles
V6 bridge-east low: 154 calls / 404318 triangles
V6 train-963 low: 192 calls / 499143 triangles
V6 panzerzug low: 165 calls / 497095 triangles
V6 evacuation low: 63 calls / 393783 triangles
V6 roll-call low: 155 calls / 512906 triangles
V7 station-frontal low: 48 calls / 387593 triangles
V7 station-oblique low: 56 calls / 392063 triangles
V7 station-platform low: 61 calls / 394278 triangles
V7 station-yard low: 62 calls / 394488 triangles
V7 station-window low: 40 calls / 386746 triangles
V7 soldiers low: 187 calls / 400847 triangles
V7 bridge-west low: 226 calls / 421028 triangles
V7 bridge-east low: 154 calls / 404317 triangles
V7 train-963 low: 192 calls / 499142 triangles
V7 panzerzug low: 165 calls / 497094 triangles
V7 evacuation low: 63 calls / 397328 triangles
V7 roll-call low: 155 calls / 512905 triangles
V6 station-frontal medium: 53 calls / 428618 triangles
V6 station-oblique medium: 61 calls / 437719 triangles
V6 station-platform medium: 66 calls / 440717 triangles
V6 station-yard medium: 67 calls / 446887 triangles
V6 station-window medium: 53 calls / 431202 triangles
V6 soldiers medium: 241 calls / 508027 triangles
V6 bridge-west medium: 271 calls / 517720 triangles
V6 bridge-east medium: 201 calls / 513041 triangles
V6 train-963 medium: 234 calls / 530379 triangles
V6 panzerzug medium: 206 calls / 532943 triangles
V6 evacuation medium: 69 calls / 441267 triangles
V6 roll-call medium: 280 calls / 767211 triangles
V7 station-frontal medium: 53 calls / 428886 triangles
V7 station-oblique medium: 61 calls / 437987 triangles
V7 station-platform medium: 66 calls / 440985 triangles
V7 station-yard medium: 67 calls / 447155 triangles
V7 station-window medium: 53 calls / 431470 triangles
V7 soldiers medium: 241 calls / 508006 triangles
V7 bridge-west medium: 271 calls / 517699 triangles
V7 bridge-east medium: 201 calls / 513020 triangles
V7 train-963 medium: 234 calls / 530358 triangles
V7 panzerzug medium: 206 calls / 532922 triangles
V7 evacuation medium: 69 calls / 441514 triangles
V7 roll-call medium: 280 calls / 766772 triangles
V6 station-frontal high: 56 calls / 484908 triangles
V6 station-oblique high: 64 calls / 492444 triangles
V6 station-platform high: 69 calls / 494913 triangles
V6 station-yard high: 70 calls / 497147 triangles
V6 station-window high: 56 calls / 484921 triangles
V6 soldiers high: 253 calls / 551686 triangles
V6 bridge-west high: 279 calls / 570917 triangles
V6 bridge-east high: 210 calls / 549813 triangles
V6 train-963 high: 259 calls / 653774 triangles
V6 panzerzug high: 230 calls / 574463 triangles
V6 evacuation high: 80 calls / 515809 triangles
V6 roll-call high: 315 calls / 951720 triangles
V7 station-frontal high: 56 calls / 488312 triangles
V7 station-oblique high: 64 calls / 495848 triangles
V7 station-platform high: 69 calls / 498317 triangles
V7 station-yard high: 70 calls / 500551 triangles
V7 station-window high: 56 calls / 488325 triangles
V7 soldiers high: 253 calls / 551665 triangles
V7 bridge-west high: 279 calls / 570896 triangles
V7 bridge-east high: 210 calls / 549792 triangles
V7 train-963 high: 259 calls / 653753 triangles
V7 panzerzug high: 230 calls / 574442 triangles
V7 evacuation high: 80 calls / 519192 triangles
V7 roll-call high: 315 calls / 954417 triangles
