✔ actual M01 aerial/demolition/grenade events rebuild identical delayed sound, shake and pull-out metadata from Schema 2 (63.824526ms)
✔ portal recreate/dispose releases every owned instanced buffer exactly once and preserves shared materials (5.275081ms)
✔ missing viewmodel renders a repeated first-shot flash after restart even when the first frame is 100 ms late (16.61235ms)
✔ unmodified weapon ballistics, RNG and spatial gameplay sources remain byte-identical to base 99309d9 (1.710403ms)
✔ the presentation modules read gameplay state but never import gameplay code (game, world, core) (0.691834ms)
✔ each weapon keeps its own frozen presentation identity and carries no gameplay keys (3.777514ms)
✔ recoil is a finite per-weapon impulse: zero at rest, bounded, weaker in ADS, deterministic per shot (7.46941ms)
✔ hip sway is bounded and does not visibly loop; ADS at rest keeps the exact sight pose (6.172841ms)
✔ look lag trails turns, is clamped, settles, ignores frozen clocks and wraps at ±π (0.402668ms)
✔ a weapon-pass point maps to the world point under the same pixel at hip and ADS fields of view (1.582179ms)
✔ brass/clip flight is analytic in age, never sinks below the ground plane and comes to rest (6.278651ms)
✔ weapon-pass FX: flash only in the event window, layered on the socket, constant light count, smoke after the shot (15.984974ms)
✔ world FX: emissions are idempotent by id, bounded, discarded by a restored world or an earlier clock (5.422939ms)
✔ weapon lighting follows the world sky/sun and the view, without new light types per frame (2.001933ms)
✔ wz.29: one case per shot at the authored eject marker, one muzzle cloud, nothing duplicated by repeated frames (478.518427ms)
✔ wz.29 clip reload throws exactly one empty stripper clip at 2,45 s; a single-round reload throws none (824.531947ms)
✔ wz.29 stroke, lag and FX keep every viewmodel vertex beyond the near plane and the flash on the socket (670.639323ms)
✔ pause and restore: repeated frames are frozen; a restored world rebuilds presentation at rest and drops world history (293.59103ms)
✔ independent renderers of the same restored mid-bolt state produce the same frame (no hidden clocks) (202.650931ms)
✔ a slow frame that steps past the 60 ms window still shows the shot once at full strength, never again or after restore (180.734096ms)
✔ ejected pieces settle on the surface under their landing point, never inside a slope (1.524202ms)
✔ look lag after the authoritative recoil pitch settles by READY at 4 fps as at 20 fps; sights exact (637.300576ms)
✔ ejected pieces turn continuously into a resting attitude: cases on their side, the clip flat on its base plate (27.593302ms)
✔ one weapon pass, one muzzle light: the procedural fallback and the rig share it and the drawing FX drives it (12.222306ms)
✔ a quick follow-up shot leaves the previous barrel smoke fading instead of cutting it off; a reset forgets it (3.305056ms)
✔ down the sights the world muzzle cloud is a thin haze: thinner and smaller than from the hip (1.432172ms)
✔ bench brass rests on the road slab it lands on, not inside it (1.266162ms)
✔ down the sights the rifle follows a turn exactly: no look lag, the sights stay on the aim point every frame (205.827999ms)
✔ a restore drops the barrel smoke of the previous timeline: the restored frame equals a fresh renderer of that save (333.227962ms)
✔ shot-FX programs are compiled and linked before the first shot, each against its own scene, without drawing or showing anything (4.720699ms)
✔ measured real clips and asset socket metadata are locked; archived BASE is exact (206.636892ms)
✔ integration keeps Wz29/muzzle/hitboxes/RNG bytes and locks the approved simulation gameplay baseline (0.735811ms)
✔ ADS aligns actual rear/front with camera -Z on LOD0, all qualities (168.553401ms)
✔ ADS aligns actual rear/front with camera -Z on LOD1, all qualities (100.882606ms)
✔ visual flash starts exactly on the barrel socket through hip, ADS, bolt, reload and run (222.112087ms)
✔ dense clipping matrix samples all referenced vertices, LOD0 (649.680034ms)
✔ dense clipping matrix samples all referenced vertices, LOD1 (312.68033ms)
✔ local arm skin/pose/material changes leave source geometry, bones, clips and materials intact (156.860912ms)
✔ pause freezes phase, transition, arms and mechanics including clamped clip endpoint (199.639369ms)
✔ ADS/run transitions are controlled by mission dt and converge without action rebind (173.089938ms)
✔ recoil is finite, damped, bounded and has weaker ADS presentation (3.837846ms)
✔ missing optional model/clips returns to existing caller fallback; LOD1 remains viable (104.229135ms)
✔ restore mid-bolt and both reloads reconstruct mechanical phase without saving a mixer (305.691377ms)
✔ an existing menu/checkpoint renderer reconstructs ADS at a replaced world boundary (137.599296ms)
✔ BASE/CANDIDATE whole save, HP/ammo/shots/hits/transforms/muzzle/RNG/clocks/CP remain exact for 600 input ticks (3063.835446ms)
ℹ tests 45
ℹ suites 0
ℹ pass 45
ℹ fail 0
ℹ cancelled 0
ℹ skipped 0
ℹ todo 0
ℹ duration_ms 5949.953789
