npm warn Unknown env config "http-proxy". This will stop working in the next major version of npm.

> operation-ashen-road@0.2.0 test
> node --test tests/*.test.js

✔ planar y becomes scene z; height is independent (2.485184ms)
✔ horizontal head shot hits, aiming above the head misses (1.854486ms)
✔ nearest wall shields an enemy; lowering the aim hits terrain (2.295481ms)
✔ wall around muzzle blocks a clear camera sightline (0.30289ms)
✔ enemy in cover cannot cause damage through a wall (2.786692ms)
✔ unreachable destination reports failure and does not move through walls (0.45799ms)
✔ wall shields blast damage but visible nearby actor takes damage (0.852157ms)
✔ JSON checkpoint restores actors, reload, grenade, phase, clock and RNG exactly (13.544079ms)
✔ corrupt and incompatible saves are rejected atomically (9.072864ms)
✔ death restores the last living checkpoint without reviving defeated enemies (4.904669ms)
✔ restored simulation reproduces future seeded decisions and events (340.718428ms)
✔ two independent sectors evolve for 90 seconds with stable losses and unique events (1.383226ms)
✔ partial fourth reinforcement group activates and visible candidates remain hidden (4.242765ms)
✔ zero time never advances reload or the battle (1.366561ms)
✔ weapon enforces cadence, ammo, and reload transfer (1.740366ms)
✔ world blocks walls and permits open cells (0.844004ms)
✔ navigation chooses a walkable next tile around cover (0.520213ms)
✔ mission advances through checkpoint, combat, and radio (0.252386ms)
✔ shot geometry detects targets on aim line (0.225075ms)
✔ 3D matrix composition preserves translation and scale (0.362979ms)
✔ weapon exposes a stable reload animation timeline (0.334998ms)
✔ enemy selects cover instead of charging directly at player (6.236318ms)
✔ grenade bounces on walls, warns AI, and applies radial damage (8.400513ms)
✔ battle director activates reinforcement groups without replacing individual AI (3.242038ms)
✔ text-only OBJ assets load with meshes, normals, and MTL colors (8.411481ms)
✔ pointer lock entry and resume ignore cursor warps while later mouse movement works (1.392038ms)
✔ Ju 87 clones use native LODs, share art, sample the saved clock and preserve the existing raid path (12.70411ms)
✔ missing optional Ju 87 art keeps the silhouettes; partial failure uses available detail and disposal prevents attachment (6.055369ms)
✔ M01 GLBs keep nine spans, measured supports and map placement in every LOD (53.645203ms)
✔ M01 all LODs ship event-linked damage replacements with stable logical IDs (27.874205ms)
✔ M01 demolition IDs survive LOD changes and JSON restoration; colliders stay removed (100.332215ms)
✔ M01 road towers remain separate, measured and damage-linked in all LODs (14.321604ms)
✔ M01 binary exports contain finite positions and unit normals (182.010529ms)
✔ M01 manifest matches binary counts, current map hash and decreasing LOD budgets (9.926683ms)
✔ M01 historical uncertainty and modern geometry conflicts remain explicit (3.568633ms)
✔ all six GLBs have finite skin weights, valid joint indices, embedded textures and decreasing LOD budgets (162.690187ms)
✔ all twenty-five animation clips bind to real named bones, have monotonic times and finite transforms (33.470952ms)
✔ the original station drag loops on the existing rig with a locked source and finite transforms (8.004837ms)
✔ first-person geometry keeps actual GLB arm/hand surfaces and leaves the world uniform unchanged (72.925896ms)
✔ the actual reload rig keeps the open action, clip and hand in the first-person frustum on both usable LODs (93.188028ms)
✔ sampling real clock, changing LOD and restoring a copy preserves bone transforms and immutable data (13.29628ms)
✔ wounded attachment follows its carrier socket and detaches after delivery without changing simulation coordinates (5.823325ms)
✔ MakeHuman data licence is shipped exactly as locked at its source revision (1.445608ms)
✔ the station casualty remains grounded while the medic samples the backward drag and its fallback (5.361417ms)
✔ Kowal and healthy Bąk use their own meshes and muzzle sockets, preserve data and hide the casualty weapon (15.282342ms)
✔ riflemen finish the bolt after the flash; pinned engineers stop their working hands until the repair resumes (5.345944ms)
✔ M01 ckm wz.30: metros, +Y, cano para −Z, 1,2 m ±2 %, hierarquia de pivôs e três LODs no orçamento (11.975086ms)
✔ M01 ckm wz.30: clips da arma animam os nós móveis; rajada de 8 a 600/min; alimentação puxa a ponta e arma duas vezes (7.482139ms)
✔ M01 ckm wz.30: clips ckm_wz30_* do atirador e do municiador ligam-se ao rig polaco, não repetem nomes e mostram uma só arma (78.074558ms)
✔ M01 ckm wz.30: LOD0 dentro dos 4000 triângulos sem mudar silhueta, pivôs, sockets, fita nem clips; LOD1, LOD2 e clips intactos (10.03946ms)
✔ the sappers walk to the second cut where the crate is delivered, so "leve a caixa aos sapadores" is true (3536.786645ms)
✔ Bąk takes the deck position with the 05:30 order and falls at bak_wound_point, in front of the player (657.691063ms)
✔ a direction hint names the destination, distance and side when the player does not approach it (66.11684ms)
✔ once the repair gate is ready the rest of seg_repair runs at readyScale; before that it keeps scale (1.706927ms)
✔ the full control route still reaches the debrief with every required objective after the fixes (0.218635ms)
✔ the withdrawing east platoon runs past the firing point during the corridor phase and does not stall at x = -109 (1763.563943ms)
✔ a Bąk delivered by the player stays visible beside Dudek, who carries him west before the west demolition (781.660629ms)
✔ when Dudek retrieves Bąk he walks to him on the deck and carries him to the station, visible all the way (666.029689ms)
✔ the roll call positions the present section in the shelter facing Jan; the absent stay away (654.420028ms)
✔ Kowal hands over at most six clips of section ammunition; saves keep the ammunition invariant (10.090625ms)
✔ legacy schema 2 saves receive the unused section supply and can resupply after loading (9.295363ms)
✔ the bridge trusses contain movement: no falling off a span sideways or into a blown gap; the river bank still can (4.060524ms)
✔ a Bąk delivered after the east demolition is still evacuated, so the west demolition is not held forever (717.059065ms)
✔ real control routes compare covering and ignoring: faster repair, fewer near misses and more survivors with support (5622.94574ms)
✔ repair suppression requires a round that really arrives within 3 m; a solid wall shields the sappers (164.624303ms)
✔ inactive or suppressed Germans on the spans cause no withdrawal losses; looking away does not stop combat (698.106731ms)
✔ casualty IDs and rounds in flight survive reload and checkpoint restore; invalid optional timers are rejected atomically (301.058435ms)
✔ legacy schema 2 saves migrate and the six reserve slots stay outside the eighteen-man platoon (41.926794ms)
✔ the air-raid cover instruction remains visible briefly even if the player was already in cover (6.862248ms)
✔ adjustment warning and HUD identify a real salvo; view direction changes the bearing without changing combat (1555.383745ms)
✔ a salvo from the dike behind the trusses identifies its actual origin, rather than the visible gate MG (1158.310272ms)
✔ an occluding wall prevents an adjustment warning and cover reservation, with a bounded retry (140.337003ms)
✔ saved origin restores as data, expires after eight active seconds, and invalid or legacy saves remain safe (75.538362ms)
✔ German fire starts on the east bank; only shooters in sight of the west bank (the Lisewo gates) aim at it (1071.83958ms)
✔ rounds that pass within 3 m pin the sappers and stop the repair; the HUD line is exactly the simulation state (613.51312ms)
✔ keeping the gate MG down shortens the repair; ignoring it lets the sappers be pinned again and again (5883.142401ms)
✔ covering fire on the Germans on the spans saves men; without it the platoon falls to the predicted minimum (0.469829ms)
✔ historical times, checkpoints and demolition safety are unchanged in both routes (0.219246ms)
✔ rounds in flight survive save and restore and play out identically; corrupt rounds are rejected (384.911537ms)
✔ after 120 s of continuous suppression the fire on the repair eases without warning until work resumes (730.437004ms)
✔ the withdrawal HUD line reports the real count by ID and whether the Germans on the spans are suppressed (1563.029528ms)
✔ allies under fire are drawn hunched (pinned pose) only while suppressedUntil lasts, without touching the actor (1.178171ms)
✔ a designated withdrawal casualty needs an actual actor hit; a wall, a miss or an already dead target cannot lower the count (1.327943ms)
✔ demolition bearing follows the actual impact and player view without changing the event or camera (3439.423258ms)
✔ demolition cue restores from data, expires on active time, and distinguishes the west blast (110.62566ms)
✔ foreground trunks obstruct walking and shots; restoring destruction reconstructs the same static obstacles (5.65197ms)
✔ M01 Ju 87 B-1: metres, nose to −Z, 11.10 × 13.80 m, stable nodes and three LODs within budget (5.594214ms)
✔ M01 Ju 87 B-1: propeller turns a full revolution about Z; dive brakes open 90° about their hinge (1.93151ms)
✔ M01 MG 34: metros, cano para −Z, 1,219 m ±2 %, peças móveis com pivô e três LODs no orçamento (5.219727ms)
✔ M01 MG 34: clips mg34_* ligam-se ao rig do soldado alemão e aos nós da arma; rajada de 7 a 800/min; recarga do tambor (14.779904ms)
✔ M01 MG 34 deitada: nomes novos, kit da MG 34 e soldados reutilizados sem alterações (hashes do manifesto) (17.4815ms)
✔ M01 MG 34 deitada: alvos do rig e da arma, valores finitos, quaternões unitários e durações (53.05848ms)
✔ M01 MG 34 deitada: rajada de 7 a 0,075 s, janela e cortes; bípode aberto/dobrado; recarga coordenada (2.465334ms)
✔ M01 MG 34 deitada: continuidade com mg34_aim do kit e entre clips deitados (63.692788ms)
✔ M01 MG 34 deitada: AnimationMixer do three.js — contactos, passagem do tambor e pausa/retoma no mesmo frame (73.18899ms)
✔ the real roll call seats only the present actors and keeps their positions and pose through save/reload (3421.737411ms)
✔ actual instance matrices lower seated/crouched heads, keep seated feet on the floor and render horizontal wounded/carried bodies without mutating data (19.859091ms)
✔ legacy actors without pose remain accepted and an unknown saved pose is rejected atomically (5.963241ms)
✔ distance removes face accessories while retaining the same head position, pose and immutable actor (4.257517ms)
✔ a shot shoulders the rifle, keeps both hands on it and attaches the flash to the barrel through yaw and recoil (2.029857ms)
✔ suppression lowers the upper body with feet planted and takes priority over a recent shot; seated, wounded and unarmed actors do not aim (2.56436ms)
✔ a real combat save reproduces the same animation matrices at the same clock after reload and walking lifts a foot without sinking either boot (400.56289ms)
✔ M01 rkm wz.28: metres, barrel to −Z, 1.11 m ±2 %, movable parts and three LODs within budget (3.635953ms)
✔ M01 rkm wz.28: clips bind to the soldier skeleton; burst fires 3 rounds; rifle clip hidden (17.241852ms)
✔ the pure collision JSON remains reproducible from the checked GLB translations (149.47341ms)
✔ debug diagnostics return copies; editing a returned gate or failure cannot change live state (13.919104ms)
✔ wz.29 requires a bolt cycle; an empty magazine uses a clip of five, preserving ammunition (0.319946ms)
✔ wz.29 partial loading commits one round at a time and can be interrupted; in-progress saves resume it (0.291333ms)
✔ M01 complete control route reaches debrief, all required objectives, unique events and all four actual checkpoints (3257.706515ms)
✔ every M01 checkpoint restores exact actors, ammunition, RNG, dialogue, destruction and real clocks after death (36.371148ms)
✔ damaged bridge pieces and German casualties survive LOD changes and checkpoint restoration (7.882102ms)
✔ overdue events use >=; delayed events wait active seconds; pause freezes both clocks and weapon work (24.351627ms)
✔ a late message never rewinds battle time and every aerial impact stays at least thirty metres away (2.286928ms)
✔ west demolition waits inside the safety zone, then releases once the player and allies have left (59.380535ms)
✔ boundary warning precedes failure and its eight second timer resets when the player returns (1.475202ms)
✔ metre-space hitboxes, actual cover and bridge joints support shots and continuous travel (0.996901ms)
✔ corrupt M01 state is rejected atomically before an active scene, grenade or missing timer can crash the game (14.884744ms)
✔ outro calls Nowicki twice as distinct beats and consumes completion once, including skip after partial playback (41.270148ms)
✔ optional Bąk rescue cannot be taken away mid-carry; delivery chooses the player continuity branch (2.493986ms)
✔ all five sectors keep their schedule and stable casualties for ninety seconds while the player looks away (367.382048ms)
✔ west hold timeout sends the sergeant to escort the player without demolition damage (697.831001ms)
✔ grenade blast starts at its real height; solid cover shields a nearby actor and inactive actors stay unharmed (1.420331ms)
✔ M01 soldiers: metres, −Z facing, 1.65–1.85 m and the full game skeleton in every LOD (7.131587ms)
✔ M01 soldiers: visible triangle budget, textures per LOD and togglable variants (5.683386ms)
✔ M01 soldiers: weapons keep documented length (wz.29 1.10, Kar98k ~1.11, wz.98a 1.25, rkm wz.28 1.11 m) with bolt and magazine bones (8.683443ms)
✔ M01 soldier animations bind by bone name and keep kb_wz29 timings (3.243059ms)
✔ the fictional station casualty starts in the yard and the clock triggers his injury only once (401.448645ms)
✔ the backward drag stays on the ground, completes outside the camera and returns Dudek to his post (504.545433ms)
✔ changing the player look never changes the station evacuation or its delivery (651.957858ms)
✔ a save during the drag restores the same actors, task and future positions with no scene objects (496.991052ms)
✔ death or removal of a participant detaches the casualty instead of leaving an invalid or moving carrier reference (857.228067ms)
✔ legacy schema 2 saves with an already consumed station event do not replay an injury (214.969707ms)
✔ station care coexists with Bąk, all objectives, checkpoints and both historical demolitions on supported and ignored routes (5202.222686ms)
✔ actual MG34 rig cuts 4/5/6/7-round bursts at their saved duration, keeps one weapon and samples pause/restore without mutation (138.023144ms)
✔ two existing MG sources share art and retain independent rigs within the light budget; LOD, suppression, casualties and missing kit fall back (101.86396ms)
✔ 65 actual wagon models use LOD2 instances at 9.10 m with source pivots and shared art; partial/full failures preserve the whole consist (12.534746ms)
✔ disposing while optional wagon downloads are pending never attaches models to the old scene (0.90859ms)
✔ M01 declares the mission contract fields of Prompt §74 (1.079645ms)
✔ M01 IDs are unique across the mission and every reference resolves (2.458403ms)
✔ M01 keeps the documented chronology on the battle clock (2.500747ms)
✔ M01 equips only gear available on 1 September 1939 and never the forbidden weapons (0.314527ms)
✔ M01 keeps the mandatory lines of the master script verbatim (0.454555ms)
✔ M01 labels history and space only with the agreed vocabularies (2.022395ms)
✔ M01 checkpoints accumulate state and never save inside a demolition zone (0.629876ms)
✔ M01 runs at least two independent battle sectors on the clock (0.517589ms)
✔ M01 map geometry matches the documented bridges of 1939 and the measured piers (2.053812ms)
✔ M01 debrief keeps unconfirmed paragraphs disabled until their checks pass (1.465638ms)
✔ M01 vagões danificados: o kit intacto não foi alterado (sha256 registados no manifesto) (5.868621ms)
✔ M01 vagões danificados: metros, 9,10 m no LOD0, rodas no carril, pivôs do intacto e três LODs no orçamento (41.368083ms)
✔ M01 vagões danificados: sockets iguais aos do intacto, mais impact só no danificado (3.416556ms)
✔ M01 vagões danificados: wheels_roll igual ao intacto; doors_open só na porta esquerda do coberto danificado (2.527666ms)
✔ M01 vagões danificados: restos só visuais no nó debris, alterações registadas e sem efeitos próprios (1.37283ms)
✔ M01 vagões: metros, 9,10 m entre tampões no LOD0, rodas no carril, nós estáveis e três LODs no orçamento (2.51058ms)
✔ M01 vagões: rodados dão uma volta por segundo em X; portas do coberto correm 1,95 m em Z (1.790271ms)
ℹ tests 154
ℹ suites 0
ℹ pass 154
ℹ fail 0
ℹ cancelled 0
ℹ skipped 0
ℹ todo 0
ℹ duration_ms 11879.643294
