✔ actual renderer samples enter, idle, burst and exit from simulation and matches its muzzle within 2 mm (127.040555ms)
✔ renderer save after 1 shots restores same frame and flash without replay or RNG draws (85.733919ms)
✔ renderer save after 4 shots restores same frame and flash without replay or RNG draws (46.888586ms)
✔ renderer save after 6 shots restores same frame and flash without replay or RNG draws (38.092237ms)
✔ missing prone GLB uses existing procedural batches without changing gameplay, hitboxes, save, RNG or real shots (50.461455ms)
✔ rendered death during enter has no residual prone frame, weapon, flash or loader (29.097578ms)
✔ rendered death during idle has no residual prone frame, weapon, flash or loader (27.919507ms)
✔ rendered death during fire_burst has no residual prone frame, weapon, flash or loader (31.495082ms)
✔ rendered death during exit has no residual prone frame, weapon, flash or loader (31.197414ms)
✔ actual muzzle effect after shot 1 has no extra flash in the .06/.075 gap or restore (7.352962ms)
✔ actual muzzle effect after shot 4 has no extra flash in the .06/.075 gap or restore (5.214819ms)
✔ actual muzzle effect after shot 6 has no extra flash in the .06/.075 gap or restore (17.907828ms)
✔ actual muzzle batches have no post-death flash during all four prone phases (3.384527ms)
✔ existing MG34 gunners enter for exactly 1.9 seconds; other actors have no new posture (7.110728ms)
✔ save and atomic restore preserve enter, idle, aim and exit and consume no RNG (24.120033ms)
✔ save after shot 1: resume without duplicate/lost rounds, events, frames or RNG (9.952349ms)
✔ save after shot 4: resume without duplicate/lost rounds, events, frames or RNG (8.468759ms)
✔ save after shot 6: resume without duplicate/lost rounds, events, frames or RNG (6.513089ms)
✔ 4, 5, 6 and 7 shots preserve the requested count and real .075 cadence (4.701407ms)
✔ pause leaves posture, progress, shot, pending burst, RNG and complete snapshot exactly stable (13.795596ms)
✔ ADVANCE exits prone, blocks firing, then remains standing (0.823758ms)
✔ RETREAT exits prone, blocks firing, then remains standing (6.222843ms)
✔ movement waits for exit; interrupted entry reverses its saved fractional progress (1.774788ms)
✔ suppression keeps the gunner low and cancels pending shots without cancelling those in flight (4.000433ms)
✔ death during enter immediately clears posture and future shots (4.380173ms)
✔ death during idle immediately clears posture and future shots (3.962195ms)
✔ death during fire_burst immediately clears posture and future shots (5.63151ms)
✔ death during exit immediately clears posture and future shots (3.763426ms)
✔ inactivity discards pending combat and never creates a loader association (1.315798ms)
✔ legacy missing prone data resumes safely with no marker; 86 roster/CKM migration stays unchanged (8.61631ms)
✔ invalid partial/impossible prone fields reject atomically without changing source or target (44.929777ms)
✔ movement and S3 station evacuation bodies remain byte-for-byte identical to the fixed base (5.747378ms)
✔ a nonlethal hit interrupts the remaining burst and stays low with a valid snapshot (2.273948ms)
✔ player fire observes the current transition progress within a real simulation tick (3.437767ms)
✔ save cannot remove or alter an emitted round still in flight (6.682925ms)
✔ OUTRO cancels pending rounds and blocks new MG bursts while preserving existing flight (0.997199ms)
✔ a target already reached never rewrites the state of a fixed prone burst (2.068719ms)
MG34 muzzle proof: 2496 comparisons, max=0.000038402 m, tolerance=0.002 m
✔ numeric muzzle proof against real attached soldier/weapon GLBs for all phases and four facings (135.665113ms)
✔ geometry table is derived reproducibly from the exact real GLBs, without a graphics or asset dependency in simulation (126.490703ms)
✔ head/torso/legs move along body axis facing=0 during prone and transitions (0.970108ms)
✔ head/torso/legs move along body axis facing=1.5707963267948966 during prone and transitions (0.284558ms)
✔ head/torso/legs move along body axis facing=3.141592653589793 during prone and transitions (0.296355ms)
✔ head/torso/legs move along body axis facing=-1.5707963267948966 during prone and transitions (0.191648ms)
✔ partial entry interruption reverses the actual enter clip continuously instead of jumping to an unrelated exit frame (0.67185ms)
✔ real rounds start at the rendered prone socket at each of seven scheduled shot instants (21.738204ms)
✔ pause keeps eye, hitboxes, muzzle and canonical clip frame exactly stable across all saved phases (1.947888ms)
ℹ tests 46
ℹ suites 0
ℹ pass 46
ℹ fail 0
ℹ cancelled 0
ℹ skipped 0
ℹ todo 0
ℹ duration_ms 681.098065
