
> operation-ashen-road@0.2.0 test
> node --test tests/*.test.js

✔ planar y becomes scene z; height is independent (2.252206ms)
✔ horizontal head shot hits, aiming above the head misses (1.058852ms)
✔ nearest wall shields an enemy; lowering the aim hits terrain (0.312089ms)
✔ wall around muzzle blocks a clear camera sightline (0.218148ms)
✔ enemy in cover cannot cause damage through a wall (1.329909ms)
✔ unreachable destination reports failure and does not move through walls (0.264448ms)
✔ wall shields blast damage but visible nearby actor takes damage (0.446ms)
✔ JSON checkpoint restores actors, reload, grenade, phase, clock and RNG exactly (6.287742ms)
✔ corrupt and incompatible saves are rejected atomically (3.036464ms)
✔ death restores the last living checkpoint without reviving defeated enemies (2.936864ms)
✔ restored simulation reproduces future seeded decisions and events (214.812264ms)
✔ two independent sectors evolve for 90 seconds with stable losses and unique events (1.243088ms)
✔ partial fourth reinforcement group activates and visible candidates remain hidden (0.609867ms)
✔ zero time never advances reload or the battle (2.21548ms)
✔ weapon enforces cadence, ammo, and reload transfer (1.653145ms)
✔ world blocks walls and permits open cells (0.783648ms)
✔ navigation chooses a walkable next tile around cover (0.473212ms)
✔ mission advances through checkpoint, combat, and radio (0.177156ms)
✔ shot geometry detects targets on aim line (0.284647ms)
✔ 3D matrix composition preserves translation and scale (0.326952ms)
✔ weapon exposes a stable reload animation timeline (0.148743ms)
✔ enemy selects cover instead of charging directly at player (1.712163ms)
✔ grenade bounces on walls, warns AI, and applies radial damage (5.858776ms)
✔ battle director activates reinforcement groups without replacing individual AI (0.514403ms)
✔ text-only OBJ assets load with meshes, normals, and MTL colors (11.048377ms)
✔ pointer lock entry and resume ignore cursor warps while later mouse movement works (1.257931ms)
✔ Ju 87 clones use native LODs, share art, sample the saved clock and preserve the existing raid path (10.174323ms)
✔ missing optional Ju 87 art keeps the silhouettes; partial failure uses available detail and disposal prevents attachment (9.053058ms)
✔ M01 GLBs keep nine spans, measured supports and map placement in every LOD (15.458827ms)
✔ M01 all LODs ship event-linked damage replacements with stable logical IDs (9.012116ms)
✔ M01 demolition IDs survive LOD changes and JSON restoration; colliders stay removed (34.977997ms)
✔ M01 road towers remain separate, measured and damage-linked in all LODs (3.906322ms)
✔ M01 binary exports contain finite positions and unit normals (119.939386ms)
✔ M01 manifest matches binary counts, current map hash and decreasing LOD budgets (12.516284ms)
✔ M01 historical uncertainty and modern geometry conflicts remain explicit (4.105311ms)
✔ all six GLBs have finite skin weights, valid joint indices, embedded textures and decreasing LOD budgets (102.491179ms)
✔ all twenty-five animation clips bind to real named bones, have monotonic times and finite transforms (25.628132ms)
✔ the original station drag loops on the existing rig with a locked source and finite transforms (7.350639ms)
✔ first-person geometry keeps actual GLB arm/hand surfaces and leaves the world uniform unchanged (44.665189ms)
✔ the actual reload rig keeps the open action, clip and hand in the first-person frustum on both usable LODs (104.262446ms)
✔ sampling real clock, changing LOD and restoring a copy preserves bone transforms and immutable data (5.443493ms)
✔ wounded attachment follows its carrier socket and detaches after delivery without changing simulation coordinates (5.347887ms)
✔ MakeHuman data licence is shipped exactly as locked at its source revision (0.894384ms)
✔ the station casualty remains grounded while the medic samples the backward drag and its fallback (3.965114ms)
✔ Kowal and healthy Bąk use their own meshes and muzzle sockets, preserve data and hide the casualty weapon (11.024156ms)
✔ riflemen finish the bolt after the flash; pinned engineers stop their working hands until the repair resumes (1.100744ms)
✔ schema 2 legacy 86 roster becomes 89 at the aligned post without changing old actors or RNG (13.656198ms)
✔ old 89-actor idle placement migrates once and snapshot restore is stable (13.66501ms)
✔ old 89-actor save immediately after east demolition keeps idle phase/start time while aligning the old post (8.157161ms)
✔ old 89-actor abandon placement shifts rigidly but preserves phase and startedAt exactly (4.75713ms)
✔ retreat saves are never translated, including an actor still on an old authored coordinate (10.123938ms)
✔ casualties stay casualties and post-west saves preserve their saved positions (6.882906ms)
✔ 86-actor saves after east or west demolition remain safe and do not restart abandon (6.287532ms)
✔ restore stays atomic when a legacy-position ckm save is invalid (3.364607ms)
✔ placement migration changes no non-ckm actor or unrelated saved state (4.198852ms)
✔ new ckm root puts gun_muzzle_flash on the mapped south embrasure x/z (0.766573ms)
✔ ckm crew is grounded below the deck, leaves after the real event and reaches safety before demolition (3512.453895ms)
✔ schema 2 accepts exact legacy rosters and migrates atomically without changing old actors or RNG (2971.776473ms)
✔ real ckm clips and weapon share saved time across pause, reload, casualties and optional fallback (32.066019ms)
✔ M01 ckm wz.30: metros, +Y, cano para −Z, 1,2 m ±2 %, hierarquia de pivôs e três LODs no orçamento (3.485229ms)
✔ M01 ckm wz.30: clips da arma animam os nós móveis; rajada de 8 a 600/min; alimentação puxa a ponta e arma duas vezes (3.53248ms)
✔ M01 ckm wz.30: clips ckm_wz30_* do atirador e do municiador ligam-se ao rig polaco, não repetem nomes e mostram uma só arma (32.968666ms)
✔ M01 ckm wz.30: LOD0 dentro dos 4000 triângulos sem mudar silhueta, pivôs, sockets, fita nem clips; LOD1, LOD2 e clips intactos (5.190502ms)
✔ the sappers walk to the second cut where the crate is delivered, so "leve a caixa aos sapadores" is true (3738.822508ms)
✔ Bąk takes the deck position with the 05:30 order and falls at bak_wound_point, in front of the player (782.014564ms)
✔ a direction hint names the destination, distance and side when the player does not approach it (60.827752ms)
✔ once the repair gate is ready the rest of seg_repair runs at readyScale; before that it keeps scale (1.453595ms)
✔ the full control route still reaches the debrief with every required objective after the fixes (0.429676ms)
✔ the withdrawing east platoon runs past the firing point during the corridor phase and does not stall at x = -109 (1902.425357ms)
✔ a Bąk delivered by the player stays visible beside Dudek, who carries him west before the west demolition (734.621115ms)
✔ when Dudek retrieves Bąk he walks to him on the deck and carries him to the station, visible all the way (798.841917ms)
✔ the roll call positions the present section in the shelter facing Jan; the absent stay away (804.721395ms)
✔ Kowal hands over at most six clips of section ammunition; saves keep the ammunition invariant (9.892855ms)
✔ legacy schema 2 saves receive the unused section supply and can resupply after loading (4.98547ms)
✔ the bridge trusses contain movement: no falling off a span sideways or into a blown gap; the river bank still can (2.33589ms)
✔ a Bąk delivered after the east demolition is still evacuated, so the west demolition is not held forever (769.852861ms)
✔ real control routes compare covering and ignoring: faster repair, fewer near misses and more survivors with support (6753.611975ms)
✔ repair suppression requires a round that really arrives within 3 m; a solid wall shields the sappers (218.630848ms)
✔ inactive or suppressed Germans on the spans cause no withdrawal losses; looking away does not stop combat (769.642216ms)
✔ casualty IDs and rounds in flight survive reload and checkpoint restore; invalid optional timers are rejected atomically (281.54024ms)
✔ legacy schema 2 saves migrate and the six reserve slots stay outside the eighteen-man platoon (62.987978ms)
✔ the air-raid cover instruction remains visible briefly even if the player was already in cover (7.407825ms)
✔ adjustment warning and HUD identify a real salvo; view direction changes the bearing without changing combat (1564.896443ms)
✔ a salvo from the dike behind the trusses identifies its actual origin, rather than the visible gate MG (1758.276978ms)
✔ an occluding wall prevents an adjustment warning and cover reservation, with a bounded retry (196.69979ms)
✔ saved origin restores as data, expires after eight active seconds, and invalid or legacy saves remain safe (51.360392ms)
✔ German fire starts on the east bank; only shooters in sight of the west bank (the Lisewo gates) aim at it (1034.427168ms)
✔ rounds that pass within 3 m pin the sappers and stop the repair; the HUD line is exactly the simulation state (746.886606ms)
✔ keeping the gate MG down shortens the repair; ignoring it lets the sappers be pinned again and again (6941.488664ms)
✔ covering fire on the Germans on the spans saves men; without it the platoon falls to the predicted minimum (0.436576ms)
✔ historical times, checkpoints and demolition safety are unchanged in both routes (0.207421ms)
✔ rounds in flight survive save and restore and play out identically; corrupt rounds are rejected (423.939045ms)
✔ after 120 s of continuous suppression the fire on the repair eases without warning until work resumes (750.539943ms)
✔ the withdrawal HUD line reports the real count by ID and whether the Germans on the spans are suppressed (1664.77372ms)
✔ allies under fire are drawn hunched (pinned pose) only while suppressedUntil lasts, without touching the actor (1.169588ms)
✔ a designated withdrawal casualty needs an actual actor hit; a wall, a miss or an already dead target cannot lower the count (4.447154ms)
✔ demolition bearing follows the actual impact and player view without changing the event or camera (3793.137287ms)
✔ demolition cue restores from data, expires on active time, and distinguishes the west blast (153.423365ms)
✔ foreground trunks obstruct walking and shots; restoring destruction reconstructs the same static obstacles (7.08025ms)
✔ M01 Ju 87 B-1: metres, nose to −Z, 11.10 × 13.80 m, stable nodes and three LODs within budget (2.185605ms)
✔ M01 Ju 87 B-1: propeller turns a full revolution about Z; dive brakes open 90° about their hinge (1.746905ms)
✔ M01 MG 34: metros, cano para −Z, 1,219 m ±2 %, peças móveis com pivô e três LODs no orçamento (2.932226ms)
✔ M01 MG 34: clips mg34_* ligam-se ao rig do soldado alemão e aos nós da arma; rajada de 7 a 800/min; recarga do tambor (7.187241ms)
✔ M01 MG 34 deitada: nomes novos, kit da MG 34 e soldados reutilizados sem alterações (hashes do manifesto) (16.504863ms)
✔ M01 MG 34 deitada: alvos do rig e da arma, valores finitos, quaternões unitários e durações (43.175762ms)
✔ M01 MG 34 deitada: rajada de 7 a 0,075 s, janela e cortes; bípode aberto/dobrado; recarga coordenada (1.844792ms)
✔ M01 MG 34 deitada: continuidade com mg34_aim do kit e entre clips deitados (75.751755ms)
✔ M01 MG 34 deitada: AnimationMixer do three.js — contactos, passagem do tambor e pausa/retoma no mesmo frame (66.814645ms)
✔ actual renderer samples enter, idle, burst and exit from simulation and matches its muzzle within 2 mm (121.365272ms)
✔ renderer save after 1 shots restores same frame and flash without replay or RNG draws (60.228538ms)
✔ renderer save after 4 shots restores same frame and flash without replay or RNG draws (50.1416ms)
✔ renderer save after 6 shots restores same frame and flash without replay or RNG draws (58.996818ms)
✔ missing prone GLB uses existing procedural batches without changing gameplay, hitboxes, save, RNG or real shots (84.392871ms)
✔ rendered death during enter has no residual prone frame, weapon, flash or loader (51.49905ms)
✔ rendered death during idle has no residual prone frame, weapon, flash or loader (44.428515ms)
✔ rendered death during fire_burst has no residual prone frame, weapon, flash or loader (49.088528ms)
✔ rendered death during exit has no residual prone frame, weapon, flash or loader (32.915294ms)
✔ actual muzzle effect after shot 1 has no extra flash in the .06/.075 gap or restore (7.791779ms)
✔ actual muzzle effect after shot 4 has no extra flash in the .06/.075 gap or restore (9.276149ms)
✔ actual muzzle effect after shot 6 has no extra flash in the .06/.075 gap or restore (18.748194ms)
✔ actual muzzle batches have no post-death flash during all four prone phases (3.749824ms)
✔ existing MG34 gunners enter for exactly 1.9 seconds; other actors have no new posture (9.977674ms)
✔ save and atomic restore preserve enter, idle, aim and exit and consume no RNG (43.945148ms)
✔ save after shot 1: resume without duplicate/lost rounds, events, frames or RNG (13.154869ms)
✔ save after shot 4: resume without duplicate/lost rounds, events, frames or RNG (8.614826ms)
✔ save after shot 6: resume without duplicate/lost rounds, events, frames or RNG (11.425539ms)
✔ 4, 5, 6 and 7 shots preserve the requested count and real .075 cadence (3.187921ms)
✔ pause leaves posture, progress, shot, pending burst, RNG and complete snapshot exactly stable (17.617304ms)
✔ ADVANCE exits prone, blocks firing, then remains standing (0.878039ms)
✔ RETREAT exits prone, blocks firing, then remains standing (0.830277ms)
✔ movement waits for exit; interrupted entry reverses its saved fractional progress (3.015691ms)
✔ suppression keeps the gunner low and cancels pending shots without cancelling those in flight (8.026452ms)
✔ death during enter immediately clears posture and future shots (3.423856ms)
✔ death during idle immediately clears posture and future shots (4.454695ms)
✔ death during fire_burst immediately clears posture and future shots (3.455703ms)
✔ death during exit immediately clears posture and future shots (4.255946ms)
✔ inactivity discards pending combat and never creates a loader association (1.661276ms)
✔ legacy missing prone data resumes safely with no marker; 86 roster/CKM migration stays unchanged (7.053759ms)
✔ invalid partial/impossible prone fields reject atomically without changing source or target (50.681291ms)
✔ movement and S3 station evacuation bodies remain byte-for-byte identical to the fixed base (6.829673ms)
✔ a nonlethal hit interrupts the remaining burst and stays low with a valid snapshot (2.660288ms)
✔ player fire observes the current transition progress within a real simulation tick (4.263007ms)
✔ save cannot remove or alter an emitted round still in flight (9.443522ms)
✔ OUTRO cancels pending rounds and blocks new MG bursts while preserving existing flight (1.132131ms)
✔ a target already reached never rewrites the state of a fixed prone burst (2.451473ms)
MG34 muzzle proof: 2496 comparisons, max=0.000038402 m, tolerance=0.002 m
✔ numeric muzzle proof against real attached soldier/weapon GLBs for all phases and four facings (141.33461ms)
✔ geometry table is derived reproducibly from the exact real GLBs, without a graphics or asset dependency in simulation (135.427804ms)
✔ head/torso/legs move along body axis facing=0 during prone and transitions (1.055597ms)
✔ head/torso/legs move along body axis facing=1.5707963267948966 during prone and transitions (0.394523ms)
✔ head/torso/legs move along body axis facing=3.141592653589793 during prone and transitions (0.921755ms)
✔ head/torso/legs move along body axis facing=-1.5707963267948966 during prone and transitions (0.201162ms)
✔ partial entry interruption reverses the actual enter clip continuously instead of jumping to an unrelated exit frame (1.027324ms)
✔ real rounds start at the rendered prone socket at each of seven scheduled shot instants (24.986429ms)
✔ pause keeps eye, hitboxes, muzzle and canonical clip frame exactly stable across all saved phases (1.846715ms)
✔ the real roll call seats only the present actors and keeps their positions and pose through save/reload (3683.182821ms)
✔ actual instance matrices lower seated/crouched heads, keep seated feet on the floor and render horizontal wounded/carried bodies without mutating data (17.925875ms)
✔ legacy actors without pose remain accepted and an unknown saved pose is rejected atomically (4.608767ms)
✔ distance removes face accessories while retaining the same head position, pose and immutable actor (2.731295ms)
✔ a shot shoulders the rifle, keeps both hands on it and attaches the flash to the barrel through yaw and recoil (1.63683ms)
✔ suppression lowers the upper body with feet planted and takes priority over a recent shot; seated, wounded and unarmed actors do not aim (2.119055ms)
✔ a real combat save reproduces the same animation matrices at the same clock after reload and walking lifts a foot without sinking either boot (461.707503ms)
✔ M01 rkm wz.28: metres, barrel to −Z, 1.11 m ±2 %, movable parts and three LODs within budget (1.928178ms)
✔ M01 rkm wz.28: clips bind to the soldier skeleton; burst fires 3 rounds; rifle clip hidden (4.066613ms)
✔ the pure collision JSON remains reproducible from the checked GLB translations (81.058767ms)
✔ debug diagnostics return copies; editing a returned gate or failure cannot change live state (7.674485ms)
✔ wz.29 requires a bolt cycle; an empty magazine uses a clip of five, preserving ammunition (4.333764ms)
✔ wz.29 partial loading commits one round at a time and can be interrupted; in-progress saves resume it (0.222965ms)
✔ M01 complete control route reaches debrief, all required objectives, unique events and all four actual checkpoints (3319.358591ms)
✔ every M01 checkpoint restores exact actors, ammunition, RNG, dialogue, destruction and real clocks after death (23.403999ms)
✔ damaged bridge pieces and German casualties survive LOD changes and checkpoint restoration (4.718612ms)
✔ overdue events use >=; delayed events wait active seconds; pause freezes both clocks and weapon work (12.387901ms)
✔ a late message never rewinds battle time and every aerial impact stays at least thirty metres away (1.546765ms)
✔ west demolition waits inside the safety zone, then releases once the player and allies have left (33.80341ms)
✔ boundary warning precedes failure and its eight second timer resets when the player returns (1.454316ms)
✔ metre-space hitboxes, actual cover and bridge joints support shots and continuous travel (0.968236ms)
✔ corrupt M01 state is rejected atomically before an active scene, grenade or missing timer can crash the game (17.541988ms)
✔ outro calls Nowicki twice as distinct beats and consumes completion once, including skip after partial playback (38.195683ms)
✔ optional Bąk rescue cannot be taken away mid-carry; delivery chooses the player continuity branch (2.793669ms)
✔ all five sectors keep their schedule and stable casualties for ninety seconds while the player looks away (403.931228ms)
✔ west hold timeout sends the sergeant to escort the player without demolition damage (720.022175ms)
✔ grenade blast starts at its real height; solid cover shields a nearby actor and inactive actors stay unharmed (1.665712ms)
✔ M01 soldiers: metres, −Z facing, 1.65–1.85 m and the full game skeleton in every LOD (6.816737ms)
✔ M01 soldiers: visible triangle budget, textures per LOD and togglable variants (5.503472ms)
✔ M01 soldiers: weapons keep documented length (wz.29 1.10, Kar98k ~1.11, wz.98a 1.25, rkm wz.28 1.11 m) with bolt and magazine bones (8.16986ms)
✔ M01 soldier animations bind by bone name and keep kb_wz29 timings (3.91155ms)
✔ the real station clips sample both roles from saved phase time, with pause, fresh renderer and LOD restore (1013.046647ms)
✔ the patient holds the actual final grab pose throughout the moving backward drag (252.207945ms)
✔ a missing or incomplete optional transition pair falls back together and leaves evacuation success to simulation (4161.75358ms)
✔ M01 arrasto da estação: ficheiros novos, rig e clips reutilizados sem alterações (SHA-256 do manifesto) (4.380305ms)
✔ M01 arrasto da estação: alvos dos 61 ossos, valores finitos, quaternões unitários, relógio e eventos dos pares (52.390188ms)
✔ M01 arrasto da estação: extremos iguais às poses reais, percurso inverso e raiz sem deslocação (230.291907ms)
✔ M01 arrasto da estação: AnimationMixer do three.js — contactos, paciente de costas, corpos e pausa/retoma (117.832111ms)
✔ the fictional station casualty starts in the yard and the clock triggers his injury only once (368.004615ms)
✔ the backward drag stays on the ground, completes outside the camera and returns Dudek to his post (590.792403ms)
✔ changing the player look never changes the station evacuation or its delivery (667.475141ms)
✔ a save during the drag restores the same actors, task and future positions with no scene objects (442.606863ms)
✔ death or removal of a participant detaches the casualty instead of leaving an invalid or moving carrier reference (1077.308618ms)
✔ legacy schema 2 saves with an already consumed station event do not replay an injury (240.65562ms)
✔ station care coexists with Bąk, all objectives, checkpoints and both historical demolitions on supported and ignored routes (5262.820505ms)
✔ grab and release last 1.6 mission seconds, hold both roots and deliver only after settling (265.002968ms)
✔ schema 2 restores every station phase and its future clocks, actors and RNG exactly (714.166593ms)
✔ all station phases interrupt on casualty/medic death, removal or reassignment without delivery (3327.50932ms)
✔ old schema 2 transit saves resume without a new grab and corrupt station phases are rejected atomically (226.893944ms)
✔ actual MG34 rig cuts 4/5/6/7-round bursts at their saved duration, keeps one weapon and samples pause/restore without mutation (180.669078ms)
✔ two existing MG sources share art and retain independent rigs within the light budget; LOD, suppression, casualties and missing kit fall back (113.501226ms)
✔ 65 actual wagon models use LOD2 instances at 9.10 m with source pivots and shared art; partial/full failures preserve the whole consist (9.182953ms)
✔ disposing while optional wagon downloads are pending never attaches models to the old scene (0.850629ms)
✔ M01 declares the mission contract fields of Prompt §74 (1.007534ms)
✔ M01 IDs are unique across the mission and every reference resolves (6.356455ms)
✔ M01 keeps the documented chronology on the battle clock (1.77001ms)
✔ M01 equips only gear available on 1 September 1939 and never the forbidden weapons (0.23296ms)
✔ M01 keeps the mandatory lines of the master script verbatim (0.163936ms)
✔ M01 labels history and space only with the agreed vocabularies (0.59842ms)
✔ M01 checkpoints accumulate state and never save inside a demolition zone (0.335955ms)
✔ M01 runs at least two independent battle sectors on the clock (0.37935ms)
✔ M01 map geometry matches the documented bridges of 1939 and the measured piers (2.536372ms)
✔ M01 debrief keeps unconfirmed paragraphs disabled until their checks pass (0.880213ms)
✔ M01 vagões danificados: o kit intacto não foi alterado (sha256 registados no manifesto) (2.669803ms)
✔ M01 vagões danificados: metros, 9,10 m no LOD0, rodas no carril, pivôs do intacto e três LODs no orçamento (22.841408ms)
✔ M01 vagões danificados: sockets iguais aos do intacto, mais impact só no danificado (1.768378ms)
✔ M01 vagões danificados: wheels_roll igual ao intacto; doors_open só na porta esquerda do coberto danificado (1.604161ms)
✔ M01 vagões danificados: restos só visuais no nó debris, alterações registadas e sem efeitos próprios (1.45703ms)
✔ M01 vagões: metros, 9,10 m entre tampões no LOD0, rodas no carril, nós estáveis e três LODs no orçamento (2.642952ms)
✔ M01 vagões: rodados dão uma volta por segundo em X; portas do coberto correm 1,95 m em Z (1.552924ms)
ℹ tests 224
ℹ suites 0
ℹ pass 224
ℹ fail 0
ℹ cancelled 0
ℹ skipped 0
ℹ todo 0
ℹ duration_ms 20343.109856
